 ConEmuTh.x64

 Timestamp is 5a102448 (Sat Nov 18 15:15:04 2017)

 Preferred load address is 0000000180000000

 Start         Length     Name                   Class
 0001:00000000 0001f2f0H .text$mn                CODE
 0001:0001f2f0 000000e0H .text$mn$00             CODE
 0001:0001f3d0 000004d0H .text$x                 CODE
 0002:00000000 00000660H .idata$5                DATA
 0002:00000660 00000020H .00cfg                  DATA
 0002:00000680 00000008H .CRT$XCA                DATA
 0002:00000688 00000008H .CRT$XCZ                DATA
 0002:00000690 00000008H .CRT$XIA                DATA
 0002:00000698 00000018H .CRT$XIC                DATA
 0002:000006b0 00000008H .CRT$XIZ                DATA
 0002:000006b8 00000008H .CRT$XPA                DATA
 0002:000006c0 00000010H .CRT$XPX                DATA
 0002:000006d0 00000008H .CRT$XPXA               DATA
 0002:000006d8 00000008H .CRT$XPZ                DATA
 0002:000006e0 00000008H .CRT$XTA                DATA
 0002:000006e8 00000008H .CRT$XTZ                DATA
 0002:000006f0 00000000H .gfids$x                DATA
 0002:000006f0 00000000H .gfids$y                DATA
 0002:000006f0 00008a98H .rdata                  DATA
 0002:00009188 0000035cH .rdata$r                DATA
 0002:000094e4 0000032cH .rdata$zzzdbg           DATA
 0002:00009810 00000008H .rtc$IAA                DATA
 0002:00009818 00000008H .rtc$IZZ                DATA
 0002:00009820 00000008H .rtc$TAA                DATA
 0002:00009828 00000008H .rtc$TZZ                DATA
 0002:00009830 00001838H .xdata                  DATA
 0002:0000b068 00000088H .xdata$x                DATA
 0002:0000b0f0 0000016cH .edata                  DATA
 0002:0000b25c 0000008cH .idata$2                DATA
 0002:0000b2e8 00000018H .idata$3                DATA
 0002:0000b300 00000660H .idata$4                DATA
 0002:0000b960 00000e06H .idata$6                DATA
 0003:00000000 000009b0H .data                   DATA
 0003:000009b0 00000180H .data$r                 DATA
 0003:00000b30 0002b0d0H .bss                    DATA
 0004:00000000 00001ba8H .pdata                  DATA
 0005:00000000 00000130H .rsrc$01                DATA
 0005:00000130 00001558H .rsrc$02                DATA

  Address         Publics by Value              Rva+Base               Lib:Object

 0000:00000000       __dynamic_value_reloc_table 0000000000000000     <absolute>
 0000:00000000       __guard_iat_count          0000000000000000     <absolute>
 0000:00000000       __hybrid_code_map          0000000000000000     <absolute>
 0000:00000000       __hybrid_code_map_count    0000000000000000     <absolute>
 0000:00000000       __guard_iat_table          0000000000000000     <absolute>
 0000:00000000       __hybrid_auxiliary_iat     0000000000000000     <absolute>
 0000:00000000       __guard_longjmp_table      0000000000000000     <absolute>
 0000:00000000       __guard_longjmp_count      0000000000000000     <absolute>
 0000:00000000       __guard_fids_count         0000000000000000     <absolute>
 0000:00000000       __enclave_config           0000000000000000     <absolute>
 0000:00000000       ___safe_se_handler_table   0000000000000000     <absolute>
 0000:00000000       ___safe_se_handler_count   0000000000000000     <absolute>
 0000:00000000       __guard_fids_table         0000000000000000     <absolute>
 0000:00000100       __guard_flags              0000000000000100     <absolute>
 0000:00000000       __ImageBase                0000000180000000     <linker-defined>
 0001:00000000       ExitFARW                   0000000180001000 f   ConEmuTh.obj
 0001:00000000       ?ExitFARW3@@YAXPEAX@Z      0000000180001000 f   ConEmuTh.obj
 0001:00000038       ProcessSynchroEventW       0000000180001038 f   ConEmuTh.obj
 0001:00000040       ??1?$MFileMapping@UPanelViewSetMapping@@@@QEAA@XZ 0000000180001040 f i ConEmuTh.obj
 0001:00000094       ??_G?$MFileMapping@Utag_DetectedDialog@@@@QEAAPEAXI@Z 0000000180001094 f i ConEmuTh.obj
 0001:0000026c       ?CheckConEmu@@YAHH@Z       000000018000126c f   ConEmuTh.obj
 0001:00000374       ?CheckPanelSettings@@YAHH@Z 0000000180001374 f   ConEmuTh.obj
 0001:000003ac       ?CheckVarsInitialized@@YAXXZ 00000001800013ac f   ConEmuTh.obj
 0001:000004fc       ?CheckWindows@@YA_NXZ      00000001800014fc f   ConEmuTh.obj
 0001:0000059c       ?EntryPoint@@YAXH_J_N@Z    000000018000159c f   ConEmuTh.obj
 0001:00000754       ?ExecuteInMainThread@@YAXPEAUConEmuThSynchroArg@@@Z 0000000180001754 f   ConEmuTh.obj
 0001:000007d8       ?ExitPlugin@@YAXXZ         00000001800017d8 f   ConEmuTh.obj
 0001:00000910       ?FreeItem@CePluginPanelItem@@QEAAXXZ 0000000180001910 f   ConEmuTh.obj
 0001:00000940       ?FreeUserData@CePluginPanelItem@@QEAAXXZ 0000000180001940 f   ConEmuTh.obj
 0001:00000994       ?GetActivePanel@@YAPEAUCeFullPanelInfo@@XZ 0000000180001994 f   ConEmuTh.obj
 0001:000009d8       ?GetFarRect@@YAHPEAU_SMALL_RECT@@@Z 00000001800019d8 f   ConEmuTh.obj
 0001:00000a48       ?GetFocusedThumbnails@@YAPEAUCeFullPanelInfo@@XZ 0000000180001a48 f   ConEmuTh.obj
 0001:00000aa4       ?GetMainThreadId@@YAKXZ    0000000180001aa4 f   ConEmuTh.obj
 0001:00000b58       ?GetMsgW@@YAPEB_WH@Z       0000000180001b58 f   ConEmuTh.obj
 0001:00000b94       ?GetPluginInfoWcmn@@YAXPEAX@Z 0000000180001b94 f   ConEmuTh.obj
 0001:00000bb8       ?InitName@?$MFileMapping@UPanelViewSetMapping@@@@QEAAPEB_WPEB_WKK@Z 0000000180001bb8 f i ConEmuTh.obj
 0001:00000bb8       ?InitName@?$MFileMapping@Utag_DetectedDialog@@@@QEAAPEB_WPEB_WKK@Z 0000000180001bb8 f i ConEmuTh.obj
 0001:00000c50       ?InternalOpenCreate@?$MFileMapping@UPanelViewSetMapping@@@@IEAAPEAUPanelViewSetMapping@@HHH@Z 0000000180001c50 f i ConEmuTh.obj
 0001:00000e00       ?InternalOpenCreate@?$MFileMapping@Utag_DetectedDialog@@@@IEAAPEAUtag_DetectedDialog@@HHH@Z 0000000180001e00 f i ConEmuTh.obj
 0001:00000fb0       ?IsThumbnailsActive@@YAPEAUCeFullPanelInfo@@H@Z 0000000180001fb0 f   ConEmuTh.obj
 0001:000011bc       ?LoadFarVersion@@YAHXZ     00000001800021bc f   ConEmuTh.obj
 0001:00001564       ?LoadPanelItemInfo@@YAXPEAUCeFullPanelInfo@@_J@Z 0000000180002564 f   ConEmuTh.obj
 0001:0000159c       ?LoadThSet@@YAHK@Z         000000018000259c f   ConEmuTh.obj
 0001:000017d8       ?OnPostPeekConsole@@YAHPEAXPEAU_INPUT_RECORD@@KPEAKPEAH@Z 00000001800027d8 f   ConEmuTh.obj
 0001:00001818       ?OnPostReadConsole@@YAHPEAXPEAU_INPUT_RECORD@@KPEAKPEAH@Z 0000000180002818 f   ConEmuTh.obj
 0001:0000185c       ?OnPrePeekConsole@@YAHPEAXPEAU_INPUT_RECORD@@KPEAKPEAH@Z 000000018000285c f   ConEmuTh.obj
 0001:00001920       ?OnPreReadConsole@@YAHPEAXPEAU_INPUT_RECORD@@KPEAKPEAH@Z 0000000180002920 f   ConEmuTh.obj
 0001:0000193c       ?OnPreWriteConsoleOutput@@YAHPEAXPEBU_CHAR_INFO@@U_COORD@@2PEAU_SMALL_RECT@@@Z 000000018000293c f   ConEmuTh.obj
 0001:00001abc       ?OnReadyForPanelsReload@@YAXXZ 0000000180002abc f   ConEmuTh.obj
 0001:00001c28       ?OpenPluginWcmn@@YAPEAXH_J_N@Z 0000000180002c28 f   ConEmuTh.obj
 0001:00001c94       ?OpenW@@YAPEAXPEBUOpenInfo@@@Z 0000000180002c94 f   ConEmuTh.obj
 0001:00001cc4       ?PostMacro@@YAXPEA_W@Z     0000000180002cc4 f   ConEmuTh.obj
 0001:00001e74       ?ProcessConsoleInput@@YAHHPEAU_INPUT_RECORD@@KPEAK@Z 0000000180002e74 f   ConEmuTh.obj
 0001:00002198       ?ProcessSynchroEventCommon@@YAHHPEAX@Z 0000000180003198 f   ConEmuTh.obj
 0001:00002304       ?ReloadPanelsInfo@@YAXXZ   0000000180003304 f   ConEmuTh.obj
 0001:000024b0       ?ReloadResourcesW@@YAXXZ   00000001800034b0 f   ConEmuTh.obj
 0001:0000254c       ?ResetUngetBuffer@@YAXXZ   000000018000354c f   ConEmuTh.obj
 0001:0000255c       ?SavePanelViewState@@YAXHK@Z 000000018000355c f   ConEmuTh.obj
 0001:000025a4       ?SettingsLoad@@YAHPEB_WPEAK@Z 00000001800035a4 f   ConEmuTh.obj
 0001:000025dc       ?SettingsLoadOther@@YAXPEB_W@Z 00000001800035dc f   ConEmuTh.obj
 0001:00002754       ?SettingsLoadReg@@YAHPEB_W0PEAK@Z 0000000180003754 f   ConEmuTh.obj
 0001:000027f4       ?SettingsSave@@YAXPEB_WPEAK@Z 00000001800037f4 f   ConEmuTh.obj
 0001:0000282c       ?SettingsSaveReg@@YAXPEB_W0PEAK@Z 000000018000382c f   ConEmuTh.obj
 0001:000028b4       ?ShowLastError@@YAHXZ      00000001800038b4 f   ConEmuTh.obj
 0001:0000294c       ?ShowMessage@@YAHHH@Z      000000018000394c f   ConEmuTh.obj
 0001:00002984       ?ShowPluginMenu@@YAHXZ     0000000180003984 f   ConEmuTh.obj
 0001:000029bc       ?StartPlugin@@YAXH@Z       00000001800039bc f   ConEmuTh.obj
 0001:00002b2c       ?StringCchCatW@@YAJPEA_W_KPEB_W@Z 0000000180003b2c f i ConEmuTh.obj
 0001:00002bfc       ?StringCchCopyW@@YAJPEA_W_KPEB_W@Z 0000000180003bfc f i ConEmuTh.obj
 0001:00002c74       ?UpdateEnvVar@@YAXH@Z      0000000180003c74 f   ConEmuTh.obj
 0001:00002ca4       ?isPreloadByDefault@@YA_NXZ 0000000180003ca4 f   ConEmuTh.obj
 0001:00002ccc       DllMain                    0000000180003ccc f   ConEmuTh.obj
 0001:00002d98       GetMinFarVersionW          0000000180003d98 f   ConEmuTh.obj
 0001:00002da0       SetStartupInfoW            0000000180003da0 f   ConEmuTh.obj
 0001:00002e00       ?CheckFarPanelsW1900@@YA_NXZ 0000000180003e00 f   ConEmuTh1900.obj
 0001:00002e78       ?CheckPanelSettingsW1900@@YAHH@Z 0000000180003e78 f   ConEmuTh1900.obj
 0001:00002f40       ?Color2BgIndex@Far3Color@@SAXKHAEAGPEBK@Z 0000000180003f40 f i ConEmuTh1900.obj
 0001:00003044       ?Color2FgIndex@Far3Color@@SAXKAEAGPEBK@Z 0000000180004044 f i ConEmuTh1900.obj
 0001:00003124       ?ExecuteInMainThreadW1900@@YAXPEAUConEmuThSynchroArg@@@Z 0000000180004124 f   ConEmuTh1900.obj
 0001:00003150       ?ExitFARW1900@@YAXXZ       0000000180004150 f   ConEmuTh1900.obj
 0001:000031a8       ?FarColor_3_2@@YAEAEBUFarColor@@@Z 00000001800041a8 f i ConEmuTh1900.obj
 0001:00003254       ?GetFarRectW1900@@YAXPEAU_SMALL_RECT@@@Z 0000000180004254 f   ConEmuTh1900.obj
 0001:000032e8       ?GetMsgW1900@@YAPEB_WH@Z   00000001800042e8 f   ConEmuTh1900.obj
 0001:00003314       ?GetPluginInfoW1900@@YAXPEAX@Z 0000000180004314 f   ConEmuTh1900.obj
 0001:000034d0       ?LoadPanelInfoW1900@@YAHH@Z 00000001800044d0 f   ConEmuTh1900.obj
 0001:00003998       ?LoadPanelItemInfoW1900@@YAXPEAUCeFullPanelInfo@@_J@Z 0000000180004998 f   ConEmuTh1900.obj
 0001:00003be0       ?OpenW1900@@YAPEAXPEBX@Z   0000000180004be0 f   ConEmuTh1900.obj
 0001:00003c40       ?PostMacroW1900@@YAXPEA_W@Z 0000000180004c40 f   ConEmuTh1900.obj
 0001:00003cdc       ?ReloadPanelsInfoW1900@@YAXXZ 0000000180004cdc f   ConEmuTh1900.obj
 0001:00003d00       ?SetCurrentPanelItemW1900@@YAXH_J0@Z 0000000180004d00 f   ConEmuTh1900.obj
 0001:00003e30       ?SetStartupInfoW1900@@YAXPEAX@Z 0000000180004e30 f   ConEmuTh1900.obj
 0001:00003f94       ?SettingsLoadW1900@@YAHPEB_WPEAK@Z 0000000180004f94 f   ConEmuTh1900.obj
 0001:00004078       ?SettingsSaveW1900@@YAXPEB_WPEAK@Z 0000000180005078 f   ConEmuTh1900.obj
 0001:00004164       ?ShowMessageW1900@@YAHHH@Z 0000000180005164 f   ConEmuTh1900.obj
 0001:000041ac       ?ShowMessageW1900@@YAHPEB_WH@Z 00000001800051ac f   ConEmuTh1900.obj
 0001:00004230       ?ShowPluginMenuW1900@@YAHXZ 0000000180005230 f   ConEmuTh1900.obj
 0001:00004444       ?CheckFarPanelsW2800@@YA_NXZ 0000000180005444 f   ConEmuTh2800.obj
 0001:000044d4       ?CheckPanelSettingsW2800@@YAHH@Z 00000001800054d4 f   ConEmuTh2800.obj
 0001:000045a0       ?ExecuteInMainThreadW2800@@YAXPEAUConEmuThSynchroArg@@@Z 00000001800055a0 f   ConEmuTh2800.obj
 0001:000045cc       ?ExitFARW2800@@YAXXZ       00000001800055cc f   ConEmuTh2800.obj
 0001:00004624       ?FreePanelItemUserData2800@@YAXPEAX_KP6A_JXZ@Z 0000000180005624 f   ConEmuTh2800.obj
 0001:00004658       ?GetFarRectW2800@@YAXPEAU_SMALL_RECT@@@Z 0000000180005658 f   ConEmuTh2800.obj
 0001:000046f4       ?GetMsgW2800@@YAPEB_WH@Z   00000001800056f4 f   ConEmuTh2800.obj
 0001:00004720       ?GetPluginInfoW2800@@YAXPEAX@Z 0000000180005720 f   ConEmuTh2800.obj
 0001:000048dc       ?LoadPanelInfoW2800@@YAHH@Z 00000001800058dc f   ConEmuTh2800.obj
 0001:00004da4       ?LoadPanelItemInfoW2800@@YAXPEAUCeFullPanelInfo@@_J@Z 0000000180005da4 f   ConEmuTh2800.obj
 0001:00005028       ?OpenW2800@@YAPEAXPEBX@Z   0000000180006028 f   ConEmuTh2800.obj
 0001:000050e8       ?PostMacroW2800@@YAXPEA_W@Z 00000001800060e8 f   ConEmuTh2800.obj
 0001:00005188       ?ProcessSynchroEventW3@@YA_JPEAX@Z 0000000180006188 f   ConEmuTh2800.obj
 0001:000051a0       ?ReloadPanelsInfoW2800@@YAXXZ 00000001800061a0 f   ConEmuTh2800.obj
 0001:000051c4       ?SetCurrentPanelItemW2800@@YAXH_J0@Z 00000001800061c4 f   ConEmuTh2800.obj
 0001:00005320       ?SetCurrentPanelItemW2800Int@@YAXH_J0@Z 0000000180006320 f   ConEmuTh2800.obj
 0001:00005454       ?SetStartupInfoW2800@@YAXPEAX@Z 0000000180006454 f   ConEmuTh2800.obj
 0001:000055b8       ?SettingsLoadW2800@@YAHPEB_WPEAK@Z 00000001800065b8 f   ConEmuTh2800.obj
 0001:000056ac       ?SettingsSaveW2800@@YAXPEB_WPEAK@Z 00000001800066ac f   ConEmuTh2800.obj
 0001:000057a0       ?ShowMessageW2800@@YAHHH@Z 00000001800067a0 f   ConEmuTh2800.obj
 0001:000057ec       ?ShowMessageW2800@@YAHPEB_WH@Z 00000001800067ec f   ConEmuTh2800.obj
 0001:00005874       ?ShowPluginMenuW2800@@YAHXZ 0000000180006874 f   ConEmuTh2800.obj
 0001:00005a98       GetGlobalInfoW             0000000180006a98 f   ConEmuTh2800.obj
 0001:00005b2c       ?CheckFarPanelsW995@@YA_NXZ 0000000180006b2c f   ConEmuTh995.obj
 0001:00005ba4       ?CheckPanelSettingsW995@@YAHH@Z 0000000180006ba4 f   ConEmuTh995.obj
 0001:00005c3c       ?ExecuteInMainThreadW995@@YAXPEAUConEmuThSynchroArg@@@Z 0000000180006c3c f   ConEmuTh995.obj
 0001:00005c64       ?ExitFARW995@@YAXXZ        0000000180006c64 f   ConEmuTh995.obj
 0001:00005ce0       ?GetFarRectW995@@YAXPEAU_SMALL_RECT@@@Z 0000000180006ce0 f   ConEmuTh995.obj
 0001:00005d20       ?GetMsgW995@@YAPEB_WH@Z    0000000180006d20 f   ConEmuTh995.obj
 0001:00005d48       ?GetPluginInfoW995@@YAXPEAX@Z 0000000180006d48 f   ConEmuTh995.obj
 0001:00005e1c       ?LoadPanelInfo995@@YAHH@Z  0000000180006e1c f   ConEmuTh995.obj
 0001:00006170       ?LoadPanelItemInfoW995@@YAXPEAUCeFullPanelInfo@@_J@Z 0000000180007170 f   ConEmuTh995.obj
 0001:00006310       ?PostMacroW995@@YAXPEA_W@Z 0000000180007310 f   ConEmuTh995.obj
 0001:00006390       ?ReloadPanelsInfoW995@@YAXXZ 0000000180007390 f   ConEmuTh995.obj
 0001:000063b4       ?SetCurrentPanelItemW995@@YAXH_J0@Z 00000001800073b4 f   ConEmuTh995.obj
 0001:000064dc       ?SetStartupInfoW995@@YAXPEAX@Z 00000001800074dc f   ConEmuTh995.obj
 0001:000066b0       ?SettingsLoadOtherW995@@YAXXZ 00000001800076b0 f   ConEmuTh995.obj
 0001:000066bc       ?SettingsLoadW995@@YAHPEB_WPEAK@Z 00000001800076bc f   ConEmuTh995.obj
 0001:000066d0       ?SettingsSaveW995@@YAXPEB_WPEAK@Z 00000001800076d0 f   ConEmuTh995.obj
 0001:000066e4       ?ShowMessageW995@@YAHHH@Z  00000001800076e4 f   ConEmuTh995.obj
 0001:00006728       ?ShowMessageW995@@YAHPEB_WH@Z 0000000180007728 f   ConEmuTh995.obj
 0001:00006768       ?ShowPluginMenuW995@@YAHXZ 0000000180007768 f   ConEmuTh995.obj
 0001:00006914       OpenPluginW                0000000180007914 f   ConEmuTh995.obj
 0001:00006934       ?CheckFarPanelsA@@YA_NXZ   0000000180007934 f   ConEmuThA.obj
 0001:000069c0       ?CheckPanelSettingsA@@YAHH@Z 00000001800079c0 f   ConEmuThA.obj
 0001:00006a70       ?GetMsgA@@YAPEB_WHPEA_W@Z  0000000180007a70 f   ConEmuThA.obj
 0001:00006b6c       ?LoadPanelInfoA@@YAHH@Z    0000000180007b6c f   ConEmuThA.obj
 0001:00006f58       ?PostMacroA@@YAXPEAD@Z     0000000180007f58 f   ConEmuThA.obj
 0001:00006fd4       ?ReloadPanelsInfoA@@YAXXZ  0000000180007fd4 f   ConEmuThA.obj
 0001:00006ff8       ?ReloadResourcesA@@YAXXZ   0000000180007ff8 f   ConEmuThA.obj
 0001:000070d4       ?SetCurrentPanelItemA@@YAXH_J0@Z 00000001800080d4 f   ConEmuThA.obj
 0001:00007204       ?SettingsLoadA@@YAHPEB_WPEAK@Z 0000000180008204 f   ConEmuThA.obj
 0001:00007218       ?SettingsLoadOtherA@@YAXXZ 0000000180008218 f   ConEmuThA.obj
 0001:00007224       ?SettingsSaveA@@YAXPEB_WPEAK@Z 0000000180008224 f   ConEmuThA.obj
 0001:00007238       ?ShowMessageA@@YAHHH@Z     0000000180008238 f   ConEmuThA.obj
 0001:00007288       ?ShowMessageA@@YAHPEBDH@Z  0000000180008288 f   ConEmuThA.obj
 0001:000072cc       ?ShowPluginMenuA@@YAHXZ    00000001800082cc f   ConEmuThA.obj
 0001:000074c4       ExitFAR                    00000001800084c4 f   ConEmuThA.obj
 0001:00007544       GetMinFarVersion           0000000180008544 f   ConEmuThA.obj
 0001:00007574       GetPluginInfo              0000000180008574 f   ConEmuThA.obj
 0001:000075f4       OpenPlugin                 00000001800085f4 f   ConEmuThA.obj
 0001:00007630       SetStartupInfo             0000000180008630 f   ConEmuThA.obj
 0001:00007828       ?BisItem2CeItem@CeFullPanelInfo@@QEAAH_JH_KKKHH@Z 0000000180008828 f   Display.obj
 0001:000078c8       ?CalcTopPanelItem@CeFullPanelInfo@@QEAA_J_J0@Z 00000001800088c8 f   Display.obj
 0001:000079b0       ?Close@CeFullPanelInfo@@QEAAXXZ 00000001800089b0 f   Display.obj
 0001:000079f4       ?CreateView@CeFullPanelInfo@@QEAAPEAUHWND__@@XZ 00000001800089f4 f   Display.obj
 0001:00007da0       ?DisplayReloadPanel@CeFullPanelInfo@@QEAAXXZ 0000000180008da0 f   Display.obj
 0001:00007ddc       ?DisplayThread@CeFullPanelInfo@@SAKPEAX@Z 0000000180008ddc f   Display.obj
 0001:00007efc       ?DisplayWndProc@CeFullPanelInfo@@SA_JPEAUHWND__@@I_K_J@Z 0000000180008efc f   Display.obj
 0001:0000844c       ?DrawItemText@CeFullPanelInfo@@QEAAHPEAUHDC__@@PEAUtagRECT@@1PEAUCePluginPanelItem@@PEB_WPEAUHBRUSH__@@H@Z 000000018000944c f   Display.obj
 0001:00008a50       ?FarItem2CeItem@CeFullPanelInfo@@QEAAH_JPEB_W1KU_FILETIME@@_KHPEAX3P6A_JXZ3K@Z 0000000180009a50 f   Display.obj
 0001:00008dc8       ?FinalRelease@CeFullPanelInfo@@QEAAXXZ 0000000180009dc8 f   Display.obj
 0001:00008f10       ?GetConCoordFromIndex@CeFullPanelInfo@@QEAAH_JAEAU_COORD@@@Z 0000000180009f10 f   Display.obj
 0001:00008fc4       ?GetIndexFromWndCoord@CeFullPanelInfo@@QEAAHHHAEA_J@Z 0000000180009fc4 f   Display.obj
 0001:0000905c       ?GetItemColors@CeFullPanelInfo@@QEAAPEAUHBRUSH__@@_JPEAUCePluginPanelItem@@PEAUCePluginPanelItemColor@@HAEAK3@Z 000000018000a05c f   Display.obj
 0001:000090c4       ?Invalidate@CeFullPanelInfo@@QEAAXXZ 000000018000a0c4 f   Display.obj
 0001:00009118       ?InvalidateAll@CeFullPanelInfo@@SAXXZ 000000018000a118 f   Display.obj
 0001:00009168       ?LoadItemColors@CeFullPanelInfo@@QEAAX_JPEAUCePluginPanelItem@@PEAUCePluginPanelItemColor@@HH@Z 000000018000a168 f   Display.obj
 0001:000093d8       ?OnSettingsChanged@CeFullPanelInfo@@QEAAHH@Z 000000018000a3d8 f   Display.obj
 0001:0000950c       ?Paint@CeFullPanelInfo@@QEAAXPEAUHWND__@@AEAUtagPAINTSTRUCT@@AEAUtagRECT@@@Z 000000018000a50c f   Display.obj
 0001:00009e44       ?PaintItem@CeFullPanelInfo@@QEAAHPEAUHDC__@@_JHHPEAUCePluginPanelItem@@PEAUCePluginPanelItemColor@@HHPEAUHBRUSH__@@4K@Z 000000018000ae44 f   Display.obj
 0001:0000a368       ?ReallocItems@CeFullPanelInfo@@QEAAH_J@Z 000000018000b368 f   Display.obj
 0001:0000a518       ?RegisterPanelView@CeFullPanelInfo@@QEAAHXZ 000000018000b518 f   Display.obj
 0001:0000a7f8       ?RequestSetPos@CeFullPanelInfo@@QEAAX_J0H@Z 000000018000b7f8 f   Display.obj
 0001:0000a8dc       ?UnregisterPanelView@CeFullPanelInfo@@QEAAH_N@Z 000000018000b8dc f   Display.obj
 0001:0000aa18       ??$SafeDelete@UMSectionSimple@@@@YAXAEAPEAUMSectionSimple@@@Z 000000018000ba18 f i ImgCache.obj
 0001:0000aa6c       ??0?$CQueueProcessor@PEAUIMAGE_CACHE_INFO@@@@QEAA@XZ 000000018000ba6c f i ImgCache.obj
 0001:0000aaf0       ??0CImgCache@@QEAA@PEAUHINSTANCE__@@@Z 000000018000baf0 f   ImgCache.obj
 0001:0000ac2c       ??1?$CQueueProcessor@PEAUIMAGE_CACHE_INFO@@@@UEAA@XZ 000000018000bc2c f i ImgCache.obj
 0001:0000acf4       ??1CImgCache@@QEAA@XZ      000000018000bcf4 f   ImgCache.obj
 0001:0000adbc       ??_ECImgLoader@@UEAAPEAXI@Z 000000018000bdbc f i ImgCache.obj
 0001:0000adbc       ??_E?$CQueueProcessor@PEAUIMAGE_CACHE_INFO@@@@UEAAPEAXI@Z 000000018000bdbc f i ImgCache.obj
 0001:0000adbc       ??_GCImgLoader@@UEAAPEAXI@Z 000000018000bdbc f i ImgCache.obj
 0001:0000adbc       ??_G?$CQueueProcessor@PEAUIMAGE_CACHE_INFO@@@@UEAAPEAXI@Z 000000018000bdbc f i ImgCache.obj
 0001:0000adf0       ?CheckDrawDibCreated@CImgCache@@IEAAHXZ 000000018000bdf0 f   ImgCache.obj
 0001:0000af60       __acrt_uninitialize_command_line 000000018000bf60 f i libucrt:argv_data.obj
 0001:0000af60       ?Filter@?$MToolHelp@UtagPROCESSENTRY32W@@$1?Process32FirstW@@YAHPEAXPEAU1@@Z$1?Process32NextW@@YAH01@Z@@MEAA_NPEAUtagPROCESSENTRY32W@@@Z 000000018000bf60 f i common-kernel64:MProcess.obj
 0001:0000af60       ?CheckHighPriority@?$CQueueProcessor@PEAUIMAGE_CACHE_INFO@@@@MEAA_NAEBQEAUIMAGE_CACHE_INFO@@@Z 000000018000bf60 f i ImgCache.obj
 0001:0000af60       ?CheckHighPriority@CImgLoader@@UEAA_NAEAPEBUIMAGE_CACHE_INFO@@@Z 000000018000bf60 f i ImgCache.obj
 0001:0000af64       ?CheckLoadDibCreated@CImgCache@@IEAAHXZ 000000018000bf64 f   ImgCache.obj
 0001:0000b0d4       ?CheckThread@?$CQueueProcessor@PEAUIMAGE_CACHE_INFO@@@@IEAAJXZ 000000018000c0d4 f i ImgCache.obj
 0001:0000b194       ?ClearQueue@?$CQueueProcessor@PEAUIMAGE_CACHE_INFO@@@@AEAAXXZ 000000018000c194 f i ImgCache.obj
 0001:0000b230       ?CopyBits@CImgCache@@IEAAXU_COORD@@PEAEK01@Z 000000018000c230 f   ImgCache.obj
 0001:0000b2bc       ?CopyItem@?$CQueueProcessor@PEAUIMAGE_CACHE_INFO@@@@MEAAXPEBQEAUIMAGE_CACHE_INFO@@PEAPEAU2@@Z 000000018000c2bc f i ImgCache.obj
 0001:0000b2dc       ?FindInCache@CImgCache@@IEAAHPEAUCePluginPanelItem@@PEAHI@Z 000000018000c2dc f   ImgCache.obj
 0001:0000b4fc       ?FindOrCreate@?$CQueueProcessor@PEAUIMAGE_CACHE_INFO@@@@AEAAPEAUProcessingItem@1@AEBQEAUIMAGE_CACHE_INFO@@_J_NW4ProcessingPriority@@@Z 000000018000c4fc f i ImgCache.obj
 0001:0000b750       ?FreeModules@CImgCache@@IEAAXXZ 000000018000c750 f   ImgCache.obj
 0001:0000b7bc       ?Init@CImgCache@@QEAAXK@Z  000000018000c7bc f   ImgCache.obj
 0001:0000b81c       ?InitializeQueue@?$CQueueProcessor@PEAUIMAGE_CACHE_INFO@@@@AEAAXH@Z 000000018000c81c f i ImgCache.obj
 0001:0000b8e8       ?IsEqual@?$CQueueProcessor@PEAUIMAGE_CACHE_INFO@@@@MEAA_NAEBQEAUIMAGE_CACHE_INFO@@_J01@Z 000000018000c8e8 f i ImgCache.obj
 0001:0000b904       ?IsEqual@CImgLoader@@UEAA_NAEAPEBUIMAGE_CACHE_INFO@@_JAEAPEAU2@1@Z 000000018000c904 f i ImgCache.obj
 0001:0000b91c       ?IsStopRequested@?$CQueueProcessor@PEAUIMAGE_CACHE_INFO@@@@UEAA_NAEBQEAUIMAGE_CACHE_INFO@@@Z 000000018000c91c f i ImgCache.obj
 0001:0000b92c       ?IsTerminationRequested@CImgLoader@@UEAA_NXZ 000000018000c92c f i ImgCache.obj
 0001:0000b92c       ?IsTerminationRequested@?$CQueueProcessor@PEAUIMAGE_CACHE_INFO@@@@MEAA_NXZ 000000018000c92c f i ImgCache.obj
 0001:0000b930       ?LoadModules@CImgCache@@IEAAXXZ 000000018000c930 f   ImgCache.obj
 0001:0000bb98       ?LoadShellIcon@CImgCache@@QEAAHPEAUIMAGE_CACHE_INFO@@H@Z 000000018000cb98 f   ImgCache.obj
 0001:0000bedc       ?LoadThumbnail@CImgCache@@QEAAHPEAUIMAGE_CACHE_INFO@@@Z 000000018000cedc f   ImgCache.obj
 0001:0000c458       ?OnThreadStarted@?$CQueueProcessor@PEAUIMAGE_CACHE_INFO@@@@MEAAJXZ 000000018000d458 f i ImgCache.obj
 0001:0000c45c       ?OnThreadStarted@CImgLoader@@UEAAJXZ 000000018000d45c f i ImgCache.obj
 0001:0000c470       ?OnThreadStopped@CImgLoader@@UEAAXXZ 000000018000d470 f i ImgCache.obj
 0001:0000c478       ?PaintItem@CImgCache@@QEAAHPEAUHDC__@@HHHPEAUCePluginPanelItem@@PEAPEB_WPEAH@Z 000000018000d478 f   ImgCache.obj
 0001:0000c9a0       ?ProcessItem@?$CQueueProcessor@PEAUIMAGE_CACHE_INFO@@@@IEAAJPEAUProcessingItem@1@@Z 000000018000d9a0 f i ImgCache.obj
 0001:0000c9cc       ?ProcessItem@?$CQueueProcessor@PEAUIMAGE_CACHE_INFO@@@@MEAAJAEAPEAUIMAGE_CACHE_INFO@@_J@Z 000000018000d9cc f i ImgCache.obj
 0001:0000c9d4       ?ProcessItem@CImgLoader@@UEAAJAEAPEAUIMAGE_CACHE_INFO@@_J@Z 000000018000d9d4 f i ImgCache.obj
 0001:0000ca2c       ?ProcessingStep@?$CQueueProcessor@PEAUIMAGE_CACHE_INFO@@@@IEAA_NXZ 000000018000da2c f i ImgCache.obj
 0001:0000cc44       ?ProcessingThread@?$CQueueProcessor@PEAUIMAGE_CACHE_INFO@@@@KAKPEAX@Z 000000018000dc44 f i ImgCache.obj
 0001:0000cc74       ?RequestItem@CImgCache@@QEAAHPEAUCePluginPanelItem@@I@Z 000000018000dc74 f   ImgCache.obj
 0001:0000cd74       ?Reset@CImgCache@@QEAAXXZ  000000018000dd74 f   ImgCache.obj
 0001:0000cf7c       ?SetCacheLocation@CImgCache@@QEAAXPEB_W@Z 000000018000df7c f   ImgCache.obj
 0001:0000cffb       GetFileVersionInfoSizeW    000000018000dffb f   version:VERSION.dll
 0001:0000d001       GetFileVersionInfoW        000000018000e001 f   version:VERSION.dll
 0001:0000d007       VerQueryValueW             000000018000e007 f   version:VERSION.dll
 0001:0000d00d       CreateToolhelp32Snapshot   000000018000e00d f   kernel32:KERNEL32.dll
 0001:0000d013       Thread32First              000000018000e013 f   kernel32:KERNEL32.dll
 0001:0000d019       Thread32Next               000000018000e019 f   kernel32:KERNEL32.dll
 0001:0000d020       ??2@YAPEAX_K@Z             000000018000e020 f   common-kernel64:Memory.obj
 0001:0000d054       ??3@YAXPEAX@Z              000000018000e054 f   common-kernel64:Memory.obj
 0001:0000d068       ??_U@YAPEAX_K@Z            000000018000e068 f   common-kernel64:Memory.obj
 0001:0000d07c       ??_V@YAXPEAX@Z             000000018000e07c f   common-kernel64:Memory.obj
 0001:0000d090       ?HeapDeinitialize@@YAXXZ   000000018000e090 f   common-kernel64:Memory.obj
 0001:0000d0b4       ?HeapInitialize@@YA_NXZ    000000018000e0b4 f   common-kernel64:Memory.obj
 0001:0000d0e8       ?xf_calloc@@YAPEAX_K0PEBDH@Z 000000018000e0e8 f   common-kernel64:Memory.obj
 0001:0000d178       ?xf_free@@YAXPEAXPEBDH@Z   000000018000e178 f   common-kernel64:Memory.obj
 0001:0000d1b4       ?xf_malloc@@YAPEAX_KPEBDH@Z 000000018000e1b4 f   common-kernel64:Memory.obj
 0001:0000d23c       ?xf_realloc@@YAPEAXPEAX_KPEBDH@Z 000000018000e23c f   common-kernel64:Memory.obj
 0001:0000d2f0       ?xf_set_tag@@YAXPEAXPEBDH_N@Z 000000018000e2f0 f   common-kernel64:Memory.obj
 0001:0000d398       ?xf_validate@@YA_NPEAX@Z   000000018000e398 f   common-kernel64:Memory.obj
 0001:0000d3c0       ?msprintf@@YAPEB_WPEA_W_KPEB_WZZ 000000018000e3c0 f   common-kernel64:MStrSafe.obj
 0001:0000d80c       ?CommonShutdown@@YAXXZ     000000018000e80c f   common-kernel64:Common.obj
 0001:0000d81c       ??_GMNullDesc@@QEAAPEAXI@Z 000000018000e81c f i common-kernel64:MSecurity.obj
 0001:0000d894       ?LoadAdvApi@MNullDesc@@IEAAHXZ 000000018000e894 f i common-kernel64:MSecurity.obj
 0001:0000da4c       ?LocalSecurity@@YAPEAU_SECURITY_ATTRIBUTES@@XZ 000000018000ea4c f   common-kernel64:MSecurity.obj
 0001:0000daa8       ?LocalSecurity@MNullDesc@@QEAAPEAU_SECURITY_ATTRIBUTES@@XZ 000000018000eaa8 f i common-kernel64:MSecurity.obj
 0001:0000dc24       ?ShutdownSecurity@@YAXXZ   000000018000ec24 f   common-kernel64:MSecurity.obj
 0001:0000dc4c       ?ExecuteCmd@@YAPEAUCESERVER_REQ@@PEB_WPEAU1@KPEAUHWND__@@HKH@Z 000000018000ec4c f   common-kernel64:ConEmuCheck.obj
 0001:0000de4c       ?ExecuteFreeResult@@YAXAEAPEAUCESERVER_REQ@@@Z 000000018000ee4c f   common-kernel64:ConEmuCheck.obj
 0001:0000de78       ?ExecuteGuiCmd@@YAPEAUCESERVER_REQ@@PEAUHWND__@@PEAU1@0H@Z 000000018000ee78 f   common-kernel64:ConEmuCheck.obj
 0001:0000df38       ?ExecuteNewCmd@@YAPEAUCESERVER_REQ@@K_K@Z 000000018000ef38 f   common-kernel64:ConEmuCheck.obj
 0001:0000dfa8       ?ExecuteOpenPipe@@YAPEAXPEB_WAEAY0CAI@_W0KKHPEAXH@Z 000000018000efa8 f   common-kernel64:ConEmuCheck.obj
 0001:0000e158       ?ExecutePrepareCmd@@YAXPEAUCESERVER_REQ@@K_K@Z 000000018000f158 f   common-kernel64:ConEmuCheck.obj
 0001:0000e194       ?ExecutePrepareCmd@@YAXPEAUCESERVER_REQ_HDR@@K_K@Z 000000018000f194 f   common-kernel64:ConEmuCheck.obj
 0001:0000e204       ?ModuleName@@YAPEB_WPEB_W@Z 000000018000f204 f   common-kernel64:ConEmuCheck.obj
 0001:0000e2c8       ??1?$MToolHelp@UtagPROCESSENTRY32W@@$1?Process32FirstW@@YAHPEAXPEAU1@@Z$1?Process32NextW@@YAH01@Z@@UEAA@XZ 000000018000f2c8 f i common-kernel64:MProcess.obj
 0001:0000e36c       ??_E?$MToolHelp@UtagPROCESSENTRY32W@@$1?Process32FirstW@@YAHPEAXPEAU1@@Z$1?Process32NextW@@YAH01@Z@@UEAAPEAXI@Z 000000018000f36c f i common-kernel64:MProcess.obj
 0001:0000e36c       ??_EMToolHelpProcess@@UEAAPEAXI@Z 000000018000f36c f i common-kernel64:MProcess.obj
 0001:0000e36c       ??_GMToolHelpProcess@@UEAAPEAXI@Z 000000018000f36c f i common-kernel64:MProcess.obj
 0001:0000e36c       ??_G?$MToolHelp@UtagPROCESSENTRY32W@@$1?Process32FirstW@@YAHPEAXPEAU1@@Z$1?Process32NextW@@YAH01@Z@@UEAAPEAXI@Z 000000018000f36c f i common-kernel64:MProcess.obj
 0001:0000e3a0       ?Find@?$MToolHelp@UtagPROCESSENTRY32W@@$1?Process32FirstW@@YAHPEAXPEAU1@@Z$1?Process32NextW@@YAH01@Z@@QEAA_NP6A_NPEAUtagPROCESSENTRY32W@@_J@Z10@Z 000000018000f3a0 f i common-kernel64:MProcess.obj
 0001:0000e474       ?Open@?$MToolHelp@UtagPROCESSENTRY32W@@$1?Process32FirstW@@YAHPEAXPEAU1@@Z$1?Process32NextW@@YAH01@Z@@QEAA_NXZ 000000018000f474 f i common-kernel64:MProcess.obj
 0001:0000e4f8       ?addsize@?$MArray@UtagPROCESSENTRY32W@@@@QEAAX_J@Z 000000018000f4f8 f i common-kernel64:MProcess.obj
 0001:0000e5b8       ?getNext@?$MToolHelp@UtagPROCESSENTRY32W@@$1?Process32FirstW@@YAHPEAXPEAU1@@Z$1?Process32NextW@@YAH01@Z@@IEAA_NXZ 000000018000f5b8 f i common-kernel64:MProcess.obj
 0001:0000e658       ?isTerminalMode@@YA_NXZ    000000018000f658 f   common-kernel64:MProcess.obj
 0001:0000e7dc       ?push_back@?$MArray@UtagPROCESSENTRY32W@@@@QEAA_JAEBUtagPROCESSENTRY32W@@@Z 000000018000f7dc f i common-kernel64:MProcess.obj
 0001:0000e850       ?Init@HkFunc@@QEAA_NPEB_WPEAUHINSTANCE__@@@Z 000000018000f850 f   common-kernel64:HkFunc.obj
 0001:0000e8f0       ??0MSection@@QEAA@XZ       000000018000f8f0 f   common-kernel64:MSection.obj
 0001:0000e978       ??0MSectionLock@@QEAA@XZ   000000018000f978 f   common-kernel64:MSection.obj
 0001:0000e988       ??1MSection@@QEAA@XZ       000000018000f988 f   common-kernel64:MSection.obj
 0001:0000e9fc       ??1MSectionLock@@QEAA@XZ   000000018000f9fc f   common-kernel64:MSection.obj
 0001:0000ea20       ?AddRef@MSection@@IEAAXK@Z 000000018000fa20 f   common-kernel64:MSection.obj
 0001:0000eab4       ?Lock@MSection@@IEAAHHK@Z  000000018000fab4 f   common-kernel64:MSection.obj
 0001:0000ebb4       ?Lock@MSectionLock@@QEAAHPEAVMSection@@HK@Z 000000018000fbb4 f   common-kernel64:MSection.obj
 0001:0000ec08       ?MyEnterCriticalSection@MSection@@IEAA_NK@Z 000000018000fc08 f   common-kernel64:MSection.obj
 0001:0000ed38       ?ReleaseRef@MSection@@IEAAHK@Z 000000018000fd38 f   common-kernel64:MSection.obj
 0001:0000eddc       ?Unlock@MSection@@IEAAXH@Z 000000018000fddc f   common-kernel64:MSection.obj
 0001:0000ee34       ?Unlock@MSectionLock@@QEAAXXZ 000000018000fe34 f   common-kernel64:MSection.obj
 0001:0000ee60       ?WaitUnlocked@MSection@@IEAAXKK@Z 000000018000fe60 f   common-kernel64:MSection.obj
 0001:0000eef4       ?SetThreadName@@YAXKPEAD@Z 000000018000fef4 f   common-kernel64:WThreads.obj
 0001:0000ef2c       ?apiCreateThread@@YAPEAXP6AKPEAX@Z0PEAKPEBDH@Z 000000018000ff2c f   common-kernel64:WThreads.obj
 0001:0000f07c       ?apiTerminateThreadEx@@YAHPEAXKPEBDH@Z 000000018001007c f   common-kernel64:WThreads.obj
 0001:0000f184       ?apiThreadHelper@@YAKPEAX@Z 0000000180010184 f   common-kernel64:WThreads.obj
 0001:0000f390       ?ExpandEnvStr@@YAPEA_WPEB_W@Z 0000000180010390 f   common-kernel64:WObjects.obj
 0001:0000f458       ?FileExists@@YA_NPEB_WPEAK@Z 0000000180010458 f   common-kernel64:WObjects.obj
 0001:0000f5e4       ?GetEnvVar@@YAPEA_WPEB_W@Z 00000001800105e4 f   common-kernel64:WObjects.obj
 0001:0000f6b4       ?IsWindows64@@YA_NXZ       00000001800106b4 f   common-kernel64:WObjects.obj
 0001:0000f6d8       ?StringCchCopyNW@@YAJPEA_W_KPEB_W1@Z 00000001800106d8 f i common-kernel64:WObjects.obj
 0001:0000f760       ?PointToExt@@YAPEB_WPEB_W@Z 0000000180010760 f   common-kernel64:CmdLine.obj
 0001:0000f784       ?PointToName@@YAPEB_WPEB_W@Z 0000000180010784 f   common-kernel64:CmdLine.obj
 0001:0000f7e0       ?Unquote@@YAPEB_WPEA_W_N@Z 00000001800107e0 f   common-kernel64:CmdLine.obj
 0001:0000f848       ?lstrdup@@YAPEA_WPEB_W_K@Z 0000000180010848 f   common-kernel64:MStrDup.obj
 0001:0000f8c8       ?lstrmerge@@YAPEA_WPEB_W00000000@Z 00000001800108c8 f   common-kernel64:MStrDup.obj
 0001:0000fa14       ??0MSectionLockSimple@@QEAA@XZ 0000000180010a14 f   common-kernel64:MSectionSimple.obj
 0001:0000fa20       ??0MSectionSimple@@QEAA@_N@Z 0000000180010a20 f   common-kernel64:MSectionSimple.obj
 0001:0000fa58       ??1MSectionLockSimple@@QEAA@XZ 0000000180010a58 f   common-kernel64:MSectionSimple.obj
 0001:0000fa6c       ?Close@MSectionSimple@@QEAAXXZ 0000000180010a6c f   common-kernel64:MSectionSimple.obj
 0001:0000fa6c       ??1MSectionSimple@@QEAA@XZ 0000000180010a6c f   common-kernel64:MSectionSimple.obj
 0001:0000fa8c       ?Enter@MSectionSimple@@QEAAXXZ 0000000180010a8c f   common-kernel64:MSectionSimple.obj
 0001:0000fa94       ?Init@MSectionSimple@@QEAAXXZ 0000000180010a94 f   common-kernel64:MSectionSimple.obj
 0001:0000fab4       ?Leave@MSectionSimple@@QEAAXXZ 0000000180010ab4 f   common-kernel64:MSectionSimple.obj
 0001:0000fabc       ?Lock@MSectionLockSimple@@QEAAHPEAUMSectionSimple@@K@Z 0000000180010abc f   common-kernel64:MSectionSimple.obj
 0001:0000fb54       ?RecreateAndLock@MSectionSimple@@QEAA_NXZ 0000000180010b54 f   common-kernel64:MSectionSimple.obj
 0001:0000fbc4       ?TryEnter@MSectionSimple@@QEAA_NXZ 0000000180010bc4 f   common-kernel64:MSectionSimple.obj
 0001:0000fbec       ?Unlock@MSectionLockSimple@@QEAAXXZ 0000000180010bec f   common-kernel64:MSectionSimple.obj
 0001:0000fc14       ??0CEStr@@QEAA@PEB_W00000000@Z 0000000180010c14 f   common-kernel64:CEStr.obj
 0001:0000fcbc       ??1CEStr@@QEAA@XZ          0000000180010cbc f   common-kernel64:CEStr.obj
 0001:0000fd18       ??BCEStr@@QEBAPEB_WXZ      0000000180010d18 f   common-kernel64:CEStr.obj
 0001:0000fd1c       ?AttachInt@CEStr@@AEAAPEB_WAEAPEA_W@Z 0000000180010d1c f   common-kernel64:CEStr.obj
 0001:0000fdb0       ?Empty@CEStr@@QEAAXXZ      0000000180010db0 f   common-kernel64:CEStr.obj
 0001:0000fdd0       ?GetBuffer@CEStr@@QEAAPEA_W_J@Z 0000000180010dd0 f   common-kernel64:CEStr.obj
 0001:0000fea0       ?GetLen@CEStr@@QEBA_JXZ    0000000180010ea0 f   common-kernel64:CEStr.obj
 0001:0000fec8       ?GetMaxCount@CEStr@@QEAA_JXZ 0000000180010ec8 f   common-kernel64:CEStr.obj
 0001:0000fef4       ?SavePathVar@CEStr@@QEAAXPEB_W@Z 0000000180010ef4 f   common-kernel64:CEStr.obj
 0001:0000ff2c       ?Set@CEStr@@QEAAPEB_WPEB_W_J@Z 0000000180010f2c f   common-kernel64:CEStr.obj
 0001:00010020       ??0CRgnDetect@@QEAA@XZ     0000000180011020 f   common-user64:RgnDetect.obj
 0001:000100e0       ??1CRgnDetect@@QEAA@XZ     00000001800110e0 f   common-user64:RgnDetect.obj
 0001:00010170       ?DetectDialog@CRgnDetect@@IEAA_NPEA_WPEAUtag_CharAttr@@HHHHPEAH2@Z 0000000180011170 f   common-user64:RgnDetect.obj
 0001:00010518       ?ExpandDialogFrame@CRgnDetect@@IEAA_NPEA_WPEAUtag_CharAttr@@HHAEAH2HH22@Z 0000000180011518 f   common-user64:RgnDetect.obj
 0001:000107d8       ?FindByBackground@CRgnDetect@@IEAA_NPEA_WPEAUtag_CharAttr@@HHAEAH222AEA_N@Z 00000001800117d8 f   common-user64:RgnDetect.obj
 0001:000108d8       ?FindDialog_Any@CRgnDetect@@IEAA_NPEA_WPEAUtag_CharAttr@@HHAEAH222AEA_N@Z 00000001800118d8 f   common-user64:RgnDetect.obj
 0001:00010b88       ?FindDialog_Inner@CRgnDetect@@IEAA_NPEA_WPEAUtag_CharAttr@@HHAEAH2@Z 0000000180011b88 f   common-user64:RgnDetect.obj
 0001:00010cd0       ?FindDialog_Left@CRgnDetect@@IEAA_NPEA_WPEAUtag_CharAttr@@HHAEAH222AEA_N@Z 0000000180011cd0 f   common-user64:RgnDetect.obj
 0001:00010ec0       ?FindDialog_Right@CRgnDetect@@IEAA_NPEA_WPEAUtag_CharAttr@@HHAEAH222AEA_N@Z 0000000180011ec0 f   common-user64:RgnDetect.obj
 0001:00011028       ?FindDialog_TopLeft@CRgnDetect@@IEAA_NPEA_WPEAUtag_CharAttr@@HHAEAH222AEA_N@Z 0000000180012028 f   common-user64:RgnDetect.obj
 0001:00011134       ?FindDialog_TopRight@CRgnDetect@@IEAA_NPEA_WPEAUtag_CharAttr@@HHAEAH222AEA_N@Z 0000000180012134 f   common-user64:RgnDetect.obj
 0001:0001124c       ?FindFrameBottom_ByLeft@CRgnDetect@@IEAA_NPEA_WPEAUtag_CharAttr@@HHAEAH22@Z 000000018001224c f   common-user64:RgnDetect.obj
 0001:000112e0       ?FindFrameBottom_ByRight@CRgnDetect@@IEAA_NPEA_WPEAUtag_CharAttr@@HHAEAH22@Z 00000001800122e0 f   common-user64:RgnDetect.obj
 0001:00011394       ?FindFrameLeft_ByBottom@CRgnDetect@@IEAA_NPEA_WPEAUtag_CharAttr@@HHAEAH22@Z 0000000180012394 f   common-user64:RgnDetect.obj
 0001:00011464       ?FindFrameLeft_ByTop@CRgnDetect@@IEAA_NPEA_WPEAUtag_CharAttr@@HHAEAH22@Z 0000000180012464 f   common-user64:RgnDetect.obj
 0001:000115d8       ?FindFrameRight_ByBottom@CRgnDetect@@IEAA_NPEA_WPEAUtag_CharAttr@@HHAEAH22@Z 00000001800125d8 f   common-user64:RgnDetect.obj
 0001:000116b8       ?FindFrameRight_ByTop@CRgnDetect@@IEAA_NPEA_WPEAUtag_CharAttr@@HHAEAH22@Z 00000001800126b8 f   common-user64:RgnDetect.obj
 0001:000117e4       ?FindFrameTop_ByLeft@CRgnDetect@@IEAA_NPEA_WPEAUtag_CharAttr@@HHAEAH22@Z 00000001800127e4 f   common-user64:RgnDetect.obj
 0001:00011868       ?FindFrameTop_ByRight@CRgnDetect@@IEAA_NPEA_WPEAUtag_CharAttr@@HHAEAH22@Z 0000000180012868 f   common-user64:RgnDetect.obj
 0001:00011910       ?FindFrame_TopLeft@CRgnDetect@@IEAA_NPEA_WPEAUtag_CharAttr@@HHAEAH222@Z 0000000180012910 f   common-user64:RgnDetect.obj
 0001:00011a14       ?GetCharAttr@CRgnDetect@@QEAAHHHAEA_WAEAUtag_CharAttr@@@Z 0000000180012a14 f   common-user64:RgnDetect.obj
 0001:00011a94       ?GetDetectedDialogsPtr@CRgnDetect@@QEBAPEBUtag_DetectedDialog@@XZ 0000000180012a94 f   common-user64:RgnDetect.obj
 0001:00011a9c       ?GetFlags@CRgnDetect@@QEBAKXZ 0000000180012a9c f   common-user64:RgnDetect.obj
 0001:00011aa4       ?InitializeSBI@CRgnDetect@@QEAAHPEBK@Z 0000000180012aa4 f   common-user64:RgnDetect.obj
 0001:00011ed0       ?MarkDialog@CRgnDetect@@IEAAHPEA_WPEAUtag_CharAttr@@HHHHHHI_NK@Z 0000000180012ed0 f   common-user64:RgnDetect.obj
 0001:000127f0       ?OnWindowSizeChanged@CRgnDetect@@QEAAXXZ 00000001800137f0 f   common-user64:RgnDetect.obj
 0001:000127f8       ?OnWriteConsoleOutput@CRgnDetect@@QEAAXPEBU_CHAR_INFO@@U_COORD@@1PEAU_SMALL_RECT@@PEBK@Z 00000001800137f8 f   common-user64:RgnDetect.obj
 0001:00012a64       ?PrepareTransparent@CRgnDetect@@QEAAXPEBUCEFAR_INFO_MAPPING@@PEBK@Z 0000000180013a64 f   common-user64:RgnDetect.obj
 0001:00012b38       ?PrepareTransparent@CRgnDetect@@QEAAXPEBUCEFAR_INFO_MAPPING@@PEBKPEBU_CONSOLE_SCREEN_BUFFER_INFO@@PEA_WPEAUtag_CharAttr@@HH@Z 0000000180013b38 f   common-user64:RgnDetect.obj
 0001:0001337c       ?SetFarRect@CRgnDetect@@QEAAXPEAU_SMALL_RECT@@@Z 000000018001437c f   common-user64:RgnDetect.obj
 0001:000133fc       ?TextHeight@CRgnDetect@@QEAAHXZ 00000001800143fc f   common-user64:RgnDetect.obj
 0001:00013428       ?TextWidth@CRgnDetect@@QEAAHXZ 0000000180014428 f   common-user64:RgnDetect.obj
 0001:00013454       ?SearchAppPaths@@YA_NPEB_WAEAUCEStr@@_NPEAU1@@Z 0000000180014454 f   common-user64:WFiles.obj
 0001:00013894       ?apiShowWindow@@YA_NPEAUHWND__@@H@Z 0000000180014894 f   common-user64:WUser.obj
 0001:000138a8       ??3@YAXPEAX_K@Z            00000001800148a8 f   LIBCMT:delete_scalar_size.obj
 0001:000138b0       __GSHandlerCheck           00000001800148b0 f   LIBCMT:_gshandler_.obj
 0001:000138d0       __GSHandlerCheckCommon     00000001800148d0 f   LIBCMT:_gshandler_.obj
 0001:0001392c       __GSHandlerCheck_EH        000000018001492c f   LIBCMT:gshandlereh.obj
 0001:000139c0       __security_check_cookie    00000001800149c0 f   LIBCMT:_amdsecgs_.obj
 0001:000139e4       ??_Gtype_info@@UEAAPEAXI@Z 00000001800149e4 f i LIBCMT:std_type_info_static.obj
 0001:000139e4       ??_Etype_info@@UEAAPEAXI@Z 00000001800149e4 f i LIBCMT:std_type_info_static.obj
 0001:00013d4c       _DllMainCRTStartup         0000000180014d4c f   LIBCMT:dll_dllmain.obj
 0001:00013d8c       __raise_securityfailure    0000000180014d8c f   LIBCMT:gs_report.obj
 0001:00013dc0       __report_gsfailure         0000000180014dc0 f   LIBCMT:gs_report.obj
 0001:00013e94       __report_rangecheckfailure 0000000180014e94 f   LIBCMT:gs_report.obj
 0001:00013ea8       __report_securityfailure   0000000180014ea8 f   LIBCMT:gs_report.obj
 0001:00014028       __security_init_cookie     0000000180015028 f   LIBCMT:gs_support.obj
 0001:000140d4       ?__scrt_initialize_type_info@@YAXXZ 00000001800150d4 f   LIBCMT:tncleanup.obj
 0001:000140e4       ?__scrt_uninitialize_type_info@@YAXXZ 00000001800150e4 f   LIBCMT:tncleanup.obj
 0001:000140f0       __local_stdio_printf_options 00000001800150f0 f i LIBCMT:default_local_stdio_options.obj
 0001:000140f8       __local_stdio_scanf_options 00000001800150f8 f i LIBCMT:default_local_stdio_options.obj
 0001:00014100       __scrt_initialize_default_local_stdio_options 0000000180015100 f   LIBCMT:default_local_stdio_options.obj
 0001:0001411c       __scrt_acquire_startup_lock 000000018001511c f   LIBCMT:utility.obj
 0001:00014158       __scrt_dllmain_after_initialize_c 0000000180015158 f   LIBCMT:utility.obj
 0001:0001418c       __scrt_dllmain_before_initialize_c 000000018001518c f   LIBCMT:utility.obj
 0001:000141a4       __scrt_dllmain_crt_thread_attach 00000001800151a4 f   LIBCMT:utility.obj
 0001:000141cc       __scrt_dllmain_crt_thread_detach 00000001800151cc f   LIBCMT:utility.obj
 0001:000141e4       __scrt_dllmain_exception_filter 00000001800151e4 f   LIBCMT:utility.obj
 0001:00014248       __scrt_dllmain_uninitialize_c 0000000180015248 f   LIBCMT:utility.obj
 0001:00014278       __scrt_dllmain_uninitialize_critical 0000000180015278 f   LIBCMT:utility.obj
 0001:0001428c       __scrt_initialize_crt      000000018001528c f   LIBCMT:utility.obj
 0001:000142d8       __scrt_initialize_onexit_tables 00000001800152d8 f   LIBCMT:utility.obj
 0001:000143b8       __scrt_is_nonwritable_in_current_image 00000001800153b8 f   LIBCMT:utility.obj
 0001:00014454       __scrt_release_startup_lock 0000000180015454 f   LIBCMT:utility.obj
 0001:00014478       __scrt_uninitialize_crt    0000000180015478 f   LIBCMT:utility.obj
 0001:000144a4       __scrt_get_dyn_tls_init_callback 00000001800154a4 f   LIBCMT:dyn_tls_init.obj
 0001:000144ac       __crt_debugger_hook        00000001800154ac f   LIBCMT:utility_desktop.obj
 0001:000144b4       __scrt_fastfail            00000001800154b4 f   LIBCMT:utility_desktop.obj
 0001:00014600       _RTC_Initialize            0000000180015600 f   LIBCMT:_initsect_.obj
 0001:0001464c       _RTC_Terminate             000000018001564c f   LIBCMT:_initsect_.obj
 0001:00014698       _guard_check_icall         0000000180015698 f i LIBCMT:checkcfg.obj
 0001:000146a0       __isa_available_init       00000001800156a0 f   LIBCMT:_cpu_disp_.obj
 0001:0001485c       _get_startup_argv_mode     000000018001585c f   LIBCMT:argv_mode.obj
 0001:00014864       __scrt_is_ucrt_dll_in_use  0000000180015864 f   LIBCMT:ucrt_detection.obj
 0001:00014870       ?FreeItem@?$CQueueProcessor@PEAUIMAGE_CACHE_INFO@@@@MEAAXAEBQEAUIMAGE_CACHE_INFO@@@Z 0000000180015870 f i ImgCache.obj
 0001:00014870       ?ApplyChanges@?$CQueueProcessor@PEAUIMAGE_CACHE_INFO@@@@MEAAXAEAPEAUIMAGE_CACHE_INFO@@AEBQEAU2@@Z 0000000180015870 f i ImgCache.obj
 0001:00014870       ?OnItemReady@?$CQueueProcessor@PEAUIMAGE_CACHE_INFO@@@@MEAAXAEAPEAUIMAGE_CACHE_INFO@@_J@Z 0000000180015870 f i ImgCache.obj
 0001:00014870       ?OnItemFailed@?$CQueueProcessor@PEAUIMAGE_CACHE_INFO@@@@MEAAXAEAPEAUIMAGE_CACHE_INFO@@_J@Z 0000000180015870 f i ImgCache.obj
 0001:00014870       ?OnThreadStopped@?$CQueueProcessor@PEAUIMAGE_CACHE_INFO@@@@MEAAXXZ 0000000180015870 f i ImgCache.obj
 0001:00014870       ?SettingsLoadOtherW2800@@YAXXZ 0000000180015870 f i ConEmuTh2800.obj
 0001:00014870       ?LoadPanelItemInfoA@@YAXPEAUCeFullPanelInfo@@_J@Z 0000000180015870 f i ConEmuThA.obj
 0001:00014870       ?SettingsLoadOtherW1900@@YAXXZ 0000000180015870 f i ConEmuTh1900.obj
 0001:00014870       _guard_check_icall_nop     0000000180015870 f i LIBCMT:guard_support.obj
 0001:00014890       memmove                    0000000180015890 f   libvcruntime:memcpy.obj
 0001:00014890       memcpy                     0000000180015890 f   libvcruntime:memcpy.obj
 0001:00014cd8       wcsrchr                    0000000180015cd8 f   libvcruntime:wcsrchr.obj
 0001:00014d88       ?_ExecutionInCatch@@YAHPEAU_xDISPATCHER_CONTEXT@@PEBU_s_FuncInfo@@@Z 0000000180015d88 f   libvcruntime:risctrnsctrl.obj
 0001:00014dfc       ?_GetEstablisherFrame@@YAPEA_KPEA_KPEAU_xDISPATCHER_CONTEXT@@PEBU_s_FuncInfo@@0@Z 0000000180015dfc f   libvcruntime:risctrnsctrl.obj
 0001:00014ec8       ?_GetRangeOfTrysToCheck@@YAPEBU_s_TryBlockMapEntry@@PEA_KPEBU_s_FuncInfo@@HHPEAI2PEAU_xDISPATCHER_CONTEXT@@@Z 0000000180015ec8 f   libvcruntime:risctrnsctrl.obj
 0001:00014ff4       ?__FrameUnwindToEmptyState@@YAXPEA_KPEAU_xDISPATCHER_CONTEXT@@PEBU_s_FuncInfo@@@Z 0000000180015ff4 f   libvcruntime:risctrnsctrl.obj
 0001:00015088       _CallSETranslator          0000000180016088 f   libvcruntime:risctrnsctrl.obj
 0001:000150e0       _CreateFrameInfo           00000001800160e0 f   libvcruntime:risctrnsctrl.obj
 0001:0001511c       _FindAndUnlinkFrame        000000018001611c f   libvcruntime:risctrnsctrl.obj
 0001:00015174       _GetImageBase              0000000180016174 f   libvcruntime:risctrnsctrl.obj
 0001:00015188       _GetThrowImageBase         0000000180016188 f   libvcruntime:risctrnsctrl.obj
 0001:0001519c       _SetImageBase              000000018001619c f   libvcruntime:risctrnsctrl.obj
 0001:000151b4       _SetThrowImageBase         00000001800161b4 f   libvcruntime:risctrnsctrl.obj
 0001:000151cc       _UnwindNestedFrames        00000001800161cc f   libvcruntime:risctrnsctrl.obj
 0001:000152f0       __CxxFrameHandler3         00000001800162f0 f   libvcruntime:risctrnsctrl.obj
 0001:00015380       memcmp                     0000000180016380 f   libvcruntime:memcmp.obj
 0001:00015460       memset                     0000000180016460 f   libvcruntime:memset.obj
 0001:00015610       wcschr                     0000000180016610 f   libvcruntime:wcschr.obj
 0001:000156a4       __C_specific_handler       00000001800166a4 f   libvcruntime:_riscchandler_.obj
 0001:000158a0       strrchr                    00000001800168a0 f   libvcruntime:strrchr.obj
 0001:000159e0       strchr                     00000001800169e0 f   libvcruntime:strchr.obj
 0001:00015a80       memchr                     0000000180016a80 f   libvcruntime:memchr.obj
 0001:00015af0       __std_type_info_compare    0000000180016af0 f   libvcruntime:std_type_info.obj
 0001:00015b18       __std_type_info_destroy_list 0000000180016b18 f   libvcruntime:std_type_info.obj
 0001:00015b44       __vcrt_initialize          0000000180016b44 f   libvcruntime:initialization.obj
 0001:00015b78       __vcrt_thread_attach       0000000180016b78 f   libvcruntime:initialization.obj
 0001:00015b8c       __vcrt_thread_detach       0000000180016b8c f   libvcruntime:initialization.obj
 0001:00015ba0       __vcrt_uninitialize        0000000180016ba0 f   libvcruntime:initialization.obj
 0001:00015bc0       __vcrt_uninitialize_critical 0000000180016bc0 f   libvcruntime:initialization.obj
 0001:00015bd0       __vcrt_freefls             0000000180016bd0 f   libvcruntime:per_thread_data.obj
 0001:00015bf0       __vcrt_freeptd             0000000180016bf0 f   libvcruntime:per_thread_data.obj
 0001:00015c40       __vcrt_getptd              0000000180016c40 f   libvcruntime:per_thread_data.obj
 0001:00015c5c       __vcrt_getptd_noexit       0000000180016c5c f   libvcruntime:per_thread_data.obj
 0001:00015d14       __vcrt_initialize_ptd      0000000180016d14 f   libvcruntime:per_thread_data.obj
 0001:00015d54       __vcrt_uninitialize_ptd    0000000180016d54 f   libvcruntime:per_thread_data.obj
 0001:00015d78       ?__GetCurrentState@@YAHPEA_KPEAU_xDISPATCHER_CONTEXT@@PEBU_s_FuncInfo@@@Z 0000000180016d78 f   libvcruntime:riscehstate.obj
 0001:00015da0       ?__GetUnwindTryBlock@@YAHPEA_KPEAU_xDISPATCHER_CONTEXT@@PEBU_s_FuncInfo@@@Z 0000000180016da0 f   libvcruntime:riscehstate.obj
 0001:00015dcc       ?__SetState@@YAXPEA_KPEAU_xDISPATCHER_CONTEXT@@PEBU_s_FuncInfo@@H@Z 0000000180016dcc f   libvcruntime:riscehstate.obj
 0001:00015dd8       ?__SetUnwindTryBlock@@YAXPEA_KPEAU_xDISPATCHER_CONTEXT@@PEBU_s_FuncInfo@@H@Z 0000000180016dd8 f   libvcruntime:riscehstate.obj
 0001:00015e14       ?__StateFromControlPc@@YAHPEBU_s_FuncInfo@@PEAU_xDISPATCHER_CONTEXT@@@Z 0000000180016e14 f   libvcruntime:riscehstate.obj
 0001:00015e1c       ?__StateFromIp@@YAHPEBU_s_FuncInfo@@PEAU_xDISPATCHER_CONTEXT@@_K@Z 0000000180016e1c f   libvcruntime:riscehstate.obj
 0001:00015e88       ??0bad_exception@std@@QEAA@AEBV01@@Z 0000000180016e88 f i libvcruntime:frame.obj
 0001:00015ec8       ??0bad_exception@std@@QEAA@XZ 0000000180016ec8 f i libvcruntime:frame.obj
 0001:00015ee8       ??0exception@std@@QEAA@AEBV01@@Z 0000000180016ee8 f i libvcruntime:frame.obj
 0001:00015f20       ??1bad_exception@std@@UEAA@XZ 0000000180016f20 f i libvcruntime:frame.obj
 0001:00015f34       ??_Gbad_exception@std@@UEAAPEAXI@Z 0000000180016f34 f i libvcruntime:frame.obj
 0001:00015f34       ??_Gexception@std@@UEAAPEAXI@Z 0000000180016f34 f i libvcruntime:frame.obj
 0001:00015f34       ??_Eexception@std@@UEAAPEAXI@Z 0000000180016f34 f i libvcruntime:frame.obj
 0001:00015f34       ??_Ebad_exception@std@@UEAAPEAXI@Z 0000000180016f34 f i libvcruntime:frame.obj
 0001:000168d4       ?_CallMemberFunction1@@YAXQEAX00@Z 00000001800178d4 f i libvcruntime:frame.obj
 0001:000168e0       ?_CallMemberFunction2@@YAXQEAX00H@Z 00000001800178e0 f i libvcruntime:frame.obj
 0001:000168f0       ?what@exception@std@@UEBAPEBDXZ 00000001800178f0 f i libvcruntime:frame.obj
 0001:00016904       __BuildCatchObject         0000000180017904 f   libvcruntime:frame.obj
 0001:000169c8       __BuildCatchObjectHelper   00000001800179c8 f   libvcruntime:frame.obj
 0001:00016ba8       __CxxCallCatchBlock        0000000180017ba8 f   libvcruntime:frame.obj
 0001:00016d94       __FrameUnwindToState       0000000180017d94 f   libvcruntime:frame.obj
 0001:00016f28       __InternalCxxFrameHandler  0000000180017f28 f   libvcruntime:frame.obj
 0001:0001717c       __TypeMatch                000000018001817c f   libvcruntime:frame.obj
 0001:000172d0       _local_unwind              00000001800182d0 f   libvcruntime:_jmpuwind_.obj
 0001:00017300       _NLG_Notify                0000000180018300 f   libvcruntime:_jmpuwind_.obj
 0001:00017320       __NLG_Dispatch2            0000000180018320 f   libvcruntime:_jmpuwind_.obj
 0001:00017330       __NLG_Return2              0000000180018330 f   libvcruntime:_jmpuwind_.obj
 0001:00017334       __except_validate_context_record 0000000180018334 f   libvcruntime:jbcxrval.obj
 0001:0001736c       __vcrt_initialize_locks    000000018001836c f   libvcruntime:locks.obj
 0001:000173b4       __vcrt_uninitialize_locks  00000001800183b4 f   libvcruntime:locks.obj
 0001:000175c4       __vcrt_FlsAlloc            00000001800185c4 f   libvcruntime:winapi_downlevel.obj
 0001:00017618       __vcrt_FlsFree             0000000180018618 f   libvcruntime:winapi_downlevel.obj
 0001:0001766c       __vcrt_FlsGetValue         000000018001866c f   libvcruntime:winapi_downlevel.obj
 0001:000176c0       __vcrt_FlsSetValue         00000001800186c0 f   libvcruntime:winapi_downlevel.obj
 0001:00017728       __vcrt_InitializeCriticalSectionEx 0000000180018728 f   libvcruntime:winapi_downlevel.obj
 0001:000177a0       __vcrt_initialize_winapi_thunks 00000001800187a0 f   libvcruntime:winapi_downlevel.obj
 0001:000177e4       __vcrt_uninitialize_winapi_thunks 00000001800187e4 f   libvcruntime:winapi_downlevel.obj
 0001:00017824       __vcrt_initialize_pure_virtual_call_handler 0000000180018824 f   libvcruntime:purevirt_data.obj
 0001:00017860       _CallSettingFrame          0000000180018860 f   libvcruntime:handlers.obj
 0001:000178a0       __DestructExceptionObject  00000001800188a0 f   libvcruntime:ehhelpers.obj
 0001:00017928       ?_CallMemberFunction0@@YAXQEAX0@Z 0000000180018928 f i libvcruntime:ehhelpers.obj
 0001:0001792c       _IsExceptionObjectToBeDestroyed 000000018001892c f   libvcruntime:ehhelpers.obj
 0001:0001795c       __AdjustPointer            000000018001895c f   libvcruntime:ehhelpers.obj
 0001:00017980       __FrameUnwindFilter        0000000180018980 f   libvcruntime:ehhelpers.obj
 0001:000179cc       __std_exception_copy       00000001800189cc f   libvcruntime:std_exception.obj
 0001:00017a5c       __std_exception_destroy    0000000180018a5c f   libvcruntime:std_exception.obj
 0001:00017a84       _CxxThrowException         0000000180018a84 f   libvcruntime:throw.obj
 0001:00017b5c       wcsncmp                    0000000180018b5c f   libucrt:wcsncmp.obj
 0001:00017b88       ??0_LocaleUpdate@@QEAA@QEAU__crt_locale_pointers@@@Z 0000000180018b88 f i libucrt:strtox.obj
 0001:00017c18       wcspbrk                    0000000180018c18 f   libucrt:wcspbrk.obj
 0001:00017c50       _initterm                  0000000180018c50 f   libucrt:initterm.obj
 0001:00017cc8       _initterm_e                0000000180018cc8 f   libucrt:initterm.obj
 0001:00017d14       _seh_filter_dll            0000000180018d14 f   libucrt:exception_filter.obj
 0001:00017d28       _seh_filter_exe            0000000180018d28 f   libucrt:exception_filter.obj
 0001:000180e8       __acrt_initialize_thread_local_exit_callback 00000001800190e8 f   libucrt:exit.obj
 0001:000180f0       _cexit                     00000001800190f0 f   libucrt:exit.obj
 0001:00018100       _exit                      0000000180019100 f   libucrt:exit.obj
 0001:0001810c       _is_c_termination_complete 000000018001910c f   libucrt:exit.obj
 0001:000182d0       __acrt_allocate_buffer_for_argv 00000001800192d0 f   libucrt:argv_parsing.obj
 0001:00018334       _configure_narrow_argv     0000000180019334 f   libucrt:argv_parsing.obj
 0001:00018690       __dcrt_uninitialize_environments_nolock 0000000180019690 f   libucrt:environment_initialization.obj
 0001:000186c8       _initialize_narrow_environment 00000001800196c8 f   libucrt:environment_initialization.obj
 0001:000186d0       ??$?RV<lambda_e24bbb7b643b32fcea6fa61b31d4c984>@@AEAV<lambda_275893d493268fdec8709772e3fcec0e>@@V<lambda_9d71df4d7cf3f480f8d633942495c3b0>@@@?$__crt_seh_guarded_call@H@@QEAAH$$QEAV<lambda_e24bbb7b643b32fcea6fa61b31d4c984>@@AEAV<lambda_275893d493268fdec8709772e3fcec0e>@@$$QEAV<lambda_9d71df4d7cf3f480f8d633942495c3b0>@@@Z 00000001800196d0 f i libucrt:onexit.obj
 0001:00018870       _execute_onexit_table      0000000180019870 f   libucrt:onexit.obj
 0001:000188ac       _initialize_onexit_table   00000001800198ac f   libucrt:onexit.obj
 0001:00018a20       __acrt_initialize          0000000180019a20 f   libucrt:initialization.obj
 0001:00018a34       __acrt_thread_attach       0000000180019a34 f   libucrt:initialization.obj
 0001:00018a48       __acrt_thread_detach       0000000180019a48 f   libucrt:initialization.obj
 0001:00018a58       __acrt_uninitialize        0000000180019a58 f   libucrt:initialization.obj
 0001:00018a6c       __acrt_uninitialize_critical 0000000180019a6c f   libucrt:initialization.obj
 0001:00018a7c       terminate                  0000000180019a7c f   libucrt:terminate.obj
 0001:00018aa4       _free_base                 0000000180019aa4 f   libucrt:free_base.obj
 0001:00018ae4       _malloc_base               0000000180019ae4 f   libucrt:malloc_base.obj
 0001:00018b44       strcpy_s                   0000000180019b44 f   libucrt:strcpy_s.obj
 0001:00018ba4       abort                      0000000180019ba4 f   libucrt:abort.obj
 0001:00018bfc       _calloc_base               0000000180019bfc f   libucrt:calloc_base.obj
 0001:00018c74       free                       0000000180019c74 f   libucrt:free.obj
 0001:00018c7c       malloc                     0000000180019c7c f   libucrt:malloc.obj
 0001:00018c84       __acrt_call_reportfault    0000000180019c84 f   libucrt:invalid_parameter.obj
 0001:00018de0       __acrt_initialize_invalid_parameter_handler 0000000180019de0 f   libucrt:invalid_parameter.obj
 0001:00018de8       _invalid_parameter         0000000180019de8 f   libucrt:invalid_parameter.obj
 0001:00018e90       _invalid_parameter_noinfo  0000000180019e90 f   libucrt:invalid_parameter.obj
 0001:00018eb0       _invoke_watson             0000000180019eb0 f   libucrt:invalid_parameter.obj
 0001:00018ef8       __acrt_errno_from_os_error 0000000180019ef8 f   libucrt:errno.obj
 0001:00018f40       __acrt_errno_map_os_error  0000000180019f40 f   libucrt:errno.obj
 0001:00018f90       __doserrno                 0000000180019f90 f   libucrt:errno.obj
 0001:00018fb0       _errno                     0000000180019fb0 f   libucrt:errno.obj
 0001:00018fd0       __pctype_func              0000000180019fd0 f   libucrt:ctype.obj
 0001:00019000       ??$?RV<lambda_46352004c1216016012b18bd6f87e700>@@AEAV<lambda_3bd07e1a1191394380780325891bf33f>@@V<lambda_334532d3f185bcaa59b5be82d7d22bff>@@@?$__crt_seh_guarded_call@X@@QEAAX$$QEAV<lambda_46352004c1216016012b18bd6f87e700>@@AEAV<lambda_3bd07e1a1191394380780325891bf33f>@@$$QEAV<lambda_334532d3f185bcaa59b5be82d7d22bff>@@@Z 000000018001a000 f i libucrt:per_thread_data.obj
 0001:00019060       ??$?RV<lambda_5e887d1dcbef67a5eb4283622ba103bf>@@AEAV<lambda_4466841279450cc726390878d4a41900>@@V<lambda_341c25c0346d94847f1f3c463c57e077>@@@?$__crt_seh_guarded_call@X@@QEAAX$$QEAV<lambda_5e887d1dcbef67a5eb4283622ba103bf>@@AEAV<lambda_4466841279450cc726390878d4a41900>@@$$QEAV<lambda_341c25c0346d94847f1f3c463c57e077>@@@Z 000000018001a060 f i libucrt:per_thread_data.obj
 0001:000190a8       ??$?RV<lambda_72d1df2b273a38828b1ce30cbf4cdab5>@@AEAV<lambda_876a65b173b8412d3a47c70a915b0cf4>@@V<lambda_41932305e351933ebe8f8be3ed8bb5dc>@@@?$__crt_seh_guarded_call@X@@QEAAX$$QEAV<lambda_72d1df2b273a38828b1ce30cbf4cdab5>@@AEAV<lambda_876a65b173b8412d3a47c70a915b0cf4>@@$$QEAV<lambda_41932305e351933ebe8f8be3ed8bb5dc>@@@Z 000000018001a0a8 f i libucrt:per_thread_data.obj
 0001:000190e8       ??$?RV<lambda_fb3a7dec4e47f37f22dae91bb15c9095>@@AEAV<lambda_698284760c8add0bfb0756c19673e34b>@@V<lambda_dfb8eca1e75fef3034a8fb18dd509707>@@@?$__crt_seh_guarded_call@X@@QEAAX$$QEAV<lambda_fb3a7dec4e47f37f22dae91bb15c9095>@@AEAV<lambda_698284760c8add0bfb0756c19673e34b>@@$$QEAV<lambda_dfb8eca1e75fef3034a8fb18dd509707>@@@Z 000000018001a0e8 f i libucrt:per_thread_data.obj
 0001:00019378       __acrt_freeptd             000000018001a378 f   libucrt:per_thread_data.obj
 0001:000193bc       __acrt_getptd              000000018001a3bc f   libucrt:per_thread_data.obj
 0001:00019450       __acrt_getptd_noexit       000000018001a450 f   libucrt:per_thread_data.obj
 0001:000194f0       __acrt_initialize_ptd      000000018001a4f0 f   libucrt:per_thread_data.obj
 0001:0001952c       __acrt_uninitialize_ptd    000000018001a52c f   libucrt:per_thread_data.obj
 0001:00019550       __acrt_update_locale_info  000000018001a550 f   libucrt:locale_update.obj
 0001:00019584       __acrt_update_multibyte_info 000000018001a584 f   libucrt:locale_update.obj
 0001:000195b8       __acrt_set_locale_changed  000000018001a5b8 f   libucrt:wsetlocale.obj
 0001:000195c4       __acrt_uninitialize_locale 000000018001a5c4 f   libucrt:wsetlocale.obj
 0001:0001960c       __acrt_initialize_locks    000000018001a60c f   libucrt:locks.obj
 0001:00019654       __acrt_lock                000000018001a654 f   libucrt:locks.obj
 0001:00019670       __acrt_uninitialize_locks  000000018001a670 f   libucrt:locks.obj
 0001:000196a8       __acrt_unlock              000000018001a6a8 f   libucrt:locks.obj
 0001:00019864       __acrt_FlsAlloc            000000018001a864 f   libucrt:winapi_thunks.obj
 0001:000198bc       __acrt_FlsFree             000000018001a8bc f   libucrt:winapi_thunks.obj
 0001:00019914       __acrt_FlsGetValue         000000018001a914 f   libucrt:winapi_thunks.obj
 0001:0001996c       __acrt_FlsSetValue         000000018001a96c f   libucrt:winapi_thunks.obj
 0001:000199d4       __acrt_InitializeCriticalSectionEx 000000018001a9d4 f   libucrt:winapi_thunks.obj
 0001:00019a4c       __acrt_LCMapStringEx       000000018001aa4c f   libucrt:winapi_thunks.obj
 0001:00019b3c       __acrt_LocaleNameToLCID    000000018001ab3c f   libucrt:winapi_thunks.obj
 0001:00019ba4       __acrt_initialize_winapi_thunks 000000018001aba4 f   libucrt:winapi_thunks.obj
 0001:00019bdc       __acrt_is_packaged_app     000000018001abdc f   libucrt:winapi_thunks.obj
 0001:00019c64       __acrt_uninitialize_winapi_thunks 000000018001ac64 f   libucrt:winapi_thunks.obj
 0001:0001a184       ?expand_if_necessary@?$argument_list@D@?A0xca0879c4@@AEAAHXZ 000000018001b184 f i libucrt:argv_wildcards.obj
 0001:0001a24c       __acrt_expand_narrow_argv_wildcards 000000018001b24c f   libucrt:argv_wildcards.obj
 0001:0001a254       ??$?RV<lambda_99476a1ad63dd22509b5d3e65b0ffc95>@@AEAV<lambda_ad1ced32f4ac17aa236e5ef05d6b3b7c>@@V<lambda_f7424dd8d45958661754dc4f2697e9c3>@@@?$__crt_seh_guarded_call@X@@QEAAX$$QEAV<lambda_99476a1ad63dd22509b5d3e65b0ffc95>@@AEAV<lambda_ad1ced32f4ac17aa236e5ef05d6b3b7c>@@$$QEAV<lambda_f7424dd8d45958661754dc4f2697e9c3>@@@Z 000000018001b254 f i libucrt:mbctype.obj
 0001:0001a950       __acrt_initialize_multibyte 000000018001b950 f   libucrt:mbctype.obj
 0001:0001a978       __acrt_update_thread_multibyte_data 000000018001b978 f   libucrt:mbctype.obj
 0001:0001aa38       _setmbcp_nolock            000000018001ba38 f   libucrt:mbctype.obj
 0001:0001ad58       _ismbblead                 000000018001bd58 f   libucrt:ismbbyte.obj
 0001:0001ad6c       __acrt_initialize_command_line 000000018001bd6c f   libucrt:argv_data.obj
 0001:0001ad94       __dcrt_get_narrow_environment_from_os 000000018001bd94 f   libucrt:get_environment_from_os.obj
 0001:0001ae98       _recalloc                  000000018001be98 f   libucrt:recalloc.obj
 0001:0001aea0       _recalloc_base             000000018001bea0 f   libucrt:recalloc.obj
 0001:0001af38       __acrt_initialize_heap     000000018001bf38 f   libucrt:heap_handle.obj
 0001:0001af54       __acrt_uninitialize_heap   000000018001bf54 f   libucrt:heap_handle.obj
 0001:0001b148       __acrt_initialize_lowio    000000018001c148 f   libucrt:ioinit.obj
 0001:0001b184       __acrt_uninitialize_lowio  000000018001c184 f   libucrt:ioinit.obj
 0001:0001b1c4       __acrt_execute_initializers 000000018001c1c4 f   libucrt:shared_initialization.obj
 0001:0001b258       __acrt_execute_uninitializers 000000018001c258 f   libucrt:shared_initialization.obj
 0001:0001b2a8       __acrt_initialize_new_handler 000000018001c2a8 f   libucrt:new_handler.obj
 0001:0001b2b0       _callnewh                  000000018001c2b0 f   libucrt:new_handler.obj
 0001:0001b2f0       _query_new_handler         000000018001c2f0 f   libucrt:new_handler.obj
 0001:0001b324       ??$?RV<lambda_c36588078e9f5dfd39652860aa6b3aaf>@@AEAV<lambda_ec61778202f4f5fc7e7711acc23c3bca>@@V<lambda_dc9d2797ccde5d239b4a0efae8ebd7db>@@@?$__crt_seh_guarded_call@P6AXH@Z@@QEAAP6AXH@Z$$QEAV<lambda_c36588078e9f5dfd39652860aa6b3aaf>@@AEAV<lambda_ec61778202f4f5fc7e7711acc23c3bca>@@$$QEAV<lambda_dc9d2797ccde5d239b4a0efae8ebd7db>@@@Z 000000018001c324 f i libucrt:signal.obj
 0001:0001b36c       __acrt_get_sigabrt_handler 000000018001c36c f   libucrt:signal.obj
 0001:0001b39c       __acrt_initialize_signal_handlers 000000018001c39c f   libucrt:signal.obj
 0001:0001b3bc       raise                      000000018001c3bc f   libucrt:signal.obj
 0001:0001b658       __acrt_has_user_matherr    000000018001c658 f   libucrt:matherr.obj
 0001:0001b678       __acrt_initialize_user_matherr 000000018001c678 f   libucrt:matherr.obj
 0001:0001b680       __acrt_invoke_user_matherr 000000018001c680 f   libucrt:matherr.obj
 0001:0001b6c8       _query_new_mode            000000018001c6c8 f   libucrt:new_mode.obj
 0001:0001b6d0       _mbtowc_l                  000000018001c6d0 f   libucrt:mbtowc.obj
 0001:0001b818       mbtowc                     000000018001c818 f   libucrt:mbtowc.obj
 0001:0001b820       _fileno                    000000018001c820 f   libucrt:fileno.obj
 0001:0001b848       __acrt_initialize_stdio    000000018001c848 f   libucrt:_file.obj
 0001:0001b968       __acrt_uninitialize_stdio  000000018001c968 f   libucrt:_file.obj
 0001:0001b9c4       _lock_file                 000000018001c9c4 f   libucrt:_file.obj
 0001:0001b9d0       _unlock_file               000000018001c9d0 f   libucrt:_file.obj
 0001:0001b9dc       _isleadbyte_l              000000018001c9dc f i libucrt:_wctype.obj
 0001:0001ba1c       __acrt_GetStringTypeA      000000018001ca1c f   libucrt:getstringtypea.obj
 0001:0001bbd0       __acrt_add_locale_ref      000000018001cbd0 f   libucrt:locale_refcounting.obj
 0001:0001bc5c       __acrt_free_locale         000000018001cc5c f   libucrt:locale_refcounting.obj
 0001:0001bdd4       __acrt_locale_add_lc_time_reference 000000018001cdd4 f   libucrt:locale_refcounting.obj
 0001:0001bdfc       __acrt_locale_free_lc_time_if_unreferenced 000000018001cdfc f   libucrt:locale_refcounting.obj
 0001:0001be34       __acrt_locale_release_lc_time_reference 000000018001ce34 f   libucrt:locale_refcounting.obj
 0001:0001be5c       __acrt_release_locale_ref  000000018001ce5c f   libucrt:locale_refcounting.obj
 0001:0001bf04       __acrt_update_thread_locale_data 000000018001cf04 f   libucrt:locale_refcounting.obj
 0001:0001bf74       _updatetlocinfoEx_nolock   000000018001cf74 f   libucrt:locale_refcounting.obj
 0001:0001bfdc       __acrt_locale_free_monetary 000000018001cfdc f   libucrt:initmon.obj
 0001:0001c0e8       __acrt_locale_free_numeric 000000018001d0e8 f   libucrt:initnum.obj
 0001:0001c1ac       __acrt_locale_free_time    000000018001d1ac f   libucrt:inittime.obj
 0001:0001c37c       __acrt_DownlevelLocaleNameToLCID 000000018001d37c f   libucrt:lcidtoname_downlevel.obj
 0001:0001c480       qsort                      000000018001d480 f   libucrt:qsort.obj
 0001:0001c7b4       strncpy_s                  000000018001d7b4 f   libucrt:strncpy_s.obj
 0001:0001c888       strpbrk                    000000018001d888 f   libucrt:strpbrk.obj
 0001:0001c928       _mbsdec                    000000018001d928 f   libucrt:mbsdec.obj
 0001:0001c930       _mbsdec_l                  000000018001d930 f   libucrt:mbsdec.obj
 0001:0001cd3c       __acrt_LCMapStringA        000000018001dd3c f   libucrt:lcmapstringa.obj
 0001:0001cdd4       _msize                     000000018001ddd4 f   libucrt:msize.obj
 0001:0001ce10       _realloc_base              000000018001de10 f   libucrt:realloc_base.obj
 0001:0001ce94       __acrt_lowio_create_handle_array 000000018001de94 f   libucrt:osfinfo.obj
 0001:0001cf2c       __acrt_lowio_destroy_handle_array 000000018001df2c f   libucrt:osfinfo.obj
 0001:0001cf7c       __acrt_lowio_ensure_fh_exists 000000018001df7c f   libucrt:osfinfo.obj
 0001:0001d034       __acrt_lowio_lock_fh       000000018001e034 f   libucrt:osfinfo.obj
 0001:0001d058       __acrt_lowio_unlock_fh     000000018001e058 f   libucrt:osfinfo.obj
 0001:0001d07c       _free_osfhnd               000000018001e07c f   libucrt:osfinfo.obj
 0001:0001d138       _get_osfhandle             000000018001e138 f   libucrt:osfinfo.obj
 0001:0001d1b0       _isatty                    000000018001e1b0 f   libucrt:isatty.obj
 0001:0001d210       __acrt_stdio_flush_nolock  000000018001e210 f   libucrt:fflush.obj
 0001:0001d288       _fflush_nolock             000000018001e288 f   libucrt:fflush.obj
 0001:0001d2d4       _flushall                  000000018001e2d4 f   libucrt:fflush.obj
 0001:0001d3c4       _fcloseall                 000000018001e3c4 f   libucrt:closeall.obj
 0001:0001d478       __acrt_stdio_free_buffer_nolock 000000018001e478 f   libucrt:_freebuf.obj
 0001:0001d4b8       __strncnt                  000000018001e4b8 f   libucrt:strncnt.obj
 0001:0001d4d0       _query_app_type            000000018001e4d0 f   libucrt:report_runtime_error.obj
 0001:0001d4d8       ??$?RV<lambda_b521505b218e5242e90febf6bfebc422>@@AEAV<lambda_6978c1fb23f02e42e1d9e99668cc68aa>@@V<lambda_314360699dd331753a4119843814e9a7>@@@?$__crt_seh_guarded_call@H@@QEAAH$$QEAV<lambda_b521505b218e5242e90febf6bfebc422>@@AEAV<lambda_6978c1fb23f02e42e1d9e99668cc68aa>@@$$QEAV<lambda_314360699dd331753a4119843814e9a7>@@@Z 000000018001e4d8 f i libucrt:commit.obj
 0001:0001d564       _commit                    000000018001e564 f   libucrt:commit.obj
 0001:0001db98       _write                     000000018001eb98 f   libucrt:write.obj
 0001:0001dc84       _write_nolock              000000018001ec84 f   libucrt:write.obj
 0001:0001df70       log10                      000000018001ef70 f   libucrt:log10.obj
 0001:0001e5b8       _lseeki64_nolock           000000018001f5b8 f   libucrt:lseek.obj
 0001:0001e5c0       _fclose_nolock             000000018001f5c0 f   libucrt:fclose.obj
 0001:0001e644       fclose                     000000018001f644 f   libucrt:fclose.obj
 0001:0001e6b0       _putwch_nolock             000000018001f6b0 f   libucrt:putwch.obj
 0001:0001e830       _handle_error              000000018001f830 f   libucrt:libm_error.obj
 0001:0001e960       __acrt_initialize_fma3     000000018001f960 f   libucrt:fma3_available.obj
 0001:0001e9d0       _log10_special             000000018001f9d0 f   libucrt:log_special.obj
 0001:0001ea88       ??$?RV<lambda_bfedae4ebbf01fab1bb6dcc6a9e276e0>@@AEAV<lambda_2fe9b910cf3cbf4a0ab98a02ba45b3ec>@@V<lambda_237c231691f317818eb88cc1d5d642d6>@@@?$__crt_seh_guarded_call@H@@QEAAH$$QEAV<lambda_bfedae4ebbf01fab1bb6dcc6a9e276e0>@@AEAV<lambda_2fe9b910cf3cbf4a0ab98a02ba45b3ec>@@$$QEAV<lambda_237c231691f317818eb88cc1d5d642d6>@@@Z 000000018001fa88 f i libucrt:close.obj
 0001:0001eafc       _close                     000000018001fafc f   libucrt:close.obj
 0001:0001eba0       _close_nolock              000000018001fba0 f   libucrt:close.obj
 0001:0001ec5c       ?__acrt_stdio_free_stream@@YAXV__crt_stdio_stream@@@Z 000000018001fc5c f   libucrt:stream.obj
 0001:0001eca0       __dcrt_lowio_initialize_console_output 000000018001fca0 f   libucrt:initcon.obj
 0001:0001ecdc       __dcrt_terminate_console_output 000000018001fcdc f   libucrt:initcon.obj
 0001:0001ed10       _get_fpsr                  000000018001fd10 f   libucrt:fpsr.obj
 0001:0001ed20       _set_fpsr                  000000018001fd20 f   libucrt:fpsr.obj
 0001:0001ed2a       _fclrf                     000000018001fd2a f   libucrt:fpsr.obj
 0001:0001ed3e       _frnd                      000000018001fd3e f   libucrt:fpsr.obj
 0001:0001ed60       _raise_exc                 000000018001fd60 f   libucrt:fpexcept.obj
 0001:0001ed88       _raise_exc_ex              000000018001fd88 f   libucrt:fpexcept.obj
 0001:0001f090       _set_errno_from_matherr    0000000180020090 f   libucrt:fpexcept.obj
 0001:0001f0c0       _clrfp                     00000001800200c0 f   libucrt:fpctrl.obj
 0001:0001f0e0       _ctrlfp                    00000001800200e0 f   libucrt:fpctrl.obj
 0001:0001f15c       _set_statfp                000000018002015c f   libucrt:fpctrl.obj
 0001:0001f17c       _statfp                    000000018002017c f   libucrt:fpctrl.obj
 0001:0001f18d       Process32FirstW            000000018002018d f   kernel32:KERNEL32.dll
 0001:0001f193       Process32NextW             0000000180020193 f   kernel32:KERNEL32.dll
 0001:0001f199       IsProcessorFeaturePresent  0000000180020199 f   kernel32:KERNEL32.dll
 0001:0001f19f       RtlUnwindEx                000000018002019f f   kernel32:KERNEL32.dll
 0001:0001f1b0       _FindPESection             00000001800201b0 f   LIBCMT:pesect.obj
 0001:0001f200       _IsNonwritableInCurrentImage 0000000180020200 f   LIBCMT:pesect.obj
 0001:0001f250       _ValidateImageBase         0000000180020250 f   LIBCMT:pesect.obj
 0001:0001f290       __chkstk                   0000000180020290 f   LIBCMT:_chkstk_.obj
 0001:0001f290       _alloca_probe              0000000180020290 f   LIBCMT:_chkstk_.obj
 0001:0001f300       _guard_dispatch_icall_nop  0000000180020300 f   LIBCMT:_guard_dispatch_.obj
 0001:0001f320       __guard_ss_verify_failure  0000000180020320 f   LIBCMT:_rfgfailure_.obj
 0001:0001f32b       __guard_ss_verify_failure_rcx 000000018002032b     LIBCMT:_rfgfailure_.obj
 0001:0001f331       __guard_ss_verify_failure_rdx 0000000180020331     LIBCMT:_rfgfailure_.obj
 0001:0001f337       __guard_ss_verify_failure_r8 0000000180020337     LIBCMT:_rfgfailure_.obj
 0001:0001f33d       __guard_ss_verify_failure_r9 000000018002033d     LIBCMT:_rfgfailure_.obj
 0001:0001f343       __guard_ss_verify_failure_r10 0000000180020343     LIBCMT:_rfgfailure_.obj
 0001:0001f350       __guard_ss_verify_failure_default 0000000180020350 f   LIBCMT:_rfgfailure_.obj
 0001:0001f3b0       __guard_ss_verify_sp       00000001800203b0 f   LIBCMT:_rfgfailure_.obj
 0001:0001f3c0       __guard_ss_verify_sp_default 00000001800203c0 f   LIBCMT:_rfgfailure_.obj
 0002:00000000       __imp_RegSetValueExW       0000000180021000     advapi32:ADVAPI32.dll
 0002:00000008       __imp_RegQueryValueExW     0000000180021008     advapi32:ADVAPI32.dll
 0002:00000010       __imp_RegOpenKeyExW        0000000180021010     advapi32:ADVAPI32.dll
 0002:00000018       __imp_RegCreateKeyExW      0000000180021018     advapi32:ADVAPI32.dll
 0002:00000020       __imp_RegCloseKey          0000000180021020     advapi32:ADVAPI32.dll
 0002:00000028       \177ADVAPI32_NULL_THUNK_DATA 0000000180021028     advapi32:ADVAPI32.dll
 0002:00000030       __imp_GdiFlush             0000000180021030     gdi32:GDI32.dll
 0002:00000038       __imp_GetObjectW           0000000180021038     gdi32:GDI32.dll
 0002:00000040       __imp_CreateDIBSection     0000000180021040     gdi32:GDI32.dll
 0002:00000048       __imp_GdiAlphaBlend        0000000180021048     gdi32:GDI32.dll
 0002:00000050       __imp_SetStretchBltMode    0000000180021050     gdi32:GDI32.dll
 0002:00000058       __imp_StretchBlt           0000000180021058     gdi32:GDI32.dll
 0002:00000060       __imp_MoveToEx             0000000180021060     gdi32:GDI32.dll
 0002:00000068       __imp_SetTextColor         0000000180021068     gdi32:GDI32.dll
 0002:00000070       __imp_SetBkColor           0000000180021070     gdi32:GDI32.dll
 0002:00000078       __imp_SelectObject         0000000180021078     gdi32:GDI32.dll
 0002:00000080       __imp_Rectangle            0000000180021080     gdi32:GDI32.dll
 0002:00000088       __imp_LineTo               0000000180021088     gdi32:GDI32.dll
 0002:00000090       __imp_GetStockObject       0000000180021090     gdi32:GDI32.dll
 0002:00000098       __imp_DeleteObject         0000000180021098     gdi32:GDI32.dll
 0002:000000a0       __imp_DeleteDC             00000001800210a0     gdi32:GDI32.dll
 0002:000000a8       __imp_CreateSolidBrush     00000001800210a8     gdi32:GDI32.dll
 0002:000000b0       __imp_CreatePen            00000001800210b0     gdi32:GDI32.dll
 0002:000000b8       __imp_CreateFontW          00000001800210b8     gdi32:GDI32.dll
 0002:000000c0       __imp_CreateCompatibleDC   00000001800210c0     gdi32:GDI32.dll
 0002:000000c8       __imp_CreateCompatibleBitmap 00000001800210c8     gdi32:GDI32.dll
 0002:000000d0       __imp_BitBlt               00000001800210d0     gdi32:GDI32.dll
 0002:000000d8       \177GDI32_NULL_THUNK_DATA  00000001800210d8     gdi32:GDI32.dll
 0002:000000e0       __imp_GetExitCodeThread    00000001800210e0     kernel32:KERNEL32.dll
 0002:000000e8       __imp_SetEvent             00000001800210e8     kernel32:KERNEL32.dll
 0002:000000f0       __imp_WaitForMultipleObjects 00000001800210f0     kernel32:KERNEL32.dll
 0002:000000f8       __imp_Sleep                00000001800210f8     kernel32:KERNEL32.dll
 0002:00000100       __imp_FileTimeToSystemTime 0000000180021100     kernel32:KERNEL32.dll
 0002:00000108       __imp_CreateEventW         0000000180021108     kernel32:KERNEL32.dll
 0002:00000110       __imp_FreeLibrary          0000000180021110     kernel32:KERNEL32.dll
 0002:00000118       __imp_ResetEvent           0000000180021118     kernel32:KERNEL32.dll
 0002:00000120       __imp_FindClose            0000000180021120     kernel32:KERNEL32.dll
 0002:00000128       __imp_GetTickCount         0000000180021128     kernel32:KERNEL32.dll
 0002:00000130       __imp_LoadLibraryW         0000000180021130     kernel32:KERNEL32.dll
 0002:00000138       __imp_GetTempPathW         0000000180021138     kernel32:KERNEL32.dll
 0002:00000140       __imp_CreateFileW          0000000180021140     kernel32:KERNEL32.dll
 0002:00000148       __imp_FindFirstFileW       0000000180021148     kernel32:KERNEL32.dll
 0002:00000150       __imp_FindNextFileW        0000000180021150     kernel32:KERNEL32.dll
 0002:00000158       __imp_IsBadReadPtr         0000000180021158     kernel32:KERNEL32.dll
 0002:00000160       __imp_WriteConsoleW        0000000180021160     kernel32:KERNEL32.dll
 0002:00000168       __imp_SetFilePointerEx     0000000180021168     kernel32:KERNEL32.dll
 0002:00000170       __imp_GetConsoleMode       0000000180021170     kernel32:KERNEL32.dll
 0002:00000178       __imp_GetConsoleCP         0000000180021178     kernel32:KERNEL32.dll
 0002:00000180       __imp_FlushFileBuffers     0000000180021180     kernel32:KERNEL32.dll
 0002:00000188       __imp_SetStdHandle         0000000180021188     kernel32:KERNEL32.dll
 0002:00000190       __imp_GetFileType          0000000180021190     kernel32:KERNEL32.dll
 0002:00000198       __imp_GetProcessHeap       0000000180021198     kernel32:KERNEL32.dll
 0002:000001a0       __imp_LocalAlloc           00000001800211a0     kernel32:KERNEL32.dll
 0002:000001a8       __imp_FreeEnvironmentStringsW 00000001800211a8     kernel32:KERNEL32.dll
 0002:000001b0       __imp_GetEnvironmentStringsW 00000001800211b0     kernel32:KERNEL32.dll
 0002:000001b8       __imp_GetCommandLineW      00000001800211b8     kernel32:KERNEL32.dll
 0002:000001c0       __imp_GetCommandLineA      00000001800211c0     kernel32:KERNEL32.dll
 0002:000001c8       __imp_GetCPInfo            00000001800211c8     kernel32:KERNEL32.dll
 0002:000001d0       __imp_GetOEMCP             00000001800211d0     kernel32:KERNEL32.dll
 0002:000001d8       __imp_IsValidCodePage      00000001800211d8     kernel32:KERNEL32.dll
 0002:000001e0       __imp_FindNextFileA        00000001800211e0     kernel32:KERNEL32.dll
 0002:000001e8       __imp_FindFirstFileExA     00000001800211e8     kernel32:KERNEL32.dll
 0002:000001f0       __imp_LCMapStringW         00000001800211f0     kernel32:KERNEL32.dll
 0002:000001f8       __imp_GetACP               00000001800211f8     kernel32:KERNEL32.dll
 0002:00000200       __imp_GetStringTypeW       0000000180021200     kernel32:KERNEL32.dll
 0002:00000208       __imp_GetModuleFileNameA   0000000180021208     kernel32:KERNEL32.dll
 0002:00000210       __imp_GetModuleHandleExW   0000000180021210     kernel32:KERNEL32.dll
 0002:00000218       __imp_ExitProcess          0000000180021218     kernel32:KERNEL32.dll
 0002:00000220       __imp_RtlPcToFileHeader    0000000180021220     kernel32:KERNEL32.dll
 0002:00000228       __imp_LoadLibraryExW       0000000180021228     kernel32:KERNEL32.dll
 0002:00000230       __imp_TlsFree              0000000180021230     kernel32:KERNEL32.dll
 0002:00000238       __imp_TlsSetValue          0000000180021238     kernel32:KERNEL32.dll
 0002:00000240       __imp_MultiByteToWideChar  0000000180021240     kernel32:KERNEL32.dll
 0002:00000248       __imp_lstrlenA             0000000180021248     kernel32:KERNEL32.dll
 0002:00000250       __imp_lstrcpynA            0000000180021250     kernel32:KERNEL32.dll
 0002:00000258       __imp_lstrcmpW             0000000180021258     kernel32:KERNEL32.dll
 0002:00000260       __imp_Thread32Next         0000000180021260     kernel32:KERNEL32.dll
 0002:00000268       __imp_Thread32First        0000000180021268     kernel32:KERNEL32.dll
 0002:00000270       __imp_CreateToolhelp32Snapshot 0000000180021270     kernel32:KERNEL32.dll
[...]
 0004:0000147c       $pdata$__acrt_FlsFree      000000018005b47c     libucrt:winapi_thunks.obj
 0004:00001488       $pdata$__acrt_FlsGetValue  000000018005b488     libucrt:winapi_thunks.obj
 0004:00001494       $pdata$__acrt_FlsSetValue  000000018005b494     libucrt:winapi_thunks.obj
 0004:000014a0       $pdata$__acrt_InitializeCriticalSectionEx 000000018005b4a0     libucrt:winapi_thunks.obj
 0004:000014ac       $pdata$__acrt_LCMapStringEx 000000018005b4ac     libucrt:winapi_thunks.obj
 0004:000014b8       $pdata$__acrt_LocaleNameToLCID 000000018005b4b8     libucrt:winapi_thunks.obj
 0004:000014c4       $pdata$__acrt_initialize_winapi_thunks 000000018005b4c4     libucrt:winapi_thunks.obj
 0004:000014d0       $pdata$__acrt_is_packaged_app 000000018005b4d0     libucrt:winapi_thunks.obj
 0004:000014dc       $pdata$__acrt_uninitialize_winapi_thunks 000000018005b4dc     libucrt:winapi_thunks.obj
 0004:000014e8       $pdata$??$common_expand_argv_wildcards@D@@YAHQEAPEADQEAPEAPEAD@Z 000000018005b4e8     libucrt:argv_wildcards.obj
 0004:000014f4       $pdata$??$copy_and_add_argument_to_buffer@D@@YAHQEBD0_KAEAV?$argument_list@D@?A0xca0879c4@@@Z 000000018005b4f4     libucrt:argv_wildcards.obj
 0004:00001500       $pdata$??$expand_argument_wildcards@D@@YAHQEAD0AEAV?$argument_list@D@?A0xca0879c4@@@Z 000000018005b500     libucrt:argv_wildcards.obj
 0004:0000150c       $pdata$?expand_if_necessary@?$argument_list@D@?A0xca0879c4@@AEAAHXZ 000000018005b50c     libucrt:argv_wildcards.obj
 0004:00001518       $pdata$??$?RV<lambda_99476a1ad63dd22509b5d3e65b0ffc95>@@AEAV<lambda_ad1ced32f4ac17aa236e5ef05d6b3b7c>@@V<lambda_f7424dd8d45958661754dc4f2697e9c3>@@@?$__crt_seh_guarded_call@X@@QEAAX$$QEAV<lambda_99476a1ad63dd22509b5d3e65b0ffc95>@@AEAV<lambda_ad1ced32f4ac17aa236e5ef05d6b3b7c>@@$$QEAV<lambda_f7424dd8d45958661754dc4f2697e9c3>@@@Z 000000018005b518     libucrt:mbctype.obj
 0004:00001524       $pdata$??R<lambda_ad1ced32f4ac17aa236e5ef05d6b3b7c>@@QEBAXXZ 000000018005b524     libucrt:mbctype.obj
 0004:00001530       $pdata$?getSystemCP@@YAHH@Z 000000018005b530     libucrt:mbctype.obj
 0004:0000153c       $pdata$?setSBCS@@YAXPEAU__crt_multibyte_data@@@Z 000000018005b53c     libucrt:mbctype.obj
 0004:00001548       $pdata$?setSBUpLow@@YAXPEAU__crt_multibyte_data@@@Z 000000018005b548     libucrt:mbctype.obj
 0004:00001554       $pdata$?setmbcp_internal@@YAHH_N@Z 000000018005b554     libucrt:mbctype.obj
 0004:00001560       $pdata$__acrt_initialize_multibyte 000000018005b560     libucrt:mbctype.obj
 0004:0000156c       $pdata$__acrt_update_thread_multibyte_data 000000018005b56c     libucrt:mbctype.obj
 0004:00001578       $pdata$_setmbcp_nolock     000000018005b578     libucrt:mbctype.obj
 0004:00001584       $pdata$?x_ismbbtype_l@@YAHPEAU__crt_locale_pointers@@IHH@Z 000000018005b584     libucrt:ismbbyte.obj
 0004:00001590       $pdata$__acrt_initialize_command_line 000000018005b590     libucrt:argv_data.obj
 0004:0000159c       $pdata$__dcrt_get_narrow_environment_from_os 000000018005b59c     libucrt:get_environment_from_os.obj
 0004:000015a8       $pdata$_recalloc_base      000000018005b5a8     libucrt:recalloc.obj
 0004:000015b4       $pdata$__acrt_initialize_heap 000000018005b5b4     libucrt:heap_handle.obj
 0004:000015c0       $pdata$?initialize_inherited_file_handles_nolock@@YAXXZ 000000018005b5c0     libucrt:ioinit.obj
 0004:000015cc       $pdata$?initialize_stdio_handles_nolock@@YAXXZ 000000018005b5cc     libucrt:ioinit.obj
 0004:000015d8       $pdata$__acrt_initialize_lowio 000000018005b5d8     libucrt:ioinit.obj
 0004:000015e4       $pdata$__acrt_uninitialize_lowio 000000018005b5e4     libucrt:ioinit.obj
 0004:000015f0       $pdata$__acrt_execute_initializers 000000018005b5f0     libucrt:shared_initialization.obj
 0004:000015fc       $pdata$__acrt_execute_uninitializers 000000018005b5fc     libucrt:shared_initialization.obj
 0004:00001608       $pdata$_callnewh           000000018005b608     libucrt:new_handler.obj
 0004:00001614       $pdata$_query_new_handler  000000018005b614     libucrt:new_handler.obj
 0004:00001620       $pdata$??$?RV<lambda_c36588078e9f5dfd39652860aa6b3aaf>@@AEAV<lambda_ec61778202f4f5fc7e7711acc23c3bca>@@V<lambda_dc9d2797ccde5d239b4a0efae8ebd7db>@@@?$__crt_seh_guarded_call@P6AXH@Z@@QEAAP6AXH@Z$$QEAV<lambda_c36588078e9f5dfd39652860aa6b3aaf>@@AEAV<lambda_ec61778202f4f5fc7e7711acc23c3bca>@@$$QEAV<lambda_dc9d2797ccde5d239b4a0efae8ebd7db>@@@Z 000000018005b620     libucrt:signal.obj
 0004:0000162c       $pdata$__acrt_get_sigabrt_handler 000000018005b62c     libucrt:signal.obj
 0004:00001638       $pdata$raise               000000018005b638     libucrt:signal.obj
 0004:00001644       $pdata$__acrt_invoke_user_matherr 000000018005b644     libucrt:matherr.obj
 0004:00001650       $pdata$_mbtowc_l           000000018005b650     libucrt:mbtowc.obj
 0004:0000165c       $pdata$_fileno             000000018005b65c     libucrt:fileno.obj
 0004:00001668       $pdata$__acrt_initialize_stdio 000000018005b668     libucrt:_file.obj
 0004:00001674       $pdata$__acrt_uninitialize_stdio 000000018005b674     libucrt:_file.obj
 0004:00001680       $pdata$_isleadbyte_l       000000018005b680     libucrt:_wctype.obj
 0004:0000168c       $pdata$__acrt_GetStringTypeA 000000018005b68c     libucrt:getstringtypea.obj
 0004:00001698       $pdata$__acrt_free_locale  000000018005b698     libucrt:locale_refcounting.obj
 0004:000016a4       $pdata$__acrt_locale_free_lc_time_if_unreferenced 000000018005b6a4     libucrt:locale_refcounting.obj
 0004:000016b0       $pdata$__acrt_release_locale_ref 000000018005b6b0     libucrt:locale_refcounting.obj
 0004:000016bc       $pdata$__acrt_update_thread_locale_data 000000018005b6bc     libucrt:locale_refcounting.obj
 0004:000016c8       $pdata$_updatetlocinfoEx_nolock 000000018005b6c8     libucrt:locale_refcounting.obj
 0004:000016d4       $pdata$__acrt_locale_free_monetary 000000018005b6d4     libucrt:initmon.obj
 0004:000016e0       $pdata$__acrt_locale_free_numeric 000000018005b6e0     libucrt:initnum.obj
 0004:000016ec       $pdata$?free_crt_array_internal@@YAXQEAPEBX_K@Z 000000018005b6ec     libucrt:inittime.obj
 0004:000016f8       $pdata$__acrt_locale_free_time 000000018005b6f8     libucrt:inittime.obj
 0004:00001704       $pdata$?GetTableIndexFromLocaleName@@YAHPEB_W@Z 000000018005b704     libucrt:lcidtoname_downlevel.obj
 0004:00001710       $pdata$__acrt_DownlevelLocaleNameToLCID 000000018005b710     libucrt:lcidtoname_downlevel.obj
 0004:0000171c       $pdata$?shortsort@@YAXPEAD0_KP6AHPEBX2@Z@Z 000000018005b71c     libucrt:qsort.obj
 0004:00001728       $pdata$2$?shortsort@@YAXPEAD0_KP6AHPEBX2@Z@Z 000000018005b728     libucrt:qsort.obj
 0004:00001734       $pdata$3$?shortsort@@YAXPEAD0_KP6AHPEBX2@Z@Z 000000018005b734     libucrt:qsort.obj
 0004:00001740       $pdata$qsort               000000018005b740     libucrt:qsort.obj
 0004:0000174c       $pdata$4$qsort             000000018005b74c     libucrt:qsort.obj
 0004:00001758       $pdata$5$qsort             000000018005b758     libucrt:qsort.obj
 0004:00001764       $pdata$strncpy_s           000000018005b764     libucrt:strncpy_s.obj
 0004:00001770       $pdata$strpbrk             000000018005b770     libucrt:strpbrk.obj
 0004:0000177c       $pdata$_mbsdec_l           000000018005b77c     libucrt:mbsdec.obj
 0004:00001788       $pdata$?initialize_multibyte@@YAHXZ 000000018005b788     libucrt:multibyte_initializer.obj
 0004:00001794       $pdata$?__acrt_LCMapStringA_stat@@YAHPEAU__crt_locale_pointers@@PEB_WKPEBDHPEADHHH@Z 000000018005b794     libucrt:lcmapstringa.obj
 0004:000017a0       $pdata$__acrt_LCMapStringA 000000018005b7a0     libucrt:lcmapstringa.obj
 0004:000017ac       $pdata$_msize              000000018005b7ac     libucrt:msize.obj
 0004:000017b8       $pdata$_realloc_base       000000018005b7b8     libucrt:realloc_base.obj
 0004:000017c4       $pdata$__acrt_lowio_create_handle_array 000000018005b7c4     libucrt:osfinfo.obj
 0004:000017d0       $pdata$__acrt_lowio_destroy_handle_array 000000018005b7d0     libucrt:osfinfo.obj
 0004:000017dc       $pdata$__acrt_lowio_ensure_fh_exists 000000018005b7dc     libucrt:osfinfo.obj
 0004:000017e8       $pdata$_free_osfhnd        000000018005b7e8     libucrt:osfinfo.obj
 0004:000017f4       $pdata$_get_osfhandle      000000018005b7f4     libucrt:osfinfo.obj
 0004:00001800       $pdata$_isatty             000000018005b800     libucrt:isatty.obj
 0004:0000180c       $pdata$__acrt_stdio_flush_nolock 000000018005b80c     libucrt:fflush.obj
 0004:00001818       $pdata$_fflush_nolock      000000018005b818     libucrt:fflush.obj
 0004:00001824       $pdata$common_flush_all    000000018005b824     libucrt:fflush.obj
 0004:00001830       $pdata$_fcloseall          000000018005b830     libucrt:closeall.obj
 0004:0000183c       $pdata$__acrt_stdio_free_buffer_nolock 000000018005b83c     libucrt:_freebuf.obj
 0004:00001848       $pdata$??$?RV<lambda_b521505b218e5242e90febf6bfebc422>@@AEAV<lambda_6978c1fb23f02e42e1d9e99668cc68aa>@@V<lambda_314360699dd331753a4119843814e9a7>@@@?$__crt_seh_guarded_call@H@@QEAAH$$QEAV<lambda_b521505b218e5242e90febf6bfebc422>@@AEAV<lambda_6978c1fb23f02e42e1d9e99668cc68aa>@@$$QEAV<lambda_314360699dd331753a4119843814e9a7>@@@Z 000000018005b848     libucrt:commit.obj
 0004:00001854       $pdata$_commit             000000018005b854     libucrt:commit.obj
 0004:00001860       $pdata$?write_double_translated_ansi_nolock@@YA?AUwrite_result@?A0x9c548279@@HQEBDI@Z 000000018005b860     libucrt:write.obj
 0004:0000186c       $pdata$?write_text_ansi_nolock@@YA?AUwrite_result@?A0x9c548279@@HQEBDI@Z 000000018005b86c     libucrt:write.obj
 0004:00001878       $pdata$?write_text_utf16le_nolock@@YA?AUwrite_result@?A0x9c548279@@HQEBDI@Z 000000018005b878     libucrt:write.obj
 0004:00001884       $pdata$?write_text_utf8_nolock@@YA?AUwrite_result@?A0x9c548279@@HQEBDI@Z 000000018005b884     libucrt:write.obj
 0004:00001890       $pdata$_write              000000018005b890     libucrt:write.obj
 0004:0000189c       $pdata$_write_nolock       000000018005b89c     libucrt:write.obj
 0004:000018b4       $pdata$??$common_lseek_nolock@_J@@YA_JH_JH@Z 000000018005b8b4     libucrt:lseek.obj
 0004:000018c0       $pdata$_fclose_nolock      000000018005b8c0     libucrt:fclose.obj
 0004:000018cc       $pdata$fclose              000000018005b8cc     libucrt:fclose.obj
 0004:000018d8       $pdata$_putwch_nolock      000000018005b8d8     libucrt:putwch.obj
 0004:000018e4       $pdata$_call_matherr       000000018005b8e4     libucrt:libm_error.obj
 0004:000018f0       $pdata$_exception_enabled  000000018005b8f0     libucrt:libm_error.obj
 0004:000018fc       $pdata$_handle_error       000000018005b8fc     libucrt:libm_error.obj
 0004:00001908       $pdata$__acrt_initialize_fma3 000000018005b908     libucrt:fma3_available.obj
 0004:00001914       $pdata$_log10_special      000000018005b914     libucrt:log_special.obj
 0004:00001920       $pdata$_log_special_common 000000018005b920     libucrt:log_special.obj
 0004:0000192c       $pdata$??$?RV<lambda_bfedae4ebbf01fab1bb6dcc6a9e276e0>@@AEAV<lambda_2fe9b910cf3cbf4a0ab98a02ba45b3ec>@@V<lambda_237c231691f317818eb88cc1d5d642d6>@@@?$__crt_seh_guarded_call@H@@QEAAH$$QEAV<lambda_bfedae4ebbf01fab1bb6dcc6a9e276e0>@@AEAV<lambda_2fe9b910cf3cbf4a0ab98a02ba45b3ec>@@$$QEAV<lambda_237c231691f317818eb88cc1d5d642d6>@@@Z 000000018005b92c     libucrt:close.obj
 0004:00001938       $pdata$_close              000000018005b938     libucrt:close.obj
 0004:00001944       $pdata$_close_nolock       000000018005b944     libucrt:close.obj
 0004:00001950       $pdata$__dcrt_lowio_initialize_console_output 000000018005b950     libucrt:initcon.obj
 0004:0000195c       $pdata$__dcrt_terminate_console_output 000000018005b95c     libucrt:initcon.obj
 0004:00001974       $pdata$_raise_exc          000000018005b974     libucrt:fpexcept.obj
 0004:00001980       $pdata$_raise_exc_ex       000000018005b980     libucrt:fpexcept.obj
 0004:0000198c       $pdata$_set_errno_from_matherr 000000018005b98c     libucrt:fpexcept.obj
 0004:00001998       $pdata$_clrfp              000000018005b998     libucrt:fpctrl.obj
 0004:000019a4       $pdata$_ctrlfp             000000018005b9a4     libucrt:fpctrl.obj
 0004:000019b0       $pdata$_set_statfp         000000018005b9b0     libucrt:fpctrl.obj
 0004:000019bc       $pdata$_statfp             000000018005b9bc     libucrt:fpctrl.obj
 0004:000019c8       $pdata$_IsNonwritableInCurrentImage 000000018005b9c8     LIBCMT:pesect.obj
 0004:00001a1c       $pdata$?dtor$0@?0??CheckVarsInitialized@@YAXXZ@4HA 000000018005ba1c     ConEmuTh.obj
 0004:00001a28       $pdata$?dtor$1@?0??CheckVarsInitialized@@YAXXZ@4HA 000000018005ba28     ConEmuTh.obj
 0004:00001a34       $pdata$?dtor$2@?0??CheckVarsInitialized@@YAXXZ@4HA 000000018005ba34     ConEmuTh.obj
 0004:00001a40       $pdata$?dtor$0@?0??StartPlugin@@YAXH@Z@4HA 000000018005ba40     ConEmuTh.obj
 0004:00001a4c       $pdata$?dtor$0@?0???0?$CQueueProcessor@PEAUIMAGE_CACHE_INFO@@@@QEAA@XZ@4HA 000000018005ba4c     ImgCache.obj
 0004:00001a58       $pdata$?dtor$0@?0??RequestItem@CImgCache@@QEAAHPEAUCePluginPanelItem@@I@Z@4HA 000000018005ba58     ImgCache.obj
 0004:00001a64       $pdata$?fin$0@?0??dllmain_crt_process_attach@@YAHQEAUHINSTANCE__@@QEAX@Z@4HA 000000018005ba64     LIBCMT:dll_dllmain.obj
 0004:00001a70       $pdata$?fin$0@?0??dllmain_crt_process_detach@@YAH_N@Z@4HA 000000018005ba70     LIBCMT:dll_dllmain.obj
 0004:00001a7c       $pdata$?filt$0@?0??dllmain_dispatch@@YAHQEAUHINSTANCE__@@KQEAX@Z@4HA 000000018005ba7c     LIBCMT:dll_dllmain.obj
 0004:00001a88       $pdata$__scrt_is_nonwritable_in_current_image$filt$0 000000018005ba88     LIBCMT:utility.obj
 0004:00001a94       $pdata$_CallSETranslator$filt$0 000000018005ba94     libvcruntime:risctrnsctrl.obj
 0004:00001aa0       $pdata$__CxxCallCatchBlock$filt$0 000000018005baa0     libvcruntime:frame.obj
 0004:00001aac       $pdata$__CxxCallCatchBlock$fin$1 000000018005baac     libvcruntime:frame.obj
 0004:00001ab8       $pdata$__FrameUnwindToState$filt$0 000000018005bab8     libvcruntime:frame.obj
 0004:00001ac4       $pdata$__FrameUnwindToState$fin$1 000000018005bac4     libvcruntime:frame.obj
 0004:00001ad0       $pdata$__DestructExceptionObject$filt$0 000000018005bad0     libvcruntime:ehhelpers.obj
 0004:00001adc       $pdata$?filt$0@?0??common_exit@@YAXHW4_crt_exit_cleanup_mode@@W4_crt_exit_return_mode@@@Z@4HA 000000018005badc     libucrt:exit.obj
 0004:00001ae8       $pdata$?fin$1@?0??common_exit@@YAXHW4_crt_exit_cleanup_mode@@W4_crt_exit_return_mode@@@Z@4HA 000000018005bae8     libucrt:exit.obj
 0004:00001af4       $pdata$?fin$0@?0???$?RV<lambda_e24bbb7b643b32fcea6fa61b31d4c984>@@AEAV<lambda_275893d493268fdec8709772e3fcec0e>@@V<lambda_9d71df4d7cf3f480f8d633942495c3b0>@@@?$__crt_seh_guarded_call@H@@QEAAH$$QEAV<lambda_e24bbb7b643b32fcea6fa61b31d4c984>@@AEAV<lambda_275893d493268fdec8709772e3fcec0e>@@$$QEAV<lambda_9d71df4d7cf3f480f8d633942495c3b0>@@@Z@4HA 000000018005baf4     libucrt:onexit.obj
 0004:00001b00       $pdata$__acrt_update_thread_locale_data$fin$0 000000018005bb00     libucrt:locale_refcounting.obj
 0004:00001b00       $pdata$__acrt_uninitialize_locale$fin$0 000000018005bb00     libucrt:wsetlocale.obj
 0004:00001b0c       $pdata$?fin$0@?0???$?RV<lambda_72d1df2b273a38828b1ce30cbf4cdab5>@@AEAV<lambda_876a65b173b8412d3a47c70a915b0cf4>@@V<lambda_41932305e351933ebe8f8be3ed8bb5dc>@@@?$__crt_seh_guarded_call@X@@QEAAX$$QEAV<lambda_72d1df2b273a38828b1ce30cbf4cdab5>@@AEAV<lambda_876a65b173b8412d3a47c70a915b0cf4>@@$$QEAV<lambda_41932305e351933ebe8f8be3ed8bb5dc>@@@Z@4HA 000000018005bb0c     libucrt:per_thread_data.obj
 0004:00001b0c       $pdata$?fin$0@?0???$?RV<lambda_99476a1ad63dd22509b5d3e65b0ffc95>@@AEAV<lambda_ad1ced32f4ac17aa236e5ef05d6b3b7c>@@V<lambda_f7424dd8d45958661754dc4f2697e9c3>@@@?$__crt_seh_guarded_call@X@@QEAAX$$QEAV<lambda_99476a1ad63dd22509b5d3e65b0ffc95>@@AEAV<lambda_ad1ced32f4ac17aa236e5ef05d6b3b7c>@@$$QEAV<lambda_f7424dd8d45958661754dc4f2697e9c3>@@@Z@4HA 000000018005bb0c     libucrt:mbctype.obj
 0004:00001b0c       $pdata$?fin$0@?0???$?RV<lambda_5e887d1dcbef67a5eb4283622ba103bf>@@AEAV<lambda_4466841279450cc726390878d4a41900>@@V<lambda_341c25c0346d94847f1f3c463c57e077>@@@?$__crt_seh_guarded_call@X@@QEAAX$$QEAV<lambda_5e887d1dcbef67a5eb4283622ba103bf>@@AEAV<lambda_4466841279450cc726390878d4a41900>@@$$QEAV<lambda_341c25c0346d94847f1f3c463c57e077>@@@Z@4HA 000000018005bb0c     libucrt:per_thread_data.obj
 0004:00001b0c       $pdata$?fin$0@?0???$?RV<lambda_fb3a7dec4e47f37f22dae91bb15c9095>@@AEAV<lambda_698284760c8add0bfb0756c19673e34b>@@V<lambda_dfb8eca1e75fef3034a8fb18dd509707>@@@?$__crt_seh_guarded_call@X@@QEAAX$$QEAV<lambda_fb3a7dec4e47f37f22dae91bb15c9095>@@AEAV<lambda_698284760c8add0bfb0756c19673e34b>@@$$QEAV<lambda_dfb8eca1e75fef3034a8fb18dd509707>@@@Z@4HA 000000018005bb0c     libucrt:per_thread_data.obj
 0004:00001b0c       $pdata$?fin$0@?0???$?RV<lambda_46352004c1216016012b18bd6f87e700>@@AEAV<lambda_3bd07e1a1191394380780325891bf33f>@@V<lambda_334532d3f185bcaa59b5be82d7d22bff>@@@?$__crt_seh_guarded_call@X@@QEAAX$$QEAV<lambda_46352004c1216016012b18bd6f87e700>@@AEAV<lambda_3bd07e1a1191394380780325891bf33f>@@$$QEAV<lambda_334532d3f185bcaa59b5be82d7d22bff>@@@Z@4HA 000000018005bb0c     libucrt:per_thread_data.obj
 0004:00001b0c       $pdata$?fin$0@?0???$?RV<lambda_c36588078e9f5dfd39652860aa6b3aaf>@@AEAV<lambda_ec61778202f4f5fc7e7711acc23c3bca>@@V<lambda_dc9d2797ccde5d239b4a0efae8ebd7db>@@@?$__crt_seh_guarded_call@P6AXH@Z@@QEAAP6AXH@Z$$QEAV<lambda_c36588078e9f5dfd39652860aa6b3aaf>@@AEAV<lambda_ec61778202f4f5fc7e7711acc23c3bca>@@$$QEAV<lambda_dc9d2797ccde5d239b4a0efae8ebd7db>@@@Z@4HA 000000018005bb0c     libucrt:signal.obj
 0004:00001b18       $pdata$__acrt_update_thread_multibyte_data$fin$0 000000018005bb18     libucrt:mbctype.obj
 0004:00001b24       $pdata$__acrt_initialize_lowio$fin$0 000000018005bb24     libucrt:ioinit.obj
 0004:00001b24       $pdata$__acrt_lowio_ensure_fh_exists$fin$0 000000018005bb24     libucrt:osfinfo.obj
 0004:00001b30       $pdata$_query_new_handler$fin$0 000000018005bb30     libucrt:new_handler.obj
 0004:00001b3c       $pdata$raise$fin$0         000000018005bb3c     libucrt:signal.obj
 0004:00001b48       $pdata$common_flush_all$fin$0 000000018005bb48     libucrt:fflush.obj
 0004:00001b54       $pdata$common_flush_all$fin$1 000000018005bb54     libucrt:fflush.obj
 0004:00001b60       $pdata$_fcloseall$fin$0    000000018005bb60     libucrt:closeall.obj
 0004:00001b6c       $pdata$?fin$0@?0???$?RV<lambda_b521505b218e5242e90febf6bfebc422>@@AEAV<lambda_6978c1fb23f02e42e1d9e99668cc68aa>@@V<lambda_314360699dd331753a4119843814e9a7>@@@?$__crt_seh_guarded_call@H@@QEAAH$$QEAV<lambda_b521505b218e5242e90febf6bfebc422>@@AEAV<lambda_6978c1fb23f02e42e1d9e99668cc68aa>@@$$QEAV<lambda_314360699dd331753a4119843814e9a7>@@@Z@4HA 000000018005bb6c     libucrt:commit.obj
 0004:00001b6c       $pdata$?fin$0@?0???$?RV<lambda_bfedae4ebbf01fab1bb6dcc6a9e276e0>@@AEAV<lambda_2fe9b910cf3cbf4a0ab98a02ba45b3ec>@@V<lambda_237c231691f317818eb88cc1d5d642d6>@@@?$__crt_seh_guarded_call@H@@QEAAH$$QEAV<lambda_bfedae4ebbf01fab1bb6dcc6a9e276e0>@@AEAV<lambda_2fe9b910cf3cbf4a0ab98a02ba45b3ec>@@$$QEAV<lambda_237c231691f317818eb88cc1d5d642d6>@@@Z@4HA 000000018005bb6c     libucrt:close.obj
 0004:00001b78       $pdata$_write$fin$0        000000018005bb78     libucrt:write.obj
 0004:00001b84       $pdata$fclose$fin$0        000000018005bb84     libucrt:fclose.obj
 0004:00001b90       $pdata$_ctrlfp$filt$0      000000018005bb90     libucrt:fpctrl.obj
 0004:00001b9c       $pdata$_IsNonwritableInCurrentImage$filt$0 000000018005bb9c     LIBCMT:pesect.obj
 0005:00000130       $R000000                   000000018005c130     ConEmuTh.res
 0005:00000448       $R000318                   000000018005c448     ConEmuTh.res
 0005:000014f0       $R0013C0                   000000018005d4f0     ConEmuTh.res
 0005:00001508       $R0013D8                   000000018005d508     ConEmuTh.res
