 ConEmuTh

 Timestamp is 5a27c1ea (Wed Dec  6 13:09:46 2017)

 Preferred load address is 10000000

 Start         Length     Name                   Class
 0001:00000000 0001cf94H .text$mn                CODE
 0001:0001cf94 000001feH .text$x                 CODE
 0002:00000000 00000324H .idata$5                DATA
 0002:00000324 00000004H .00cfg                  DATA
 0002:00000328 00000004H .CRT$XCA                DATA
 0002:0000032c 00000004H .CRT$XCZ                DATA
 0002:00000330 00000004H .CRT$XIA                DATA
 0002:00000334 0000000cH .CRT$XIC                DATA
 0002:00000340 00000004H .CRT$XIZ                DATA
 0002:00000344 00000004H .CRT$XPA                DATA
 0002:00000348 00000008H .CRT$XPX                DATA
 0002:00000350 00000004H .CRT$XPXA               DATA
 0002:00000354 00000004H .CRT$XPZ                DATA
 0002:00000358 00000004H .CRT$XTA                DATA
 0002:0000035c 00000004H .CRT$XTZ                DATA
 0002:00000360 00000000H .gfids$x                DATA
 0002:00000360 00000000H .gfids$y                DATA
 0002:00000360 00005f70H .rdata                  DATA
 0002:000062d0 00000210H .rdata$r                DATA
 0002:000064e0 00000044H .rdata$sxdata           DATA
 0002:00006524 0000030cH .rdata$zzzdbg           DATA
 0002:00006830 00000004H .rtc$IAA                DATA
 0002:00006834 00000004H .rtc$IZZ                DATA
 0002:00006838 00000004H .rtc$TAA                DATA
 0002:0000683c 00000004H .rtc$TZZ                DATA
 0002:00006840 000006f0H .xdata$x                DATA
 0002:00006f30 00000168H .edata                  DATA
 0002:00007098 0000008cH .idata$2                DATA
 0002:00007124 00000014H .idata$3                DATA
 0002:00007138 00000324H .idata$4                DATA
 0002:0000745c 00000db4H .idata$6                DATA
 0003:00000000 000007f0H .data                   DATA
 0003:000007f0 00000138H .data$r                 DATA
 0003:00000928 00029814H .bss                    DATA
 0004:00000000 00000130H .rsrc$01                DATA
 0004:00000130 00001558H .rsrc$02                DATA

  Address         Publics by Value              Rva+Base       Lib:Object

 0000:00000000       __except_list              00000000     <absolute>
 0000:00000000       ___enclave_config          00000000     <absolute>
 0000:00000000       ___guard_longjmp_count     00000000     <absolute>
 0000:00000000       ___guard_fids_count        00000000     <absolute>
 0000:00000000       ___guard_longjmp_table     00000000     <absolute>
 0000:00000000       ___guard_iat_table         00000000     <absolute>
 0000:00000000       ___guard_iat_count         00000000     <absolute>
 0000:00000000       ___hybrid_auxiliary_iat    00000000     <absolute>
 0000:00000000       ___hybrid_code_map         00000000     <absolute>
 0000:00000000       ___guard_fids_table        00000000     <absolute>
 0000:00000000       ___hybrid_code_map_count   00000000     <absolute>
 0000:00000000       ___dynamic_value_reloc_table 00000000     <absolute>
 0000:00000011       ___safe_se_handler_count   00000011     <absolute>
 0000:00000100       ___guard_flags             00000100     <absolute>
 0000:00000000       ___ImageBase               10000000     <linker-defined>
 0001:00000000       _ExitFARW@0                10001000 f   ConEmuTh.obj
 0001:00000025       _ProcessSynchroEventW@8    10001025 f   ConEmuTh.obj
 0001:00000039       ?ExitFARW3@@YGXPAX@Z       10001039 f   ConEmuTh.obj
 0001:00000067       ??0?$MFileMapping@UPanelViewSetMapping@@@@QAE@XZ 10001067 f i ConEmuTh.obj
 0001:00000067       ??0?$MFileMapping@Utag_DetectedDialog@@@@QAE@XZ 10001067 f i ConEmuTh.obj
 0001:0000008b       ??1?$MFileMapping@UPanelViewSetMapping@@@@QAE@XZ 1000108b f i ConEmuTh.obj
 0001:00000095       ??_G?$MFileMapping@Utag_DetectedDialog@@@@QAEPAXI@Z 10001095 f i ConEmuTh.obj
 0001:000001f6       ?CheckConEmu@@YAHH@Z       100011f6 f   ConEmuTh.obj
 0001:000002d8       ?CheckPanelSettings@@YAHH@Z 100012d8 f   ConEmuTh.obj
 0001:00000317       ?CheckVarsInitialized@@YAXXZ 10001317 f   ConEmuTh.obj
 0001:00000450       ?CheckWindows@@YA_NXZ      10001450 f   ConEmuTh.obj
 0001:000004f4       ?CloseMap@?$MFileMapping@Utag_DetectedDialog@@@@QAEXXZ 100014f4 f i ConEmuTh.obj
 0001:000004f4       ?CloseMap@?$MFileMapping@UPanelViewSetMapping@@@@QAEXXZ 100014f4 f i ConEmuTh.obj
 0001:00000527       ?ClosePtr@?$MFileMapping@Utag_DetectedDialog@@@@QAEXXZ 10001527 f i ConEmuTh.obj
 0001:00000527       ?ClosePtr@?$MFileMapping@UPanelViewSetMapping@@@@QAEXXZ 10001527 f i ConEmuTh.obj
 0001:0000053f       ?EntryPoint@@YAXHH_N@Z     1000153f f   ConEmuTh.obj
 0001:000006be       ?ExecuteInMainThread@@YAXPAUConEmuThSynchroArg@@@Z 100016be f   ConEmuTh.obj
 0001:00000732       ?ExitPlugin@@YAXXZ         10001732 f   ConEmuTh.obj
 0001:00000838       ?FreeItem@CePluginPanelItem@@QAEXXZ 10001838 f   ConEmuTh.obj
 0001:00000859       ?FreeUserData@CePluginPanelItem@@QAEXXZ 10001859 f   ConEmuTh.obj
 0001:000008a1       ?GetActivePanel@@YAPAUCeFullPanelInfo@@XZ 100018a1 f   ConEmuTh.obj
 0001:000008e6       ?GetFarRect@@YAHPAU_SMALL_RECT@@@Z 100018e6 f   ConEmuTh.obj
 0001:00000949       ?GetFocusedThumbnails@@YAPAUCeFullPanelInfo@@XZ 10001949 f   ConEmuTh.obj
 0001:00000999       ?GetMainThreadId@@YAKXZ    10001999 f   ConEmuTh.obj
 0001:00000a26       ?GetMsgW@@YAPB_WH@Z        10001a26 f   ConEmuTh.obj
 0001:00000a66       ?GetPluginInfoWcmn@@YGXPAX@Z 10001a66 f   ConEmuTh.obj
 0001:00000a97       ?InitName@?$MFileMapping@UPanelViewSetMapping@@@@QAEPB_WPB_WKK@Z 10001a97 f i ConEmuTh.obj
 0001:00000a97       ?InitName@?$MFileMapping@Utag_DetectedDialog@@@@QAEPB_WPB_WKK@Z 10001a97 f i ConEmuTh.obj
 0001:00000ac8       ?InternalOpenCreate@?$MFileMapping@UPanelViewSetMapping@@@@IAEPAUPanelViewSetMapping@@HHH@Z 10001ac8 f i ConEmuTh.obj
 0001:00000be3       ?InternalOpenCreate@?$MFileMapping@Utag_DetectedDialog@@@@IAEPAUtag_DetectedDialog@@HHH@Z 10001be3 f i ConEmuTh.obj
 0001:00000cfe       ?IsThumbnailsActive@@YAPAUCeFullPanelInfo@@H@Z 10001cfe f   ConEmuTh.obj
 0001:00000ede       ?LoadFarVersion@@YAHXZ     10001ede f   ConEmuTh.obj
 0001:0000122a       ?LoadPanelItemInfo@@YAXPAUCeFullPanelInfo@@H@Z 1000222a f   ConEmuTh.obj
 0001:00001269       ?LoadThSet@@YAHK@Z         10002269 f   ConEmuTh.obj
 0001:000013f0       ?OnPostPeekConsole@@YGHPAXPAU_INPUT_RECORD@@KPAKPAH@Z 100023f0 f   ConEmuTh.obj
 0001:0000143a       ?OnPostReadConsole@@YGHPAXPAU_INPUT_RECORD@@KPAKPAH@Z 1000243a f   ConEmuTh.obj
 0001:0000147c       ?OnPrePeekConsole@@YGHPAXPAU_INPUT_RECORD@@KPAKPAH@Z 1000247c f   ConEmuTh.obj
 0001:00001527       ?OnPreReadConsole@@YGHPAXPAU_INPUT_RECORD@@KPAKPAH@Z 10002527 f   ConEmuTh.obj
 0001:00001547       ?OnPreWriteConsoleOutput@@YGHPAXPBU_CHAR_INFO@@U_COORD@@2PAU_SMALL_RECT@@@Z 10002547 f   ConEmuTh.obj
 0001:0000166c       ?OnReadyForPanelsReload@@YAXXZ 1000266c f   ConEmuTh.obj
 0001:0000178f       ?OpenPluginWcmn@@YAPAXHH_N@Z 1000278f f   ConEmuTh.obj
 0001:000017cf       ?OpenW@@YGPAXPBUOpenInfo@@@Z 100027cf f   ConEmuTh.obj
 0001:00001801       ?PostMacro@@YAXPA_W@Z      10002801 f   ConEmuTh.obj
 0001:0000195a       ?ProcessConsoleInput@@YAHHPAU_INPUT_RECORD@@KPAK@Z 1000295a f   ConEmuTh.obj
 0001:00001c3b       ?ProcessSynchroEventCommon@@YAHHPAX@Z 10002c3b f   ConEmuTh.obj
 0001:00001d8e       ?ReloadPanelsInfo@@YAXXZ   10002d8e f   ConEmuTh.obj
 0001:00001f01       ?ReloadResourcesW@@YAXXZ   10002f01 f   ConEmuTh.obj
 0001:00001f64       ?ResetUngetBuffer@@YAXXZ   10002f64 f   ConEmuTh.obj
 0001:00001f73       ?SavePanelViewState@@YAXHK@Z 10002f73 f   ConEmuTh.obj
 0001:00001fa7       ?SetFrom@?$MFileMapping@Utag_DetectedDialog@@@@QAE_NPBUtag_DetectedDialog@@H@Z 10002fa7 f i ConEmuTh.obj
 0001:00001ff3       ?SettingsLoad@@YAHPB_WPAK@Z 10002ff3 f   ConEmuTh.obj
 0001:00002032       ?SettingsLoadOther@@YAXPB_W@Z 10003032 f   ConEmuTh.obj
 0001:00002144       ?SettingsLoadReg@@YAHPB_W0PAK@Z 10003144 f   ConEmuTh.obj
 0001:000021a6       ?SettingsSave@@YAXPB_WPAK@Z 100031a6 f   ConEmuTh.obj
 0001:000021e5       ?SettingsSaveReg@@YAXPB_W0PAK@Z 100031e5 f   ConEmuTh.obj
 0001:00002231       ?ShowLastError@@YAHXZ      10003231 f   ConEmuTh.obj
 0001:000022c1       ?ShowMessage@@YAHHH@Z      100032c1 f   ConEmuTh.obj
 0001:00002300       ?ShowPluginMenu@@YAHXZ     10003300 f   ConEmuTh.obj
 0001:00002335       ?StartPlugin@@YAXH@Z       10003335 f   ConEmuTh.obj
 0001:0000245b       ?StringCchCatW@@YGJPA_WIPB_W@Z 1000345b f i ConEmuTh.obj
 0001:0000249b       ?StringCchCopyW@@YGJPA_WIPB_W@Z 1000349b f i ConEmuTh.obj
 0001:000025a9       ?UpdateEnvVar@@YAXH@Z      100035a9 f   ConEmuTh.obj
 0001:000025ca       ?isPreloadByDefault@@YA_NXZ 100035ca f   ConEmuTh.obj
 0001:000025f4       _DllMain@12                100035f4 f   ConEmuTh.obj
 0001:000026b4       _GetMinFarVersionW@0       100036b4 f   ConEmuTh.obj
 0001:000026ba       _SetStartupInfoW@4         100036ba f   ConEmuTh.obj
 0001:00002713       ?CheckFarPanelsW1900@@YA_NXZ 10003713 f   ConEmuTh1900.obj
 0001:00002754       ?CheckPanelSettingsW1900@@YAHH@Z 10003754 f   ConEmuTh1900.obj
 0001:000027eb       ?Color2BgIndex@Far3Color@@SAXKHAAGPBK@Z 100037eb f i ConEmuTh1900.obj
 0001:000028bd       ?Color2FgIndex@Far3Color@@SAXKAAGPBK@Z 100038bd f i ConEmuTh1900.obj
 0001:00002975       ?ExecuteInMainThreadW1900@@YAXPAUConEmuThSynchroArg@@@Z 10003975 f   ConEmuTh1900.obj
 0001:00002992       ?ExitFARW1900@@YAXXZ       10003992 f   ConEmuTh1900.obj
 0001:000029d8       ?FarColor_3_2@@YAEABUFarColor@@@Z 100039d8 f i ConEmuTh1900.obj
 0001:00002a79       ?GetFarRectW1900@@YAXPAU_SMALL_RECT@@@Z 10003a79 f   ConEmuTh1900.obj
 0001:00002aeb       ?GetMsgW1900@@YAPB_WH@Z    10003aeb f   ConEmuTh1900.obj
 0001:00002b11       ?GetPluginInfoW1900@@YAXPAX@Z 10003b11 f   ConEmuTh1900.obj
 0001:00002b77       ?GetStdIndex@Far3Color@@SAHKPBK@Z 10003b77 f i ConEmuTh1900.obj
 0001:00002caa       ?LoadPanelInfoW1900@@YAHH@Z 10003caa f   ConEmuTh1900.obj
 0001:00003122       ?LoadPanelItemInfoW1900@@YAXPAUCeFullPanelInfo@@H@Z 10004122 f   ConEmuTh1900.obj
 0001:000032b6       ?OpenW1900@@YAPAXPBX@Z     100042b6 f   ConEmuTh1900.obj
 0001:00003318       ?PostMacroW1900@@YAXPA_W@Z 10004318 f   ConEmuTh1900.obj
 0001:00003392       ?ReloadPanelsInfoW1900@@YAXXZ 10004392 f   ConEmuTh1900.obj
 0001:000033ac       ?SetCurrentPanelItemW1900@@YAXHHH@Z 100043ac f   ConEmuTh1900.obj
 0001:000034ad       ?SetStartupInfoW1900@@YAXPAX@Z 100044ad f   ConEmuTh1900.obj
 0001:000035b3       ?SettingsLoadW1900@@YAHPB_WPAK@Z 100045b3 f   ConEmuTh1900.obj
 0001:0000365f       ?SettingsSaveW1900@@YAXPB_WPAK@Z 1000465f f   ConEmuTh1900.obj
 0001:0000370c       ?ShowMessageW1900@@YAHHH@Z 1000470c f   ConEmuTh1900.obj
 0001:00003741       ?ShowMessageW1900@@YAHPB_WH@Z 10004741 f   ConEmuTh1900.obj
 0001:000037ad       ?ShowPluginMenuW1900@@YAHXZ 100047ad f   ConEmuTh1900.obj
 0001:00003975       ?CheckFarPanelsW2800@@YA_NXZ 10004975 f   ConEmuTh2800.obj
 0001:000039d0       ?CheckPanelSettingsW2800@@YAHH@Z 100049d0 f   ConEmuTh2800.obj
 0001:00003a67       ?ExecuteInMainThreadW2800@@YAXPAUConEmuThSynchroArg@@@Z 10004a67 f   ConEmuTh2800.obj
 0001:00003a84       ?ExitFARW2800@@YAXXZ       10004a84 f   ConEmuTh2800.obj
 0001:00003aca       ?FreePanelItemUserData2800@@YAXPAXKP6GHXZ@Z 10004aca f   ConEmuTh2800.obj
 0001:00003afa       ?GetFarRectW2800@@YAXPAU_SMALL_RECT@@@Z 10004afa f   ConEmuTh2800.obj
 0001:00003b6f       ?GetMsgW2800@@YAPB_WH@Z    10004b6f f   ConEmuTh2800.obj
 0001:00003b95       ?GetPluginInfoW2800@@YAXPAX@Z 10004b95 f   ConEmuTh2800.obj
 0001:00003bfb       ?IsFarLua@FarVersion@@QBE_NXZ 10004bfb f i ConEmuTh2800.obj
 0001:00003d1d       ?LoadPanelInfoW2800@@YAHH@Z 10004d1d f   ConEmuTh2800.obj
 0001:00004195       ?LoadPanelItemInfoW2800@@YAXPAUCeFullPanelInfo@@H@Z 10005195 f   ConEmuTh2800.obj
 0001:00004387       ?OpenW2800@@YAPAXPBX@Z     10005387 f   ConEmuTh2800.obj
 0001:0000442b       ?PostMacroW2800@@YAXPA_W@Z 1000542b f   ConEmuTh2800.obj
 0001:000044a7       ?ProcessSynchroEventW3@@YGHPAX@Z 100054a7 f   ConEmuTh2800.obj
 0001:000044be       ?ReloadPanelsInfoW2800@@YAXXZ 100054be f   ConEmuTh2800.obj
 0001:000044d8       ?SetCurrentPanelItemW2800@@YAXHHH@Z 100054d8 f   ConEmuTh2800.obj
 0001:000045d0       ?SetCurrentPanelItemW2800Int@@YAXHHH@Z 100055d0 f   ConEmuTh2800.obj
 0001:000046c6       ?SetStartupInfoW2800@@YAXPAX@Z 100056c6 f   ConEmuTh2800.obj
 0001:000047cc       ?SettingsLoadW2800@@YAHPB_WPAK@Z 100057cc f   ConEmuTh2800.obj
 0001:00004871       ?SettingsSaveW2800@@YAXPB_WPAK@Z 10005871 f   ConEmuTh2800.obj
 0001:00004917       ?ShowMessageW2800@@YAHHH@Z 10005917 f   ConEmuTh2800.obj
 0001:0000494c       ?ShowMessageW2800@@YAHPB_WH@Z 1000594c f   ConEmuTh2800.obj
 0001:000049b8       ?ShowPluginMenuW2800@@YAHXZ 100059b8 f   ConEmuTh2800.obj
 0001:00004b80       _GetGlobalInfoW@4          10005b80 f   ConEmuTh2800.obj
 0001:00004c15       ?CheckFarPanelsW995@@YA_NXZ 10005c15 f   ConEmuTh995.obj
 0001:00004c6e       ?CheckPanelSettingsW995@@YAHH@Z 10005c6e f   ConEmuTh995.obj
 0001:00004ccc       ?ExecuteInMainThreadW995@@YAXPAUConEmuThSynchroArg@@@Z 10005ccc f   ConEmuTh995.obj
 0001:00004ce5       ?ExitFARW995@@YAXXZ        10005ce5 f   ConEmuTh995.obj
 0001:00004d41       ?GetFarRectW995@@YAXPAU_SMALL_RECT@@@Z 10005d41 f   ConEmuTh995.obj
 0001:00004d66       ?GetMsgW995@@YAPB_WH@Z     10005d66 f   ConEmuTh995.obj
 0001:00004d8a       ?GetPluginInfoW995@@YAXPAX@Z 10005d8a f   ConEmuTh995.obj
 0001:00004e1d       ?LoadPanelInfo995@@YAHH@Z  10005e1d f   ConEmuTh995.obj
 0001:00005166       ?LoadPanelItemInfoW995@@YAXPAUCeFullPanelInfo@@H@Z 10006166 f   ConEmuTh995.obj
 0001:00005290       ?PostMacroW995@@YAXPA_W@Z  10006290 f   ConEmuTh995.obj
 0001:000052fa       ?ReloadPanelsInfoW995@@YAXXZ 100062fa f   ConEmuTh995.obj
 0001:00005314       ?SetCurrentPanelItemW995@@YAXHHH@Z 10006314 f   ConEmuTh995.obj
 0001:000053e9       ?SetStartupInfoW995@@YAXPAX@Z 100063e9 f   ConEmuTh995.obj
 0001:00005543       ?SettingsLoadOtherW995@@YAXXZ 10006543 f   ConEmuTh995.obj
 0001:00005550       ?SettingsLoadW995@@YAHPB_WPAK@Z 10006550 f   ConEmuTh995.obj
 0001:00005569       ?SettingsSaveW995@@YAXPB_WPAK@Z 10006569 f   ConEmuTh995.obj
 0001:00005582       ?ShowMessageW995@@YAHHH@Z  10006582 f   ConEmuTh995.obj
 0001:000055b5       ?ShowMessageW995@@YAHPB_WH@Z 100065b5 f   ConEmuTh995.obj
 0001:000055e3       ?ShowPluginMenuW995@@YAHXZ 100065e3 f   ConEmuTh995.obj
 0001:00005714       _OpenPluginW@8             10006714 f   ConEmuTh995.obj
 0001:00005743       ?CheckFarPanelsA@@YA_NXZ   10006743 f   ConEmuThA.obj
 0001:000057bc       ?CheckPanelSettingsA@@YAHH@Z 100067bc f   ConEmuThA.obj
 0001:00005826       ?GetMsgA@@YAPB_WHPA_W@Z    10006826 f   ConEmuThA.obj
 0001:000058d6       ?LoadPanelInfoA@@YAHH@Z    100068d6 f   ConEmuThA.obj
 0001:00005c60       ?PostMacroA@@YAXPAD@Z      10006c60 f   ConEmuThA.obj
 0001:00005cce       ?ReloadPanelsInfoA@@YAXXZ  10006cce f   ConEmuThA.obj
 0001:00005ce8       ?ReloadResourcesA@@YAXXZ   10006ce8 f   ConEmuThA.obj
 0001:00005d93       ?SetCurrentPanelItemA@@YAXHHH@Z 10006d93 f   ConEmuThA.obj
 0001:00005e7c       ?SettingsLoadA@@YAHPB_WPAK@Z 10006e7c f   ConEmuThA.obj
 0001:00005e95       ?SettingsLoadOtherA@@YAXXZ 10006e95 f   ConEmuThA.obj
 0001:00005ea2       ?SettingsSaveA@@YAXPB_WPAK@Z 10006ea2 f   ConEmuThA.obj
 0001:00005ebb       ?ShowMessageA@@YAHHH@Z     10006ebb f   ConEmuThA.obj
 0001:00005ef7       ?ShowMessageA@@YAHPBDH@Z   10006ef7 f   ConEmuThA.obj
 0001:00005f2b       ?ShowPluginMenuA@@YAHXZ    10006f2b f   ConEmuThA.obj
 0001:000060bb       _ExitFAR@0                 100070bb f   ConEmuThA.obj
 0001:00006125       _GetMinFarVersion@0        10007125 f   ConEmuThA.obj
 0001:0000614a       _GetPluginInfo@4           1000714a f   ConEmuThA.obj
 0001:000061ae       _OpenPlugin@8              100071ae f   ConEmuThA.obj
 0001:000061d6       _SetStartupInfo@4          100071d6 f   ConEmuThA.obj
 0001:00006361       ?BisItem2CeItem@CeFullPanelInfo@@QAEHHH_KKKHH@Z 10007361 f   Display.obj
 0001:000063e6       ?CalcTopPanelItem@CeFullPanelInfo@@QAEHHH@Z 100073e6 f   Display.obj
 0001:000064c2       ?Close@CeFullPanelInfo@@QAEXXZ 100074c2 f   Display.obj
 0001:000064fd       ?CreateView@CeFullPanelInfo@@QAEPAUHWND__@@XZ 100074fd f   Display.obj
 0001:00006813       ?DisplayReloadPanel@CeFullPanelInfo@@QAEXXZ 10007813 f   Display.obj
 0001:00006836       ?DisplayThread@CeFullPanelInfo@@SGKPAX@Z 10007836 f   Display.obj
 0001:00006932       ?DisplayWndProc@CeFullPanelInfo@@SGJPAUHWND__@@IIJ@Z 10007932 f   Display.obj
 0001:00006dfe       ?DrawItemText@CeFullPanelInfo@@QAEHPAUHDC__@@PAUtagRECT@@1PAUCePluginPanelItem@@PB_WPAUHBRUSH__@@H@Z 10007dfe f   Display.obj
 0001:0000742b       ?FarItem2CeItem@CeFullPanelInfo@@QAEHHPB_W0KU_FILETIME@@_KHPAXKP6GHXZ2K@Z 1000842b f   Display.obj
 0001:000076e7       ?FinalRelease@CeFullPanelInfo@@QAEXXZ 100086e7 f   Display.obj
 0001:000077e7       ?GetConCoordFromIndex@CeFullPanelInfo@@QAEHHAAU_COORD@@@Z 100087e7 f   Display.obj
 0001:00007874       ?GetIndexFromWndCoord@CeFullPanelInfo@@QAEHHHAAH@Z 10008874 f   Display.obj
 0001:000078f4       ?GetItemColors@CeFullPanelInfo@@QAEPAUHBRUSH__@@HPAUCePluginPanelItem@@PAUCePluginPanelItemColor@@HAAK2@Z 100088f4 f   Display.obj
 0001:0000794b       ?Invalidate@CeFullPanelInfo@@QAEXXZ 1000894b f   Display.obj
 0001:0000798f       ?InvalidateAll@CeFullPanelInfo@@SAXXZ 1000898f f   Display.obj
 0001:000079cc       ?LoadItemColors@CeFullPanelInfo@@QAEXHPAUCePluginPanelItem@@PAUCePluginPanelItemColor@@HH@Z 100089cc f   Display.obj
 0001:00007be2       ?OnSettingsChanged@CeFullPanelInfo@@QAEHH@Z 10008be2 f   Display.obj
 0001:00007c74       ?Paint@CeFullPanelInfo@@QAEXPAUHWND__@@AAUtagPAINTSTRUCT@@AAUtagRECT@@@Z 10008c74 f   Display.obj
 0001:00008424       ?PaintItem@CeFullPanelInfo@@QAEHPAUHDC__@@HHHPAUCePluginPanelItem@@PAUCePluginPanelItemColor@@HHPAUHBRUSH__@@3K@Z 10009424 f   Display.obj
 0001:000088a1       ?ReallocItems@CeFullPanelInfo@@QAEHH@Z 100098a1 f   Display.obj
 0001:00008a09       ?RegisterPanelView@CeFullPanelInfo@@QAEHXZ 10009a09 f   Display.obj
 0001:00008ca1       ?RequestSetPos@CeFullPanelInfo@@QAEXHHH@Z 10009ca1 f   Display.obj
 0001:00008d59       ?StringCchCopyNW@@YGJPA_WIPB_WI@Z 10009d59 f i Display.obj
 0001:00008ddb       ?UnregisterPanelView@CeFullPanelInfo@@QAEH_N@Z 10009ddb f   Display.obj
 0001:00008f00       ??$SafeDelete@UMSectionSimple@@@@YAXAAPAUMSectionSimple@@@Z 10009f00 f i ImgCache.obj
 0001:00008f3d       ??0?$CQueueProcessor@PAUIMAGE_CACHE_INFO@@@@QAE@XZ 10009f3d f i ImgCache.obj
 0001:00008fa1       ??0CImgCache@@QAE@PAUHINSTANCE__@@@Z 10009fa1 f   ImgCache.obj
 0001:000090a4       ??1?$CQueueProcessor@PAUIMAGE_CACHE_INFO@@@@UAE@XZ 1000a0a4 f i ImgCache.obj
 0001:0000912f       ??1CImgCache@@QAE@XZ       1000a12f f   ImgCache.obj
 0001:000091f5       ??_ECImgLoader@@UAEPAXI@Z  1000a1f5 f i ImgCache.obj
 0001:000091f5       ??_GCImgLoader@@UAEPAXI@Z  1000a1f5 f i ImgCache.obj
 0001:000091f5       ??_G?$CQueueProcessor@PAUIMAGE_CACHE_INFO@@@@UAEPAXI@Z 1000a1f5 f i ImgCache.obj
 0001:000091f5       ??_E?$CQueueProcessor@PAUIMAGE_CACHE_INFO@@@@UAEPAXI@Z 1000a1f5 f i ImgCache.obj
 0001:00009217       ?CheckDrawDibCreated@CImgCache@@IAEHXZ 1000a217 f   ImgCache.obj
 0001:00009338       ?CheckHighPriority@?$CQueueProcessor@PAUIMAGE_CACHE_INFO@@@@MAE_NABQAUIMAGE_CACHE_INFO@@@Z 1000a338 f i ImgCache.obj
 0001:00009338       ?Filter@?$MToolHelp@UtagPROCESSENTRY32W@@$1?Process32FirstW@@YGHPAXPAU1@@Z$1?Process32NextW@@YGH01@Z@@MAE_NPAUtagPROCESSENTRY32W@@@Z 1000a338 f i common-kernel32:MProcess.obj
 0001:00009338       ?CheckHighPriority@CImgLoader@@UAE_NAAPBUIMAGE_CACHE_INFO@@@Z 1000a338 f i ImgCache.obj
 0001:0000933d       ?CheckLoadDibCreated@CImgCache@@IAEHXZ 1000a33d f   ImgCache.obj
 0001:0000945e       ?CheckThread@?$CQueueProcessor@PAUIMAGE_CACHE_INFO@@@@IAEJXZ 1000a45e f i ImgCache.obj
 0001:000094ec       ?CheckWaitingCount@?$CQueueProcessor@PAUIMAGE_CACHE_INFO@@@@AAEXXZ 1000a4ec f i ImgCache.obj
 0001:0000952e       ?ClearQueue@?$CQueueProcessor@PAUIMAGE_CACHE_INFO@@@@AAEXXZ 1000a52e f i ImgCache.obj
 0001:0000959f       ?CopyBits@CImgCache@@IAEXU_COORD@@PAEK01@Z 1000a59f f   ImgCache.obj
 0001:000095fe       ?CopyItem@?$CQueueProcessor@PAUIMAGE_CACHE_INFO@@@@MAEXPBQAUIMAGE_CACHE_INFO@@PAPAU2@@Z 1000a5fe f i ImgCache.obj
 0001:0000961b       ?FindInCache@CImgCache@@IAEHPAUCePluginPanelItem@@PAHI@Z 1000a61b f   ImgCache.obj
 0001:00009811       ?FindOrCreate@?$CQueueProcessor@PAUIMAGE_CACHE_INFO@@@@AAEPAUProcessingItem@1@ABQAUIMAGE_CACHE_INFO@@J_NW4ProcessingPriority@@@Z 1000a811 f i ImgCache.obj
 0001:0000997b       ?FreeItem@?$CQueueProcessor@PAUIMAGE_CACHE_INFO@@@@MAEXABQAUIMAGE_CACHE_INFO@@@Z 1000a97b f i ImgCache.obj
 0001:0000997e       ?FreeModules@CImgCache@@IAEXXZ 1000a97e f   ImgCache.obj
 0001:000099d1       ?Init@CImgCache@@QAEXK@Z   1000a9d1 f   ImgCache.obj
 0001:00009a1a       ?InitializeQueue@?$CQueueProcessor@PAUIMAGE_CACHE_INFO@@@@AAEXH@Z 1000aa1a f i ImgCache.obj
 0001:00009aac       ?IsEqual@?$CQueueProcessor@PAUIMAGE_CACHE_INFO@@@@MAE_NABQAUIMAGE_CACHE_INFO@@J0J@Z 1000aaac f i ImgCache.obj
 0001:00009ad9       ?IsEqual@CImgLoader@@UAE_NAAPBUIMAGE_CACHE_INFO@@JAAPAU2@J@Z 1000aad9 f i ImgCache.obj
 0001:00009afa       ?IsStopRequested@?$CQueueProcessor@PAUIMAGE_CACHE_INFO@@@@UAE_NABQAUIMAGE_CACHE_INFO@@@Z 1000aafa f i ImgCache.obj
 0001:00009b0b       ?IsTerminationRequested@?$CQueueProcessor@PAUIMAGE_CACHE_INFO@@@@MAE_NXZ 1000ab0b f i ImgCache.obj
 0001:00009b0b       ?IsTerminationRequested@CImgLoader@@UAE_NXZ 1000ab0b f i ImgCache.obj
 0001:00009b0f       ?LoadModules@CImgCache@@IAEXXZ 1000ab0f f   ImgCache.obj
 0001:00009d3e       ?LoadShellIcon@CImgCache@@QAEHPAUIMAGE_CACHE_INFO@@H@Z 1000ad3e f   ImgCache.obj
 0001:0000a03c       ?LoadThumbnail@CImgCache@@QAEHPAUIMAGE_CACHE_INFO@@@Z 1000b03c f   ImgCache.obj
 0001:0000a4c1       ?OnItemFailed@?$CQueueProcessor@PAUIMAGE_CACHE_INFO@@@@MAEXAAPAUIMAGE_CACHE_INFO@@J@Z 1000b4c1 f i ImgCache.obj
 0001:0000a4c1       ?ApplyChanges@?$CQueueProcessor@PAUIMAGE_CACHE_INFO@@@@MAEXAAPAUIMAGE_CACHE_INFO@@ABQAU2@@Z 1000b4c1 f i ImgCache.obj
 0001:0000a4c1       ?OnItemReady@?$CQueueProcessor@PAUIMAGE_CACHE_INFO@@@@MAEXAAPAUIMAGE_CACHE_INFO@@J@Z 1000b4c1 f i ImgCache.obj
 0001:0000a4c4       ?OnThreadStarted@?$CQueueProcessor@PAUIMAGE_CACHE_INFO@@@@MAEJXZ 1000b4c4 f i ImgCache.obj
 0001:0000a4c7       ?OnThreadStarted@CImgLoader@@UAEJXZ 1000b4c7 f i ImgCache.obj
 0001:0000a4d2       ?OnThreadStopped@CImgLoader@@UAEXXZ 1000b4d2 f i ImgCache.obj
 0001:0000a4d8       ?PaintItem@CImgCache@@QAEHPAUHDC__@@HHHPAUCePluginPanelItem@@PAPB_WPAH@Z 1000b4d8 f   ImgCache.obj
 0001:0000a981       ?ProcessItem@?$CQueueProcessor@PAUIMAGE_CACHE_INFO@@@@IAEJPAUProcessingItem@1@@Z 1000b981 f i ImgCache.obj
 0001:0000a9c0       ?ProcessItem@?$CQueueProcessor@PAUIMAGE_CACHE_INFO@@@@MAEJAAPAUIMAGE_CACHE_INFO@@J@Z 1000b9c0 f i ImgCache.obj
 0001:0000a9c8       ?ProcessItem@CImgLoader@@UAEJAAPAUIMAGE_CACHE_INFO@@J@Z 1000b9c8 f i ImgCache.obj
 0001:0000aa0d       ?ProcessingStep@?$CQueueProcessor@PAUIMAGE_CACHE_INFO@@@@IAE_NXZ 1000ba0d f i ImgCache.obj
 0001:0000ab99       ?ProcessingThread@?$CQueueProcessor@PAUIMAGE_CACHE_INFO@@@@KGKPAX@Z 1000bb99 f i ImgCache.obj
 0001:0000abbf       ?RequestItem@?$CQueueProcessor@PAUIMAGE_CACHE_INFO@@@@QAEJ_NW4ProcessingPriority@@QAUIMAGE_CACHE_INFO@@J@Z 1000bbbf f i ImgCache.obj
 0001:0000ac5d       ?RequestItem@CImgCache@@QAEHPAUCePluginPanelItem@@I@Z 1000bc5d f   ImgCache.obj
 0001:0000ad0f       ?Reset@CImgCache@@QAEXXZ   1000bd0f f   ImgCache.obj
 0001:0000ae90       ?SetCacheLocation@CImgCache@@QAEXPB_W@Z 1000be90 f   ImgCache.obj
 0001:0000aeed       ?Terminate@?$CQueueProcessor@PAUIMAGE_CACHE_INFO@@@@QAEXK@Z 1000beed f i ImgCache.obj
 0001:0000af3d       _GetFileVersionInfoSizeW@8 1000bf3d f   version:VERSION.dll
 0001:0000af43       _GetFileVersionInfoW@16    1000bf43 f   version:VERSION.dll
 0001:0000af49       _VerQueryValueW@16         1000bf49 f   version:VERSION.dll
 0001:0000af4f       _CreateToolhelp32Snapshot@8 1000bf4f f   kernel32:KERNEL32.dll
 0001:0000af55       _Thread32First@8           1000bf55 f   kernel32:KERNEL32.dll
 0001:0000af5b       _Thread32Next@8            1000bf5b f   kernel32:KERNEL32.dll
 0001:0000af61       ??2@YAPAXI@Z               1000bf61 f   common-kernel32:Memory.obj
 0001:0000af8e       ??3@YAXPAX@Z               1000bf8e f   common-kernel32:Memory.obj
 0001:0000afa8       ??_U@YAPAXI@Z              1000bfa8 f   common-kernel32:Memory.obj
 0001:0000afc2       ??_V@YAXPAX@Z              1000bfc2 f   common-kernel32:Memory.obj
 0001:0000afdc       ?HeapDeinitialize@@YAXXZ   1000bfdc f   common-kernel32:Memory.obj
 0001:0000aff4       ?HeapInitialize@@YA_NXZ    1000bff4 f   common-kernel32:Memory.obj
 0001:0000b016       ?xf_calloc@@YAPAXIIPBDH@Z  1000c016 f   common-kernel32:Memory.obj
 0001:0000b070       ?xf_free@@YAXPAXPBDH@Z     1000c070 f   common-kernel32:Memory.obj
 0001:0000b0a5       ?xf_malloc@@YAPAXIPBDH@Z   1000c0a5 f   common-kernel32:Memory.obj
 0001:0000b0fb       ?xf_realloc@@YAPAXPAXIPBDH@Z 1000c0fb f   common-kernel32:Memory.obj
 0001:0000b17e       ?xf_set_tag@@YAXPAXPBDH_N@Z 1000c17e f   common-kernel32:Memory.obj
 0001:0000b1fa       ?xf_validate@@YA_NPAX@Z    1000c1fa f   common-kernel32:Memory.obj
 0001:0000b22d       ?msprintf@@YAPB_WPA_WIPB_WZZ 1000c22d f   common-kernel32:MStrSafe.obj
 0001:0000b659       ?CommonShutdown@@YAXXZ     1000c659 f   common-kernel32:Common.obj
 0001:0000b668       ??0MNullDesc@@QAE@XZ       1000c668 f i common-kernel32:MSecurity.obj
 0001:0000b68a       ??1MNullDesc@@QAE@XZ       1000c68a f i common-kernel32:MSecurity.obj
 0001:0000b6c2       ?LoadAdvApi@MNullDesc@@IAEHXZ 1000c6c2 f i common-kernel32:MSecurity.obj
 0001:0000b80d       ?LocalSecurity@@YAPAU_SECURITY_ATTRIBUTES@@XZ 1000c80d f   common-kernel32:MSecurity.obj
 0001:0000b839       ?LocalSecurity@MNullDesc@@QAEPAU_SECURITY_ATTRIBUTES@@XZ 1000c839 f i common-kernel32:MSecurity.obj
 0001:0000b95a       ?ShutdownSecurity@@YAXXZ   1000c95a f   common-kernel32:MSecurity.obj
 0001:0000b97f       ?UnloadAdvApi@MNullDesc@@IAEXXZ 1000c97f f i common-kernel32:MSecurity.obj
 0001:0000b997       ?ExecuteCmd@@YAPAUCESERVER_REQ@@PB_WPAU1@KPAUHWND__@@HKH@Z 1000c997 f   common-kernel32:ConEmuCheck.obj
 0001:0000bb85       ?ExecuteFreeResult@@YAXAAPAUCESERVER_REQ@@@Z 1000cb85 f   common-kernel32:ConEmuCheck.obj
 0001:0000bba9       ?ExecuteGuiCmd@@YAPAUCESERVER_REQ@@PAUHWND__@@PAU1@0H@Z 1000cba9 f   common-kernel32:ConEmuCheck.obj
 0001:0000bc2c       ?ExecuteNewCmd@@YAPAUCESERVER_REQ@@KI@Z 1000cc2c f   common-kernel32:ConEmuCheck.obj
 0001:0000bc75       ?ExecuteOpenPipe@@YAPAXPB_WAAY0CAI@_W0KKHPAXH@Z 1000cc75 f   common-kernel32:ConEmuCheck.obj
 0001:0000bdae       ?ExecutePrepareCmd@@YAXPAUCESERVER_REQ@@KI@Z 1000cdae f   common-kernel32:ConEmuCheck.obj
 0001:0000bde5       ?ExecutePrepareCmd@@YAXPAUCESERVER_REQ_HDR@@KI@Z 1000cde5 f   common-kernel32:ConEmuCheck.obj
 0001:0000be4d       ?ModuleName@@YAPB_WPB_W@Z  1000ce4d f   common-kernel32:ConEmuCheck.obj
 0001:0000beec       ??0?$MToolHelp@UtagPROCESSENTRY32W@@$1?Process32FirstW@@YGHPAXPAU1@@Z$1?Process32NextW@@YGH01@Z@@QAE@KK@Z 1000ceec f i common-kernel32:MProcess.obj
 0001:0000bf54       ??1?$MToolHelp@UtagPROCESSENTRY32W@@$1?Process32FirstW@@YGHPAXPAU1@@Z$1?Process32NextW@@YGH01@Z@@UAE@XZ 1000cf54 f i common-kernel32:MProcess.obj
 0001:0000bf70       ??_G?$MToolHelp@UtagPROCESSENTRY32W@@$1?Process32FirstW@@YGHPAXPAU1@@Z$1?Process32NextW@@YGH01@Z@@UAEPAXI@Z 1000cf70 f i common-kernel32:MProcess.obj
 0001:0000bf70       ??_GMToolHelpProcess@@UAEPAXI@Z 1000cf70 f i common-kernel32:MProcess.obj
 0001:0000bf70       ??_E?$MToolHelp@UtagPROCESSENTRY32W@@$1?Process32FirstW@@YGHPAXPAU1@@Z$1?Process32NextW@@YGH01@Z@@UAEPAXI@Z 1000cf70 f i common-kernel32:MProcess.obj
 0001:0000bf70       ??_EMToolHelpProcess@@UAEPAXI@Z 1000cf70 f i common-kernel32:MProcess.obj
 0001:0000bf95       ?Close@?$MToolHelp@UtagPROCESSENTRY32W@@$1?Process32FirstW@@YGHPAXPAU1@@Z$1?Process32NextW@@YGH01@Z@@QAEX_N@Z 1000cf95 f i common-kernel32:MProcess.obj
 0001:0000bfe3       ?Find@?$MToolHelp@UtagPROCESSENTRY32W@@$1?Process32FirstW@@YGHPAXPAU1@@Z$1?Process32NextW@@YGH01@Z@@QAE_NP6A_NPAUtagPROCESSENTRY32W@@J@ZJ0@Z 1000cfe3 f i common-kernel32:MProcess.obj
 0001:0000c07a       ?Next@?$MToolHelp@UtagPROCESSENTRY32W@@$1?Process32FirstW@@YGHPAXPAU1@@Z$1?Process32NextW@@YGH01@Z@@QAE_NPAUtagPROCESSENTRY32W@@@Z 1000d07a f i common-kernel32:MProcess.obj
 0001:0000c0c5       ?Open@?$MToolHelp@UtagPROCESSENTRY32W@@$1?Process32FirstW@@YGHPAXPAU1@@Z$1?Process32NextW@@YGH01@Z@@QAE_NXZ 1000d0c5 f i common-kernel32:MProcess.obj
 0001:0000c0f6       ?addsize@?$MArray@UtagPROCESSENTRY32W@@@@QAEXH@Z 1000d0f6 f i common-kernel32:MProcess.obj
 0001:0000c197       ?clear@?$MArray@UtagPROCESSENTRY32W@@@@QAEXXZ 1000d197 f i common-kernel32:MProcess.obj
 0001:0000c1d4       ?getNext@?$MToolHelp@UtagPROCESSENTRY32W@@$1?Process32FirstW@@YGHPAXPAU1@@Z$1?Process32NextW@@YGH01@Z@@IAE_NXZ 1000d1d4 f i common-kernel32:MProcess.obj
 0001:0000c255       ?isTerminalMode@@YA_NXZ    1000d255 f   common-kernel32:MProcess.obj
 0001:0000c35d       ?push_back@?$MArray@UtagPROCESSENTRY32W@@@@QAEHABUtagPROCESSENTRY32W@@@Z 1000d35d f i common-kernel32:MProcess.obj
 0001:0000c3b0       ?Init@HkFunc@@QAE_NPB_WPAUHINSTANCE__@@@Z 1000d3b0 f   common-kernel32:HkFunc.obj
 0001:0000c419       ??0MSection@@QAE@XZ        1000d419 f   common-kernel32:MSection.obj
 0001:0000c478       ??0MSectionLock@@QAE@XZ    1000d478 f   common-kernel32:MSection.obj
 0001:0000c485       ??1MSection@@QAE@XZ        1000d485 f   common-kernel32:MSection.obj
 0001:0000c4df       ??1MSectionLock@@QAE@XZ    1000d4df f   common-kernel32:MSection.obj
 0001:0000c4f8       ?AddRef@MSection@@IAEXK@Z  1000d4f8 f   common-kernel32:MSection.obj
 0001:0000c563       ?Lock@MSection@@IAEHHK@Z   1000d563 f   common-kernel32:MSection.obj
 0001:0000c62d       ?Lock@MSectionLock@@QAEHPAVMSection@@HK@Z 1000d62d f   common-kernel32:MSection.obj
 0001:0000c678       ?MyEnterCriticalSection@MSection@@IAE_NK@Z 1000d678 f   common-kernel32:MSection.obj
 0001:0000c762       ?ReleaseRef@MSection@@IAEHK@Z 1000d762 f   common-kernel32:MSection.obj
 0001:0000c7d0       ?Unlock@MSection@@IAEXH@Z  1000d7d0 f   common-kernel32:MSection.obj
 0001:0000c80e       ?Unlock@MSectionLock@@QAEXXZ 1000d80e f   common-kernel32:MSection.obj
 0001:0000c82b       ?WaitUnlocked@MSection@@IAEXKK@Z 1000d82b f   common-kernel32:MSection.obj
 0001:0000c888       ?SetThreadName@@YAXKPAD@Z  1000d888 f   common-kernel32:WThreads.obj
 0001:0000c8d7       ?apiCreateThread@@YAPAXP6GKPAX@Z0PAKPBDH@Z 1000d8d7 f   common-kernel32:WThreads.obj
 0001:0000c9c9       ?apiTerminateThreadEx@@YAHPAXKPBDH@Z 1000d9c9 f   common-kernel32:WThreads.obj
 0001:0000caa0       ?apiThreadHelper@@YGKPAX@Z 1000daa0 f   common-kernel32:WThreads.obj
 0001:0000cc2e       ?ExpandEnvStr@@YAPA_WPB_W@Z 1000dc2e f   common-kernel32:WObjects.obj
 0001:0000ccbe       ?FileExists@@YA_NPB_WPAK@Z 1000dcbe f   common-kernel32:WObjects.obj
 0001:0000cde8       ?GetEnvVar@@YAPA_WPB_W@Z   1000dde8 f   common-kernel32:WObjects.obj
 0001:0000ce81       ?IsWindows64@@YA_NXZ       1000de81 f   common-kernel32:WObjects.obj
 0001:0000cef3       ?PointToExt@@YAPB_WPB_W@Z  1000def3 f   common-kernel32:CmdLine.obj
 0001:0000cf11       ?PointToName@@YAPB_WPB_W@Z 1000df11 f   common-kernel32:CmdLine.obj
 0001:0000cf53       ?Unquote@@YAPB_WPA_W_N@Z   1000df53 f   common-kernel32:CmdLine.obj
 0001:0000cf9e       ?lstrdup@@YAPA_WPB_WI@Z    1000df9e f   common-kernel32:MStrDup.obj
 0001:0000cff3       ?lstrmerge@@YAPA_WPB_W00000000@Z 1000dff3 f   common-kernel32:MStrDup.obj
 0001:0000d0f8       ??0MSectionLockSimple@@QAE@XZ 1000e0f8 f   common-kernel32:MSectionSimple.obj
 0001:0000d102       ??0MSectionSimple@@QAE@_N@Z 1000e102 f   common-kernel32:MSectionSimple.obj
 0001:0000d12f       ??1MSectionLockSimple@@QAE@XZ 1000e12f f   common-kernel32:MSectionSimple.obj
 0001:0000d13a       ??1MSectionSimple@@QAE@XZ  1000e13a f   common-kernel32:MSectionSimple.obj
 0001:0000d13f       ?Close@MSectionSimple@@QAEXXZ 1000e13f f   common-kernel32:MSectionSimple.obj
 0001:0000d155       ?Enter@MSectionSimple@@QAEXXZ 1000e155 f   common-kernel32:MSectionSimple.obj
 0001:0000d15d       ?Init@MSectionSimple@@QAEXXZ 1000e15d f   common-kernel32:MSectionSimple.obj
 0001:0000d173       ?Leave@MSectionSimple@@QAEXXZ 1000e173 f   common-kernel32:MSectionSimple.obj
 0001:0000d17b       ?Lock@MSectionLockSimple@@QAEHPAUMSectionSimple@@K@Z 1000e17b f   common-kernel32:MSectionSimple.obj
 0001:0000d1e3       ?RecreateAndLock@MSectionSimple@@QAE_NXZ 1000e1e3 f   common-kernel32:MSectionSimple.obj
 0001:0000d22c       ?TryEnter@MSectionSimple@@QAE_NXZ 1000e22c f   common-kernel32:MSectionSimple.obj
 0001:0000d24b       ?Unlock@MSectionLockSimple@@QAEXXZ 1000e24b f   common-kernel32:MSectionSimple.obj
 0001:0000d267       ??0CEStr@@QAE@PB_W00000000@Z 1000e267 f   common-kernel32:CEStr.obj
 0001:0000d2b1       ??1CEStr@@QAE@XZ           1000e2b1 f   common-kernel32:CEStr.obj
 0001:0000d2f5       ??BCEStr@@QBEPB_WXZ        1000e2f5 f   common-kernel32:CEStr.obj
 0001:0000d2f8       ?AttachInt@CEStr@@AAEPB_WAAPA_W@Z 1000e2f8 f   common-kernel32:CEStr.obj
 0001:0000d35f       ?Empty@CEStr@@QAEXXZ       1000e35f f   common-kernel32:CEStr.obj
 0001:0000d380       ?GetBuffer@CEStr@@QAEPA_WH@Z 1000e380 f   common-kernel32:CEStr.obj
 0001:0000d412       ?GetLen@CEStr@@QBEHXZ      1000e412 f   common-kernel32:CEStr.obj
 0001:0000d440       ?GetMaxCount@CEStr@@QAEHXZ 1000e440 f   common-kernel32:CEStr.obj
 0001:0000d45c       ?IsEmpty@CEStr@@QBE_NXZ    1000e45c f   common-kernel32:CEStr.obj
 0001:0000d46c       ?SavePathVar@CEStr@@QAEXPB_W@Z 1000e46c f   common-kernel32:CEStr.obj
 0001:0000d49a       ?Set@CEStr@@QAEPB_WPB_WH@Z 1000e49a f   common-kernel32:CEStr.obj
 0001:0000d559       ??0CRgnDetect@@QAE@XZ      1000e559 f   common-user32:RgnDetect.obj
 0001:0000d61a       ??1CRgnDetect@@QAE@XZ      1000e61a f   common-user32:RgnDetect.obj
 0001:0000d6ad       ?DetectDialog@CRgnDetect@@IAE_NPA_WPAUtag_CharAttr@@HHHHPAH2@Z 1000e6ad f   common-user32:RgnDetect.obj
 0001:0000d912       ?ExpandDialogFrame@CRgnDetect@@IAE_NPA_WPAUtag_CharAttr@@HHAAH2HH22@Z 1000e912 f   common-user32:RgnDetect.obj
 0001:0000dbb5       ?FindByBackground@CRgnDetect@@IAE_NPA_WPAUtag_CharAttr@@HHAAH222AA_N@Z 1000ebb5 f   common-user32:RgnDetect.obj
 0001:0000dc9d       ?FindDialog_Any@CRgnDetect@@IAE_NPA_WPAUtag_CharAttr@@HHAAH222AA_N@Z 1000ec9d f   common-user32:RgnDetect.obj
 0001:0000deb6       ?FindDialog_Inner@CRgnDetect@@IAE_NPA_WPAUtag_CharAttr@@HHAAH2@Z 1000eeb6 f   common-user32:RgnDetect.obj
 0001:0000dff5       ?FindDialog_Left@CRgnDetect@@IAE_NPA_WPAUtag_CharAttr@@HHAAH222AA_N@Z 1000eff5 f   common-user32:RgnDetect.obj
 0001:0000e140       ?FindDialog_Right@CRgnDetect@@IAE_NPA_WPAUtag_CharAttr@@HHAAH222AA_N@Z 1000f140 f   common-user32:RgnDetect.obj
 0001:0000e204       ?FindDialog_TopLeft@CRgnDetect@@IAE_NPA_WPAUtag_CharAttr@@HHAAH222AA_N@Z 1000f204 f   common-user32:RgnDetect.obj
 0001:0000e28d       ?FindDialog_TopRight@CRgnDetect@@IAE_NPA_WPAUtag_CharAttr@@HHAAH222AA_N@Z 1000f28d f   common-user32:RgnDetect.obj
 0001:0000e322       ?FindFrameBottom_ByLeft@CRgnDetect@@IAE_NPA_WPAUtag_CharAttr@@HHAAH22@Z 1000f322 f   common-user32:RgnDetect.obj
 0001:0000e3c2       ?FindFrameBottom_ByRight@CRgnDetect@@IAE_NPA_WPAUtag_CharAttr@@HHAAH22@Z 1000f3c2 f   common-user32:RgnDetect.obj
 0001:0000e4a2       ?FindFrameLeft_ByBottom@CRgnDetect@@IAE_NPA_WPAUtag_CharAttr@@HHAAH22@Z 1000f4a2 f   common-user32:RgnDetect.obj
 0001:0000e550       ?FindFrameLeft_ByTop@CRgnDetect@@IAE_NPA_WPAUtag_CharAttr@@HHAAH22@Z 1000f550 f   common-user32:RgnDetect.obj
 0001:0000e693       ?FindFrameRight_ByBottom@CRgnDetect@@IAE_NPA_WPAUtag_CharAttr@@HHAAH22@Z 1000f693 f   common-user32:RgnDetect.obj
 0001:0000e742       ?FindFrameRight_ByTop@CRgnDetect@@IAE_NPA_WPAUtag_CharAttr@@HHAAH22@Z 1000f742 f   common-user32:RgnDetect.obj
 0001:0000e844       ?FindFrameTop_ByLeft@CRgnDetect@@IAE_NPA_WPAUtag_CharAttr@@HHAAH22@Z 1000f844 f   common-user32:RgnDetect.obj
 0001:0000e8c5       ?FindFrameTop_ByRight@CRgnDetect@@IAE_NPA_WPAUtag_CharAttr@@HHAAH22@Z 1000f8c5 f   common-user32:RgnDetect.obj
 0001:0000e973       ?FindFrame_TopLeft@CRgnDetect@@IAE_NPA_WPAUtag_CharAttr@@HHAAH222@Z 1000f973 f   common-user32:RgnDetect.obj
 0001:0000ea36       ?GetCharAttr@CRgnDetect@@QAEHHHAA_WAAUtag_CharAttr@@@Z 1000fa36 f   common-user32:RgnDetect.obj
 0001:0000eaa8       ?GetDetectedDialogsPtr@CRgnDetect@@QBEPBUtag_DetectedDialog@@XZ 1000faa8 f   common-user32:RgnDetect.obj
 0001:0000eaac       ?GetFlags@CRgnDetect@@QBEKXZ 1000faac f   common-user32:RgnDetect.obj
 0001:0000eab3       ?InitializeSBI@CRgnDetect@@QAEHPBK@Z 1000fab3 f   common-user32:RgnDetect.obj
 0001:0000ee5e       ?MarkDialog@CRgnDetect@@IAEHPA_WPAUtag_CharAttr@@HHHHHHI_NK@Z 1000fe5e f   common-user32:RgnDetect.obj
 0001:0000f5c2       ?OnWindowSizeChanged@CRgnDetect@@QAEXXZ 100105c2 f   common-user32:RgnDetect.obj
 0001:0000f5ca       ?OnWriteConsoleOutput@CRgnDetect@@QAEXPBU_CHAR_INFO@@U_COORD@@1PAU_SMALL_RECT@@PBK@Z 100105ca f   common-user32:RgnDetect.obj
 0001:0000f843       ?PrepareTransparent@CRgnDetect@@QAEXPBUCEFAR_INFO_MAPPING@@PBK@Z 10010843 f   common-user32:RgnDetect.obj
 0001:0000f8e1       ?PrepareTransparent@CRgnDetect@@QAEXPBUCEFAR_INFO_MAPPING@@PBKPBU_CONSOLE_SCREEN_BUFFER_INFO@@PA_WPAUtag_CharAttr@@HH@Z 100108e1 f   common-user32:RgnDetect.obj
 0001:0000ffdd       ?SetFarRect@CRgnDetect@@QAEXPAU_SMALL_RECT@@@Z 10010fdd f   common-user32:RgnDetect.obj
 0001:00010073       ?TextHeight@CRgnDetect@@QAEHXZ 10011073 f   common-user32:RgnDetect.obj
 0001:0001009b       ?TextWidth@CRgnDetect@@QAEHXZ 1001109b f   common-user32:RgnDetect.obj
 0001:000100c3       _wmemcmp                   100110c3 f i common-user32:RgnDetect.obj
 0001:000100f9       ?SearchAppPaths@@YA_NPB_WAAUCEStr@@_NPAU1@@Z 100110f9 f   common-user32:WFiles.obj
 0001:0001048b       ?apiShowWindow@@YA_NPAUHWND__@@H@Z 1001148b f   common-user32:WUser.obj
 0001:000104a1       ??3@YAXPAXI@Z              100114a1 f   LIBCMT:delete_scalar_size.obj
 0001:000104af       @__security_check_cookie@4 100114af f   LIBCMT:_secchk_.obj
 0001:000104c0       __EH_epilog3               100114c0 f   LIBCMT:ehprolg3.obj
 0001:000104d5       __EH_epilog3_GS            100114d5 f   LIBCMT:ehprolg3.obj
 0001:000104e6       __EH_prolog3               100114e6 f   LIBCMT:ehprolg3.obj
 0001:0001051a       __EH_prolog3_GS            1001151a f   LIBCMT:ehprolg3.obj
 0001:00010551       __EH_prolog3_catch         10011551 f   LIBCMT:ehprolg3.obj
 0001:00010590       __SEH_prolog4              10011590 f   LIBCMT:_sehprolg4_.obj
 0001:000105d6       __SEH_epilog4              100115d6 f   LIBCMT:_sehprolg4_.obj
 0001:000105f0       __alldiv                   100115f0 f   LIBCMT:lldiv.obj
 0001:0001069a       ??_Gtype_info@@UAEPAXI@Z   1001169a f i LIBCMT:std_type_info_static.obj
 0001:0001069a       ??_Etype_info@@UAEPAXI@Z   1001169a f i LIBCMT:std_type_info_static.obj
 0001:000109b7       __DllMainCRTStartup@12     100119b7 f   LIBCMT:dll_dllmain.obj
 0001:000109da       ___raise_securityfailure   100119da f   LIBCMT:gs_report.obj
 0001:00010a02       ___report_gsfailure        10011a02 f   LIBCMT:gs_report.obj
 0001:00010b4c       ___security_init_cookie    10011b4c f   LIBCMT:gs_support.obj
 0001:00010b9f       ?__scrt_initialize_type_info@@YAXXZ 10011b9f f   LIBCMT:tncleanup.obj
 0001:00010bab       ?__scrt_uninitialize_type_info@@YAXXZ 10011bab f   LIBCMT:tncleanup.obj
 0001:00010bb7       ___local_stdio_printf_options 10011bb7 f i LIBCMT:default_local_stdio_options.obj
 0001:00010bbd       ___local_stdio_scanf_options 10011bbd f i LIBCMT:default_local_stdio_options.obj
 0001:00010bc3       ___scrt_initialize_default_local_stdio_options 10011bc3 f   LIBCMT:default_local_stdio_options.obj
 0001:00010c24       ___scrt_acquire_startup_lock 10011c24 f   LIBCMT:utility.obj
 0001:00010c59       ___scrt_dllmain_after_initialize_c 10011c59 f   LIBCMT:utility.obj
 0001:00010c84       ___scrt_dllmain_before_initialize_c 10011c84 f   LIBCMT:utility.obj
 0001:00010c92       ___scrt_dllmain_crt_thread_attach 10011c92 f   LIBCMT:utility.obj
 0001:00010cb1       ___scrt_dllmain_crt_thread_detach 10011cb1 f   LIBCMT:utility.obj
 0001:00010cbe       ___scrt_dllmain_exception_filter 10011cbe f   LIBCMT:utility.obj
 0001:00010cf1       ___scrt_dllmain_uninitialize_c 10011cf1 f   LIBCMT:utility.obj
 0001:00010d14       ___scrt_dllmain_uninitialize_critical 10011d14 f   LIBCMT:utility.obj
 0001:00010d21       ___scrt_initialize_crt     10011d21 f   LIBCMT:utility.obj
 0001:00010d5a       ___scrt_initialize_onexit_tables 10011d5a f   LIBCMT:utility.obj
 0001:00010e04       ___scrt_is_nonwritable_in_current_image 10011e04 f   LIBCMT:utility.obj
 0001:00010e8e       ___scrt_release_startup_lock 10011e8e f   LIBCMT:utility.obj
 0001:00010eab       ___scrt_uninitialize_crt   10011eab f   LIBCMT:utility.obj
 0001:00010ed3       ___scrt_get_dyn_tls_init_callback 10011ed3 f   LIBCMT:dyn_tls_init.obj
 0001:00010ed9       ___scrt_fastfail           10011ed9 f   LIBCMT:utility_desktop.obj
 0001:00010ff5       __crt_debugger_hook        10011ff5 f   LIBCMT:utility_desktop.obj
 0001:00010ffd       __RTC_Initialize           10011ffd f   LIBCMT:_initsect_.obj
 0001:00011028       __RTC_Terminate            10012028 f   LIBCMT:_initsect_.obj
 0001:00011053       @_guard_check_icall@4      10012053 f i LIBCMT:checkcfg.obj
 0001:00011059       ___isa_available_init      10012059 f   LIBCMT:_cpu_disp_.obj
 0001:000111f8       __get_startup_argv_mode    100121f8 f   LIBCMT:argv_mode.obj
 0001:000111fc       ___scrt_is_ucrt_dll_in_use 100121fc f   LIBCMT:ucrt_detection.obj
 0001:00011208       ?SettingsLoadOtherW1900@@YAXXZ 10012208 f i ConEmuTh1900.obj
 0001:00011208       @_guard_check_icall_nop@4  10012208 f i LIBCMT:guard_support.obj
 0001:00011208       ?OnThreadStopped@?$CQueueProcessor@PAUIMAGE_CACHE_INFO@@@@MAEXXZ 10012208 f i ImgCache.obj
 0001:00011208       ?LoadPanelItemInfoA@@YAXPAUCeFullPanelInfo@@H@Z 10012208 f i ConEmuThA.obj
 0001:00011208       ?SettingsLoadOtherW2800@@YAXXZ 10012208 f i ConEmuTh2800.obj
 0001:00011210       _memmove                   10012210 f   libvcruntime:memmove.obj
 0001:00011784       _wcsrchr                   10012784 f   libvcruntime:wcsrchr.obj
 0001:00011825       ?_CallCatchBlock2@@YAPAXPAUEHRegistrationNode@@PBU_s_FuncInfo@@PAXHK@Z 10012825 f   libvcruntime:trnsctrl.obj
 0001:00011885       ?_CallSETranslator@@YAHPAUEHExceptionRecord@@PAUEHRegistrationNode@@PAX2PBU_s_FuncInfo@@H1@Z 10012885 f   libvcruntime:trnsctrl.obj
 0001:00011962       ?_GetRangeOfTrysToCheck@@YAPBU_s_TryBlockMapEntry@@PBU_s_FuncInfo@@HHPAI1@Z 10012962 f   libvcruntime:trnsctrl.obj
 0001:000119da       ?_JumpToContinuation@@YGXPAXPAUEHRegistrationNode@@@Z 100129da f   libvcruntime:trnsctrl.obj
 0001:00011a0c       ?_UnwindNestedFrames@@YGXPAUEHRegistrationNode@@PAUEHExceptionRecord@@@Z 10012a0c f   libvcruntime:trnsctrl.obj
 0001:00011a61       __CatchGuardHandler        10012a61 f   libvcruntime:trnsctrl.obj
 0001:00011a92       __CreateFrameInfo          10012a92 f   libvcruntime:trnsctrl.obj
 0001:00011ab6       __FindAndUnlinkFrame       10012ab6 f   libvcruntime:trnsctrl.obj
 0001:00011b00       __TranslatorGuardHandler   10012b00 f   libvcruntime:trnsctrl.obj
 0001:00011b9f       ___CxxFrameHandler3        10012b9f f   libvcruntime:trnsctrl.obj
 0001:00011bd5       _memcmp                    10012bd5 f   libvcruntime:_memcmp_.obj
 0001:00013160       _memset                    10014160 f   libvcruntime:memset.obj
 0001:000132ba       _wcschr                    100142ba f   libvcruntime:wcschr.obj
 0001:000133b0       __except_handler4          100143b0 f   libvcruntime:_chandler4_.obj
 0001:00013520       _strrchr                   10014520 f   libvcruntime:strrchr.obj
 0001:00013660       _strchr                    10014660 f   libvcruntime:strchr.obj
 0001:000136ce       ___from_strstr_to_strchr   100146ce     libvcruntime:strchr.obj
 0001:00013790       _memchr                    10014790 f   libvcruntime:memchr.obj
 0001:0001383d       ___std_type_info_compare   1001483d f   libvcruntime:std_type_info.obj
 0001:00013879       ___std_type_info_destroy_list 10014879 f   libvcruntime:std_type_info.obj
 0001:0001389c       ___vcrt_initialize         1001489c f   libvcruntime:initialization.obj
 0001:000138c5       ___vcrt_thread_attach      100148c5 f   libvcruntime:initialization.obj
 0001:000138d0       ___vcrt_thread_detach      100148d0 f   libvcruntime:initialization.obj
 0001:000138db       ___vcrt_uninitialize       100148db f   libvcruntime:initialization.obj
 0001:000138fa       ___vcrt_uninitialize_critical 100148fa f   libvcruntime:initialization.obj
 0001:00013902       ___vcrt_freefls@4          10014902 f   libvcruntime:per_thread_data.obj
 0001:0001391e       ___vcrt_freeptd            1001491e f   libvcruntime:per_thread_data.obj
 0001:00013954       ___vcrt_getptd             10014954 f   libvcruntime:per_thread_data.obj
 0001:00013962       ___vcrt_getptd_noexit      10014962 f   libvcruntime:per_thread_data.obj
 0001:000139f4       ___vcrt_initialize_ptd     100149f4 f   libvcruntime:per_thread_data.obj
 0001:00013a27       ___vcrt_uninitialize_ptd   10014a27 f   libvcruntime:per_thread_data.obj
 0001:00013a50       __CallSettingFrame@12      10014a50 f   libvcruntime:lowhelpr.obj
 0001:00013a77       __NLG_Return               10014a77     libvcruntime:lowhelpr.obj
 0001:00013a9c       ??0bad_exception@std@@QAE@ABV01@@Z 10014a9c f i libvcruntime:frame.obj
 0001:00013ab7       ??0bad_exception@std@@QAE@XZ 10014ab7 f i libvcruntime:frame.obj
 0001:00013acf       ??0exception@std@@QAE@ABV01@@Z 10014acf f i libvcruntime:frame.obj
 0001:00013afb       ??1bad_exception@std@@UAE@XZ 10014afb f i libvcruntime:frame.obj
 0001:00013b0c       ??8type_info@@QBE_NABV0@@Z 10014b0c f i libvcruntime:frame.obj
 0001:00013b2b       ??_Gexception@std@@UAEPAXI@Z 10014b2b f i libvcruntime:frame.obj
 0001:00013b2b       ??_Eexception@std@@UAEPAXI@Z 10014b2b f i libvcruntime:frame.obj
 0001:00013b2b       ??_Gbad_exception@std@@UAEPAXI@Z 10014b2b f i libvcruntime:frame.obj
 0001:00013b2b       ??_Ebad_exception@std@@UAEPAXI@Z 10014b2b f i libvcruntime:frame.obj
 0001:00014350       ?_CallMemberFunction1@@YGXQAX00@Z 10015350 f i libvcruntime:frame.obj
 0001:00014360       ?_CallMemberFunction2@@YGXQAX00H@Z 10015360 f i libvcruntime:frame.obj
 0001:00014373       ?what@exception@std@@UBEPBDXZ 10015373 f i libvcruntime:frame.obj
 0001:00014380       ___BuildCatchObject        10015380 f   libvcruntime:frame.obj
 0001:0001440f       ___BuildCatchObjectHelper  1001540f f   libvcruntime:frame.obj
 0001:0001453d       ___FrameUnwindToState      1001553d f   libvcruntime:frame.obj
 0001:00014605       ___InternalCxxFrameHandler 10015605 f   libvcruntime:frame.obj
 0001:00014701       ___TypeMatch               10015701 f   libvcruntime:frame.obj
 0001:0001478f       ___except_validate_context_record 1001578f f   libvcruntime:jbcxrval.obj
 0001:000147bf       ___except_validate_jump_buffer 100157bf f   libvcruntime:jbcxrval.obj
 0001:000147f0       __local_unwind4            100157f0 f   libvcruntime:_exsup4_.obj
 0001:000148c8       __seh_longjmp_unwind4@4    100158c8 f   libvcruntime:_exsup4_.obj
 0001:000148f0       @_EH4_CallFilterFunc@8     100158f0 f   libvcruntime:_exsup4_.obj
 0001:00014908       @_EH4_TransferToHandler@8  10015908 f   libvcruntime:_exsup4_.obj
 0001:00014924       @_EH4_GlobalUnwind2@8      10015924 f   libvcruntime:_exsup4_.obj
 0001:00014940       @_EH4_LocalUnwind@16       10015940 f   libvcruntime:_exsup4_.obj
 0001:00014957       ___vcrt_initialize_locks   10015957 f   libvcruntime:locks.obj
 0001:00014993       ___vcrt_uninitialize_locks 10015993 f   libvcruntime:locks.obj
 0001:000149c2       ??$__crt_fast_encode_pointer@PAX@@YAPAXQAX@Z 100159c2 f i libvcruntime:winapi_downlevel.obj
 0001:00014b25       ___vcrt_FlsAlloc           10015b25 f   libvcruntime:winapi_downlevel.obj
 0001:00014b5f       ___vcrt_FlsFree            10015b5f f   libvcruntime:winapi_downlevel.obj
 0001:00014b99       ___vcrt_FlsGetValue        10015b99 f   libvcruntime:winapi_downlevel.obj
 0001:00014bd3       ___vcrt_FlsSetValue        10015bd3 f   libvcruntime:winapi_downlevel.obj
 0001:00014c10       ___vcrt_InitializeCriticalSectionEx 10015c10 f   libvcruntime:winapi_downlevel.obj
 0001:00014c56       ___vcrt_initialize_winapi_thunks 10015c56 f   libvcruntime:winapi_downlevel.obj
 0001:00014c90       ___vcrt_uninitialize_winapi_thunks 10015c90 f   libvcruntime:winapi_downlevel.obj
 0001:00014cc2       ___vcrt_initialize_pure_virtual_call_handler 10015cc2 f   libvcruntime:purevirt_data.obj
 0001:00014ce0       __global_unwind2           10015ce0 f   libvcruntime:_exsup_.obj
 0001:00014d46       __local_unwind2            10015d46 f   libvcruntime:_exsup_.obj
 0001:00014dca       __abnormal_termination     10015dca f   libvcruntime:_exsup_.obj
 0001:00014df0       __NLG_Notify1              10015df0 f   libvcruntime:_exsup_.obj
 0001:00014dfc       __NLG_Notify               10015dfc f   libvcruntime:_exsup_.obj
 0001:00014e13       __NLG_Dispatch2            10015e13     libvcruntime:_exsup_.obj
 0001:00014e13       __NLG_Dispatch             10015e13     libvcruntime:_exsup_.obj
 0001:00014e1b       __NLG_Call                 10015e1b f   libvcruntime:_exsup_.obj
 0001:00014e1d       __NLG_Return2              10015e1d     libvcruntime:_exsup_.obj
 0001:00014e1e       _unexpected                10015e1e f   libvcruntime:unexpected.obj
 0001:00014e3a       ___DestructExceptionObject 10015e3a f   libvcruntime:ehhelpers.obj
 0001:00014ece       ?_CallMemberFunction0@@YGXQAX0@Z 10015ece f i libvcruntime:ehhelpers.obj
 0001:00014edb       __IsExceptionObjectToBeDestroyed 10015edb f   libvcruntime:ehhelpers.obj
 0001:00014f01       ___AdjustPointer           10015f01 f   libvcruntime:ehhelpers.obj
 0001:00014f26       ___FrameUnwindFilter       10015f26 f   libvcruntime:ehhelpers.obj
 0001:00014f6b       ___std_exception_copy      10015f6b f   libvcruntime:std_exception.obj
 0001:00014fce       ___std_exception_destroy   10015fce f   libvcruntime:std_exception.obj
 0001:00014ff0       __CxxThrowException@8      10015ff0 f   libvcruntime:throw.obj
 0001:0001505e       _wcsncmp                   1001605e f   libucrt:wcsncmp.obj
 0001:00015098       ??0_LocaleUpdate@@QAE@QAU__crt_locale_pointers@@@Z 10016098 f i libucrt:strtox.obj
 0001:0001511b       _wcspbrk                   1001611b f   libucrt:wcspbrk.obj
 0001:00015160       __initterm                 10016160 f   libucrt:initterm.obj
 0001:000151bc       __initterm_e               100161bc f   libucrt:initterm.obj
 0001:00015201       __seh_filter_dll           10016201 f   libucrt:exception_filter.obj
 0001:00015221       __seh_filter_exe           10016221 f   libucrt:exception_filter.obj
 0001:000155af       ___acrt_initialize_thread_local_exit_callback 100165af f   libucrt:exit.obj
 0001:000155be       __cexit                    100165be f   libucrt:exit.obj
 0001:000155cd       __exit                     100165cd f   libucrt:exit.obj
 0001:000155e3       __is_c_termination_complete 100165e3 f   libucrt:exit.obj
 0001:00015882       ___acrt_allocate_buffer_for_argv 10016882 f   libucrt:argv_parsing.obj
 0001:000158d7       __configure_narrow_argv    100168d7 f   libucrt:argv_parsing.obj
 0001:00015a3b       ??$uninitialize@A6AXAAPAPAD@Z@?$dual_state_global@PAPAD@__crt_state_management@@QAEXA6AXAAPAPAD@Z@Z 10016a3b f i libucrt:environment_initialization.obj
 0001:00015a3b       ??$uninitialize@A6AXAAPAPA_W@Z@?$dual_state_global@PAPA_W@__crt_state_management@@QAEXA6AXAAPAPA_W@Z@Z 10016a3b f i libucrt:environment_initialization.obj
 0001:00015ab1       ___dcrt_uninitialize_environments_nolock 10016ab1 f   libucrt:environment_initialization.obj
 0001:00015ae8       __initialize_narrow_environment 10016ae8 f   libucrt:environment_initialization.obj
 0001:00015aed       ??$?RV<lambda_995298e7d72eb4c2aab26c0585b3abe5>@@AAV<lambda_275893d493268fdec8709772e3fcec0e>@@V<lambda_293819299cbf9a7022e18b56a874bb5c>@@@?$__crt_seh_guarded_call@H@@QAEH$$QAV<lambda_995298e7d72eb4c2aab26c0585b3abe5>@@AAV<lambda_275893d493268fdec8709772e3fcec0e>@@$$QAV<lambda_293819299cbf9a7022e18b56a874bb5c>@@@Z 10016aed f i libucrt:onexit.obj
 0001:00015b3e       ??$__acrt_lock_and_call@V<lambda_275893d493268fdec8709772e3fcec0e>@@@@YAHW4__acrt_lock_id@@$$QAV<lambda_275893d493268fdec8709772e3fcec0e>@@@Z 10016b3e f i libucrt:onexit.obj
 0001:00015c86       __execute_onexit_table     10016c86 f   libucrt:onexit.obj
 0001:00015ca3       __initialize_onexit_table  10016ca3 f   libucrt:onexit.obj
 0001:00015dd1       ?initialize@?$dual_state_global@PAU__crt_locale_data@@@__crt_state_management@@QAEXQAU__crt_locale_data@@@Z 10016dd1 f i libucrt:initialization.obj
 0001:00015dd1       ?initialize@?$dual_state_global@P6AXH@Z@__crt_state_management@@QAEXQ6AXH@Z@Z 10016dd1 f i libucrt:signal.obj
 0001:00015dd1       ?initialize@?$dual_state_global@P6AHPAU_exception@@@Z@__crt_state_management@@QAEXQ6AHPAU_exception@@@Z@Z 10016dd1 f i libucrt:matherr.obj
 0001:00015dd1       ?initialize@?$dual_state_global@P6AHI@Z@__crt_state_management@@QAEXQ6AHI@Z@Z 10016dd1 f i libucrt:new_handler.obj
 0001:00015dd1       ?initialize@?$dual_state_global@P6AXPB_W00II@Z@__crt_state_management@@QAEXQ6AXPB_W00II@Z@Z 10016dd1 f i libucrt:invalid_parameter.obj
 0001:00015dd1       ?initialize@?$dual_state_global@PAPAD@__crt_state_management@@QAEXQAPAD@Z 10016dd1 f i libucrt:environment_initialization.obj
 0001:00015e02       ___acrt_initialize         10016e02 f   libucrt:initialization.obj
 0001:00015e14       ___acrt_thread_attach      10016e14 f   libucrt:initialization.obj
 0001:00015e1f       ___acrt_thread_detach      10016e1f f   libucrt:initialization.obj
 0001:00015e27       ___acrt_uninitialize       10016e27 f   libucrt:initialization.obj
 0001:00015e39       ___acrt_uninitialize_critical 10016e39 f   libucrt:initialization.obj
 0001:00015e4b       _terminate                 10016e4b f   libucrt:terminate.obj
 0001:00015e87       __free_base                10016e87 f   libucrt:free_base.obj
 0001:00015ec1       __malloc_base              10016ec1 f   libucrt:malloc_base.obj
 0001:00015f0f       _strcpy_s                  10016f0f f   libucrt:strcpy_s.obj
 0001:00015f69       _abort                     10016f69 f   libucrt:abort.obj
 0001:00015fac       __calloc_base              10016fac f   libucrt:calloc_base.obj
 0001:00016009       _free                      10017009 f   libucrt:free.obj
 0001:0001600e       _malloc                    1001700e f   libucrt:malloc.obj
 0001:00016019       ___acrt_call_reportfault   10017019 f   libucrt:invalid_parameter.obj
 0001:00016154       ___acrt_initialize_invalid_parameter_handler 10017154 f   libucrt:invalid_parameter.obj
 0001:00016168       __invalid_parameter        10017168 f   libucrt:invalid_parameter.obj
 0001:000161e3       __invalid_parameter_noinfo 100171e3 f   libucrt:invalid_parameter.obj
 0001:000161f3       __invoke_watson            100171f3 f   libucrt:invalid_parameter.obj
 0001:00016226       ___acrt_errno_from_os_error 10017226 f   libucrt:errno.obj
 0001:00016269       ___acrt_errno_map_os_error 10017269 f   libucrt:errno.obj
 0001:0001628c       ___doserrno                1001728c f   libucrt:errno.obj
 0001:0001629f       __errno                    1001729f f   libucrt:errno.obj
 0001:000162b2       ___pctype_func             100172b2 f   libucrt:ctype.obj
 0001:000162d8       ??$?RV<lambda_3518db117f0e7cdb002338c5d3c47b6c>@@AAV<lambda_b2ea41f6bbb362cd97d94c6828d90b61>@@V<lambda_abdedf541bb04549bc734292b4a045d4>@@@?$__crt_seh_guarded_call@X@@QAEX$$QAV<lambda_3518db117f0e7cdb002338c5d3c47b6c>@@AAV<lambda_b2ea41f6bbb362cd97d94c6828d90b61>@@$$QAV<lambda_abdedf541bb04549bc734292b4a045d4>@@@Z 100172d8 f i libucrt:per_thread_data.obj
 0001:00016328       ??$?RV<lambda_51b6e8b1eb166f2a3faf91f424b38130>@@AAV<lambda_6250bd4b2a391816dd638c3bf72b0bcb>@@V<lambda_0b5a4a3e68152e1d9b943535f5f47bed>@@@?$__crt_seh_guarded_call@X@@QAEX$$QAV<lambda_51b6e8b1eb166f2a3faf91f424b38130>@@AAV<lambda_6250bd4b2a391816dd638c3bf72b0bcb>@@$$QAV<lambda_0b5a4a3e68152e1d9b943535f5f47bed>@@@Z 10017328 f i libucrt:per_thread_data.obj
 0001:00016389       ??$?RV<lambda_5b71d36f03204c0beab531769a5b5694>@@AAV<lambda_be2b3da3f62db62e9dad5dc70221a656>@@V<lambda_8f9ce462984622f9bf76b59e2aaaf805>@@@?$__crt_seh_guarded_call@X@@QAEX$$QAV<lambda_5b71d36f03204c0beab531769a5b5694>@@AAV<lambda_be2b3da3f62db62e9dad5dc70221a656>@@$$QAV<lambda_8f9ce462984622f9bf76b59e2aaaf805>@@@Z 10017389 f i libucrt:per_thread_data.obj
 0001:000163d4       ??$?RV<lambda_9df27f884b057bc3edfc946cb5b7cf47>@@AAV<lambda_e69574bed617af4e071282c136b37893>@@V<lambda_cc0d902bcbbeb830f749456577db4721>@@@?$__crt_seh_guarded_call@X@@QAEX$$QAV<lambda_9df27f884b057bc3edfc946cb5b7cf47>@@AAV<lambda_e69574bed617af4e071282c136b37893>@@$$QAV<lambda_cc0d902bcbbeb830f749456577db4721>@@@Z 100173d4 f i libucrt:per_thread_data.obj
 0001:0001641c       ??$__acrt_lock_and_call@V<lambda_6250bd4b2a391816dd638c3bf72b0bcb>@@@@YAXW4__acrt_lock_id@@$$QAV<lambda_6250bd4b2a391816dd638c3bf72b0bcb>@@@Z 1001741c f i libucrt:per_thread_data.obj
 0001:00016444       ??$__acrt_lock_and_call@V<lambda_b2ea41f6bbb362cd97d94c6828d90b61>@@@@YAXW4__acrt_lock_id@@$$QAV<lambda_b2ea41f6bbb362cd97d94c6828d90b61>@@@Z 10017444 f i libucrt:per_thread_data.obj
 0001:0001646c       ??$__acrt_lock_and_call@V<lambda_be2b3da3f62db62e9dad5dc70221a656>@@@@YAXW4__acrt_lock_id@@$$QAV<lambda_be2b3da3f62db62e9dad5dc70221a656>@@@Z 1001746c f i libucrt:per_thread_data.obj
 0001:00016494       ??$__acrt_lock_and_call@V<lambda_e69574bed617af4e071282c136b37893>@@@@YAXW4__acrt_lock_id@@$$QAV<lambda_e69574bed617af4e071282c136b37893>@@@Z 10017494 f i libucrt:per_thread_data.obj
 0001:0001664a       ___acrt_freeptd            1001764a f   libucrt:per_thread_data.obj
 0001:00016676       ___acrt_getptd             10017676 f   libucrt:per_thread_data.obj
 0001:000166fa       ___acrt_getptd_noexit      100176fa f   libucrt:per_thread_data.obj
 0001:0001677f       ___acrt_initialize_ptd     1001777f f   libucrt:per_thread_data.obj
 0001:000167ab       ___acrt_uninitialize_ptd   100177ab f   libucrt:per_thread_data.obj
 0001:000167c5       ___acrt_update_locale_info 100177c5 f   libucrt:locale_update.obj
 0001:000167f2       ___acrt_update_multibyte_info 100177f2 f   libucrt:locale_update.obj
 0001:0001681f       ___acrt_set_locale_changed 1001781f f   libucrt:wsetlocale.obj
 0001:0001682a       ___acrt_uninitialize_locale 1001782a f   libucrt:wsetlocale.obj
 0001:0001687c       ___acrt_initialize_locks   1001787c f   libucrt:locks.obj
 0001:000168bd       ___acrt_lock               100178bd f   libucrt:locks.obj
 0001:000168d4       ___acrt_uninitialize_locks 100178d4 f   libucrt:locks.obj
 0001:00016905       ___acrt_unlock             10017905 f   libucrt:locks.obj
 0001:00016a33       ___acrt_FlsAlloc@4         10017a33 f   libucrt:winapi_thunks.obj
 0001:00016a89       ___acrt_FlsFree@4          10017a89 f   libucrt:winapi_thunks.obj
 0001:00016adf       ___acrt_FlsGetValue@4      10017adf f   libucrt:winapi_thunks.obj
 0001:00016b35       ___acrt_FlsSetValue@8      10017b35 f   libucrt:winapi_thunks.obj
 0001:00016b8e       ___acrt_InitializeCriticalSectionEx@12 10017b8e f   libucrt:winapi_thunks.obj
 0001:00016bf0       ___acrt_LCMapStringEx@36   10017bf0 f   libucrt:winapi_thunks.obj
 0001:00016c78       ___acrt_LocaleNameToLCID@8 10017c78 f   libucrt:winapi_thunks.obj
 0001:00016cd4       ___acrt_initialize_winapi_thunks 10017cd4 f   libucrt:winapi_thunks.obj
 0001:00016cfa       ___acrt_is_packaged_app    10017cfa f   libucrt:winapi_thunks.obj
 0001:00016d81       ___acrt_uninitialize_winapi_thunks 10017d81 f   libucrt:winapi_thunks.obj
 0001:00017179       ??1?$argument_list@D@?A0xb0e4b824@@QAE@XZ 10018179 f i libucrt:argv_wildcards.obj
 0001:0001719e       ?append@?$argument_list@D@?A0xb0e4b824@@QAEHQAD@Z 1001819e f i libucrt:argv_wildcards.obj
 0001:000171d3       ?expand_if_necessary@?$argument_list@D@?A0xb0e4b824@@AAEHXZ 100181d3 f i libucrt:argv_wildcards.obj
 0001:0001725a       ___acrt_expand_narrow_argv_wildcards 1001825a f   libucrt:argv_wildcards.obj
 0001:00017265       ??$?RV<lambda_978dc153c237d78434369da87b74ff60>@@AAV<lambda_ad1ced32f4ac17aa236e5ef05d6b3b7c>@@V<lambda_4a8533e2866a575feecb8298ce776b0d>@@@?$__crt_seh_guarded_call@X@@QAEX$$QAV<lambda_978dc153c237d78434369da87b74ff60>@@AAV<lambda_ad1ced32f4ac17aa236e5ef05d6b3b7c>@@$$QAV<lambda_4a8533e2866a575feecb8298ce776b0d>@@@Z 10018265 f i libucrt:mbctype.obj
 0001:000172a8       ??$__acrt_lock_and_call@V<lambda_ad1ced32f4ac17aa236e5ef05d6b3b7c>@@@@YAXW4__acrt_lock_id@@$$QAV<lambda_ad1ced32f4ac17aa236e5ef05d6b3b7c>@@@Z 100182a8 f i libucrt:mbctype.obj
 0001:0001773f       ___acrt_initialize_multibyte 1001873f f   libucrt:mbctype.obj
 0001:0001775d       ___acrt_update_thread_multibyte_data 1001875d f   libucrt:mbctype.obj
 0001:000177ff       __setmbcp_nolock           100187ff f   libucrt:mbctype.obj
 0001:00017aca       __ismbblead                10018aca f   libucrt:ismbbyte.obj
 0001:00017ae2       ___acrt_initialize_command_line 10018ae2 f   libucrt:argv_data.obj
 0001:00017afb       ___acrt_uninitialize_command_line 10018afb f   libucrt:argv_data.obj
 0001:00017b35       ___dcrt_get_narrow_environment_from_os 10018b35 f   libucrt:get_environment_from_os.obj
 0001:00017bb8       __recalloc                 10018bb8 f   libucrt:recalloc.obj
 0001:00017bc3       __recalloc_base            10018bc3 f   libucrt:recalloc.obj
 0001:00017c30       ___acrt_initialize_heap    10018c30 f   libucrt:heap_handle.obj
 0001:00017c41       ___acrt_uninitialize_heap  10018c41 f   libucrt:heap_handle.obj
 0001:00017db7       ___acrt_initialize_lowio   10018db7 f   libucrt:ioinit.obj
 0001:00017e0d       ___acrt_uninitialize_lowio 10018e0d f   libucrt:ioinit.obj
 0001:00017e39       ___acrt_execute_initializers 10018e39 f   libucrt:shared_initialization.obj
 0001:00017ebc       ___acrt_execute_uninitializers 10018ebc f   libucrt:shared_initialization.obj
 0001:00017f09       ___acrt_initialize_new_handler 10018f09 f   libucrt:new_handler.obj
 0001:00017f1d       __callnewh                 10018f1d f   libucrt:new_handler.obj
 0001:00017f61       __query_new_handler        10018f61 f   libucrt:new_handler.obj
 0001:00017fb3       ??$?RV<lambda_a048d3beccc847880fc8490e18b82769>@@AAV<lambda_ec61778202f4f5fc7e7711acc23c3bca>@@V<lambda_f7496a158712204296dd6628a163878e>@@@?$__crt_seh_guarded_call@P6AXH@Z@@QAEP6AXH@Z$$QAV<lambda_a048d3beccc847880fc8490e18b82769>@@AAV<lambda_ec61778202f4f5fc7e7711acc23c3bca>@@$$QAV<lambda_f7496a158712204296dd6628a163878e>@@@Z 10018fb3 f i libucrt:signal.obj
 0001:0001800d       ??$__acrt_lock_and_call@V<lambda_ec61778202f4f5fc7e7711acc23c3bca>@@@@YAP6AXH@ZW4__acrt_lock_id@@$$QAV<lambda_ec61778202f4f5fc7e7711acc23c3bca>@@@Z 1001900d f i libucrt:signal.obj
 0001:0001809f       ___acrt_get_sigabrt_handler 1001909f f   libucrt:signal.obj
 0001:000180b6       ___acrt_initialize_signal_handlers 100190b6 f   libucrt:signal.obj
 0001:000180f1       ___fpecode                 100190f1 f   libucrt:signal.obj
 0001:000180fa       _raise                     100190fa f   libucrt:signal.obj
 0001:00018302       ___acrt_has_user_matherr   10019302 f   libucrt:matherr.obj
 0001:0001831b       ___acrt_initialize_user_matherr 1001931b f   libucrt:matherr.obj
 0001:0001832f       ___acrt_invoke_user_matherr 1001932f f   libucrt:matherr.obj
 0001:00018378       __query_new_mode           10019378 f   libucrt:new_mode.obj
 0001:0001837e       __mbtowc_l                 1001937e f   libucrt:mbtowc.obj
 0001:00018478       _mbtowc                    10019478 f   libucrt:mbtowc.obj
 0001:00018492       __fileno                   10019492 f   libucrt:fileno.obj
 0001:000184b8       ___acrt_initialize_stdio   100194b8 f   libucrt:_file.obj
 0001:00018580       ___acrt_uninitialize_stdio 10019580 f   libucrt:_file.obj
 0001:000185cc       __lock_file                100195cc f   libucrt:_file.obj
 0001:000185e0       __unlock_file              100195e0 f   libucrt:_file.obj
 0001:000185f4       __isleadbyte_l             100195f4 f i libucrt:_wctype.obj
 0001:0001862d       ___acrt_GetStringTypeA     1001962d f   libucrt:getstringtypea.obj
 0001:0001874a       __freea_crt                1001974a f i libucrt:getstringtypea.obj
 0001:0001876a       ___acrt_add_locale_ref     1001976a f   libucrt:locale_refcounting.obj
 0001:000187e7       ___acrt_free_locale        100197e7 f   libucrt:locale_refcounting.obj
 0001:00018931       ___acrt_locale_add_lc_time_reference 10019931 f   libucrt:locale_refcounting.obj
 0001:0001895a       ___acrt_locale_free_lc_time_if_unreferenced 1001995a f   libucrt:locale_refcounting.obj
 0001:0001898a       ___acrt_locale_release_lc_time_reference 1001998a f   libucrt:locale_refcounting.obj
 0001:000189b3       ___acrt_release_locale_ref 100199b3 f   libucrt:locale_refcounting.obj
 0001:00018a34       ___acrt_update_thread_locale_data 10019a34 f   libucrt:locale_refcounting.obj
 0001:00018aab       __updatetlocinfoEx_nolock  10019aab f   libucrt:locale_refcounting.obj
 0001:00018afb       ___acrt_locale_free_monetary 10019afb f   libucrt:initmon.obj
 0001:00018bf9       ___acrt_locale_free_numeric 10019bf9 f   libucrt:initnum.obj
 0001:00018c9e       ___acrt_locale_free_time   10019c9e f   libucrt:inittime.obj
 0001:00018e3e       ___acrt_DownlevelLocaleNameToLCID 10019e3e f   libucrt:lcidtoname_downlevel.obj
 0001:00018f50       _qsort                     10019f50 f   libucrt:qsort.obj
 0001:0001939b       _strncpy_s                 1001a39b f   libucrt:strncpy_s.obj
 0001:000193b0       _strpbrk                   1001a3b0 f   libucrt:strpbrk.obj
 0001:000193f0       __mbsdec                   1001a3f0 f   libucrt:mbsdec.obj
 0001:00019407       __mbsdec_l                 1001a407 f   libucrt:mbsdec.obj
 0001:000196c0       ___acrt_LCMapStringA       1001a6c0 f   libucrt:lcmapstringa.obj
 0001:0001970b       __msize                    1001a70b f   libucrt:msize.obj
 0001:0001973e       __realloc_base             1001a73e f   libucrt:realloc_base.obj
 0001:000197a7       ___acrt_lowio_create_handle_array 1001a7a7 f   libucrt:osfinfo.obj
 0001:00019821       ___acrt_lowio_destroy_handle_array 1001a821 f   libucrt:osfinfo.obj
 0001:00019856       ___acrt_lowio_ensure_fh_exists 1001a856 f   libucrt:osfinfo.obj
 0001:000198ee       ___acrt_lowio_lock_fh      1001a8ee f   libucrt:osfinfo.obj
 0001:00019911       ___acrt_lowio_unlock_fh    1001a911 f   libucrt:osfinfo.obj
 0001:00019934       __free_osfhnd              1001a934 f   libucrt:osfinfo.obj
 0001:000199c5       __get_osfhandle            1001a9c5 f   libucrt:osfinfo.obj
 0001:00019a2f       __isatty                   1001aa2f f   libucrt:isatty.obj
 0001:00019a85       ___acrt_stdio_flush_nolock 1001aa85 f   libucrt:fflush.obj
 0001:00019aeb       __fflush_nolock            1001aaeb f   libucrt:fflush.obj
 0001:00019b32       __flushall                 1001ab32 f   libucrt:fflush.obj
 0001:00019c13       __fcloseall                1001ac13 f   libucrt:closeall.obj
 0001:00019cb3       ___acrt_stdio_free_buffer_nolock 1001acb3 f   libucrt:_freebuf.obj
 0001:00019cf1       ___strncnt                 1001acf1 f   libucrt:strncnt.obj
 0001:00019d0d       __query_app_type           1001ad0d f   libucrt:report_runtime_error.obj
 0001:00019d13       ??$?RV<lambda_61cee617f5178ae960314fd4d05640a0>@@AAV<lambda_6978c1fb23f02e42e1d9e99668cc68aa>@@V<lambda_9cd88cf8ad10232537feb2133f08c833>@@@?$__crt_seh_guarded_call@H@@QAEH$$QAV<lambda_61cee617f5178ae960314fd4d05640a0>@@AAV<lambda_6978c1fb23f02e42e1d9e99668cc68aa>@@$$QAV<lambda_9cd88cf8ad10232537feb2133f08c833>@@@Z 1001ad13 f i libucrt:commit.obj
 0001:00019dab       ??$__acrt_lowio_lock_fh_and_call@V<lambda_6978c1fb23f02e42e1d9e99668cc68aa>@@@@YAHH$$QAV<lambda_6978c1fb23f02e42e1d9e99668cc68aa>@@@Z 1001adab f i libucrt:commit.obj
 0001:00019dd3       __commit                   1001add3 f   libucrt:commit.obj
 0001:0001a3d2       __write                    1001b3d2 f   libucrt:write.obj
 0001:0001a4bd       __write_nolock             1001b4bd f   libucrt:write.obj
 0001:0001a6d0       _log10                     1001b6d0 f   libucrt:log10.obj
 0001:0001a710       __CIlog10                  1001b710 f   libucrt:log10.obj
 0001:0001a74b       __CIlog10_default          1001b74b f   libucrt:log10.obj
 0001:0001a75f       __log10_default            1001b75f     libucrt:log10.obj
 0001:0001a820       _ceil                      1001b820 f   libucrt:ceil_pentium4.obj
 0001:0001a860       __ceil_pentium4            1001b860 f   libucrt:ceil_pentium4.obj
 0001:0001a9bb       __lseeki64_nolock          1001b9bb f   libucrt:lseek.obj
 0001:0001a9d6       __fclose_nolock            1001b9d6 f   libucrt:fclose.obj
 0001:0001aa4c       _fclose                    1001ba4c f   libucrt:fclose.obj
 0001:0001aad0       ___ascii_strnicmp          1001bad0 f   libucrt:_strnicm.obj
 0001:0001ab31       __putwch_nolock            1001bb31 f   libucrt:putwch.obj
 0001:0001ab76       ___acrt_initialize_sse2    1001bb76 f   libucrt:mathfcns.obj
 0001:0001ab90       __CIlog10_pentium4         1001bb90 f   libucrt:log10_pentium4.obj
 0001:0001aba8       __log10_pentium4           1001bba8     libucrt:log10_pentium4.obj
 0001:0001ae31       __fFEXP                    1001be31     libucrt:87tran.obj
 0001:0001ae88       __rtinfpopse               1001be88     libucrt:87tran.obj
 0001:0001ae8a       __rtinfnpopse              1001be8a     libucrt:87tran.obj
 0001:0001ae9a       __fFLN                     1001be9a     libucrt:87tran.obj
 0001:0001af4f       __rtinfpop                 1001bf4f     libucrt:87tran.obj
 0001:0001af51       __rtinfnpop                1001bf51     libucrt:87tran.obj
 0001:0001af6e       __ffexpm1                  1001bf6e     libucrt:87tran.obj
 0001:0001b020       __trandisp1                1001c020 f   libucrt:87disp.obj
 0001:0001b087       __trandisp2                1001c087 f   libucrt:87disp.obj
 0001:0001b113       __rttospopde               1001c113     libucrt:87disp.obj
 0001:0001b118       __rttospop                 1001c118     libucrt:87disp.obj
 0001:0001b11a       __rtnospop                 1001c11a     libucrt:87disp.obj
 0001:0001b11c       __rttosnpop                1001c11c     libucrt:87disp.obj
 0001:0001b11d       __rtnospopde               1001c11d     libucrt:87disp.obj
 0001:0001b124       __rtzeropop                1001c124     libucrt:87disp.obj
 0001:0001b126       __rtzeronpop               1001c126     libucrt:87disp.obj
 0001:0001b12b       __rtzerospop               1001c12b     libucrt:87disp.obj
 0001:0001b138       __rtonepop                 1001c138     libucrt:87disp.obj
 0001:0001b13a       __rtonenpop                1001c13a     libucrt:87disp.obj
 0001:0001b13f       __tosnan1                  1001c13f     libucrt:87disp.obj
 0001:0001b16a       __nosnan2                  1001c16a     libucrt:87disp.obj
 0001:0001b16c       __tosnan2                  1001c16c     libucrt:87disp.obj
 0001:0001b194       __nan2                     1001c194     libucrt:87disp.obj
 0001:0001b1d3       __rtindfpop                1001c1d3     libucrt:87disp.obj
 0001:0001b1d5       __rtindfnpop               1001c1d5     libucrt:87disp.obj
 0001:0001b1e6       __rttosnpopde              1001c1e6     libucrt:87disp.obj
 0001:0001b1f0       __rtatan2inf               1001c1f0     libucrt:87disp.obj
 0001:0001b20d       __rtchsifneg               1001c20d     libucrt:87disp.obj
 0001:0001b220       __twoToTOS                 1001c220 f   libucrt:common.obj
 0001:0001b235       __load_CW                  1001c235 f   libucrt:common.obj
 0001:0001b24c       __convertTOStoQNaN         1001c24c f   libucrt:common.obj
 0001:0001b265       __fload_withFB             1001c265 f   libucrt:common.obj
 0001:0001b2a8       __checkTOS_withFB          1001c2a8 f   libucrt:common.obj
 0001:0001b2be       __fast_exit                1001c2be f   libucrt:common.obj
 0001:0001b2cb       __math_exit                1001c2cb f   libucrt:common.obj
 0001:0001b2f5       __check_overflow_exit      1001c2f5 f   libucrt:common.obj
 0001:0001b309       __check_range_exit         1001c309 f   libucrt:common.obj
 0001:0001b3b0       __startTwoArgErrorHandling 1001c3b0 f   libucrt:genexcep.obj
 0001:0001b3c7       __startOneArgErrorHandling 1001c3c7 f   libucrt:genexcep.obj
 0001:0001b403       ___libm_error_support      1001c403 f   libucrt:libm_error.obj
 0001:0001b61b       __ceil_default             1001c61b f   libucrt:ceil.obj
 0001:0001b6d4       ??$?RV<lambda_123407a5e2ac06da108355a851863b7a>@@AAV<lambda_2fe9b910cf3cbf4a0ab98a02ba45b3ec>@@V<lambda_ae55bdf541ad94d75914d381c370e64d>@@@?$__crt_seh_guarded_call@H@@QAEH$$QAV<lambda_123407a5e2ac06da108355a851863b7a>@@AAV<lambda_2fe9b910cf3cbf4a0ab98a02ba45b3ec>@@$$QAV<lambda_ae55bdf541ad94d75914d381c370e64d>@@@Z 1001c6d4 f i libucrt:close.obj
 0001:0001b756       ??$__acrt_lowio_lock_fh_and_call@V<lambda_2fe9b910cf3cbf4a0ab98a02ba45b3ec>@@@@YAHH$$QAV<lambda_2fe9b910cf3cbf4a0ab98a02ba45b3ec>@@@Z 1001c756 f i libucrt:close.obj
 0001:0001b77e       __close                    1001c77e f   libucrt:close.obj
 0001:0001b7fd       __close_nolock             1001c7fd f   libucrt:close.obj
 0001:0001b899       ?__acrt_stdio_free_stream@@YAXV__crt_stdio_stream@@@Z 1001c899 f   libucrt:stream.obj
 0001:0001b8d4       ___dcrt_lowio_initialize_console_output 1001c8d4 f   libucrt:initcon.obj
 0001:0001b8f3       ___dcrt_terminate_console_output 1001c8f3 f   libucrt:initcon.obj
 0001:0001b90a       __clrfp                    1001c90a f   libucrt:fpctrl.obj
 0001:0001b91d       __ctrlfp                   1001c91d f   libucrt:fpctrl.obj
 0001:0001b949       __set_statfp               1001c949 f   libucrt:fpctrl.obj
 0001:0001b9a4       __statfp                   1001c9a4 f   libucrt:fpctrl.obj
 0001:0001b9b6       __d_inttype                1001c9b6 f   libucrt:powhlp.obj
 0001:0001ba20       __powhlp                   1001ca20 f   libucrt:powhlp.obj
 0001:0001bb4b       __87except                 1001cb4b f   libucrt:87except.obj
 0001:0001bc56       __frnd                     1001cc56 f   libucrt:frnd.obj
 0001:0001bc6c       __errcode                  1001cc6c f   libucrt:fpexcept.obj
 0001:0001bca0       __except1                  1001cca0 f   libucrt:fpexcept.obj
 0001:0001bd6e       __handle_exc               1001cd6e f   libucrt:fpexcept.obj
 0001:0001bf4e       __raise_exc                1001cf4e f   libucrt:fpexcept.obj
 0001:0001bf71       __raise_exc_ex             1001cf71 f   libucrt:fpexcept.obj
 0001:0001c262       __set_errno_from_matherr   1001d262 f   libucrt:fpexcept.obj
 0001:0001c291       __umatherr                 1001d291 f   libucrt:fpexcept.obj
 0001:0001c333       __decomp                   1001d333 f   libucrt:util.obj
 0001:0001c407       __set_exp                  1001d407 f   libucrt:util.obj
 0001:0001c436       __sptype                   1001d436 f   libucrt:util.obj
 0001:0001c494       __fpclass                  1001d494 f   libucrt:ieeemisc.obj
 0001:0001c538       _Process32FirstW@8         1001d538 f   kernel32:KERNEL32.dll
 0001:0001c53e       _Process32NextW@8          1001d53e f   kernel32:KERNEL32.dll
 0001:0001c544       _IsProcessorFeaturePresent@4 1001d544 f   kernel32:KERNEL32.dll
 0001:0001c550       __FindPESection            1001d550 f   LIBCMT:pesect.obj
 0001:0001c5a0       __IsNonwritableInCurrentImage 1001d5a0 f   LIBCMT:pesect.obj
 0001:0001c660       __ValidateImageBase        1001d660 f   LIBCMT:pesect.obj
 0001:0001c6a0       __aulldvrm                 1001d6a0 f   LIBCMT:ulldvrm.obj
 0001:0001c740       __allmul                   1001d740 f   LIBCMT:llmul.obj
 0001:0001c780       __SEH_prolog4_GS           1001d780 f   LIBCMT:_sehprolg4gs_.obj
 0001:0001c7c9       __SEH_epilog4_GS           1001d7c9 f   LIBCMT:_sehprolg4gs_.obj
 0001:0001c7e0       __alldvrm                  1001d7e0 f   LIBCMT:lldvrm.obj
 0001:0001c8c0       __aullshr                  1001d8c0 f   LIBCMT:ullshr.obj
 0001:0001c8e0       __alloca_probe_16          1001d8e0 f   LIBCMT:alloca16.obj
 0001:0001c8f6       __alloca_probe_8           1001d8f6     LIBCMT:alloca16.obj
 0001:0001c910       __allshl                   1001d910 f   LIBCMT:llshl.obj
 0001:0001c930       __ftol2_sse                1001d930 f   LIBCMT:_ftol2_.obj
 0001:0001c939       __ftol2_pentium4           1001d939 f   LIBCMT:_ftol2_.obj
 0001:0001c94c       __ftol2_sse_excpt          1001d94c f   LIBCMT:_ftol2_.obj
 0001:0001c970       __ftol2                    1001d970 f   LIBCMT:_ftol2_.obj
 0001:0001c9f0       __alloca_probe             1001d9f0 f   LIBCMT:chkstk.obj
 0001:0001c9f0       __chkstk                   1001d9f0 f   LIBCMT:chkstk.obj
 0001:0001ca20       _memcpy                    1001da20 f   libvcruntime:memcpy.obj
 0002:00000000       __imp__RegSetValueExW@24   1001f000     advapi32:ADVAPI32.dll
 0002:00000004       __imp__RegQueryValueExW@24 1001f004     advapi32:ADVAPI32.dll
 0002:00000008       __imp__RegOpenKeyExW@20    1001f008     advapi32:ADVAPI32.dll
 0002:0000000c       __imp__RegCreateKeyExW@36  1001f00c     advapi32:ADVAPI32.dll
 0002:00000010       __imp__RegCloseKey@4       1001f010     advapi32:ADVAPI32.dll
 0002:00000014       \177ADVAPI32_NULL_THUNK_DATA 1001f014     advapi32:ADVAPI32.dll
 0002:00000018       __imp__GdiFlush@0          1001f018     gdi32:GDI32.dll
 0002:0000001c       __imp__GetObjectW@12       1001f01c     gdi32:GDI32.dll
 0002:00000020       __imp__CreateDIBSection@24 1001f020     gdi32:GDI32.dll
 0002:00000024       __imp__GdiAlphaBlend@44    1001f024     gdi32:GDI32.dll
 0002:00000028       __imp__SetStretchBltMode@8 1001f028     gdi32:GDI32.dll
 0002:0000002c       __imp__StretchBlt@44       1001f02c     gdi32:GDI32.dll
 0002:00000030       __imp__MoveToEx@16         1001f030     gdi32:GDI32.dll
 0002:00000034       __imp__SetTextColor@8      1001f034     gdi32:GDI32.dll
 0002:00000038       __imp__SetBkColor@8        1001f038     gdi32:GDI32.dll
 0002:0000003c       __imp__SelectObject@8      1001f03c     gdi32:GDI32.dll
 0002:00000040       __imp__Rectangle@20        1001f040     gdi32:GDI32.dll
 0002:00000044       __imp__LineTo@12           1001f044     gdi32:GDI32.dll
 0002:00000048       __imp__GetStockObject@4    1001f048     gdi32:GDI32.dll
 0002:0000004c       __imp__DeleteObject@4      1001f04c     gdi32:GDI32.dll
 0002:00000050       __imp__DeleteDC@4          1001f050     gdi32:GDI32.dll
 0002:00000054       __imp__CreateSolidBrush@4  1001f054     gdi32:GDI32.dll
 0002:00000058       __imp__CreatePen@12        1001f058     gdi32:GDI32.dll
 0002:0000005c       __imp__CreateFontW@56      1001f05c     gdi32:GDI32.dll
 0002:00000060       __imp__CreateCompatibleDC@4 1001f060     gdi32:GDI32.dll
 0002:00000064       __imp__CreateCompatibleBitmap@12 1001f064     gdi32:GDI32.dll
 0002:00000068       __imp__BitBlt@36           1001f068     gdi32:GDI32.dll
 0002:0000006c       \177GDI32_NULL_THUNK_DATA  1001f06c     gdi32:GDI32.dll
 0002:00000070       __imp__GetExitCodeThread@8 1001f070     kernel32:KERNEL32.dll
 0002:00000074       __imp__SetEvent@4          1001f074     kernel32:KERNEL32.dll
 0002:00000078       __imp__WaitForMultipleObjects@16 1001f078     kernel32:KERNEL32.dll
[...]
 0002:000034ac       __mb_locale_names          100224ac     libucrt:mbctype.obj
 0002:000034f8       _LcidToLocaleNameTable     100224f8     libucrt:lcidtoname_downlevel.obj
 0002:00004618       _LocaleNameToIndexTable    10023618     libucrt:lcidtoname_downlevel.obj
 0002:00005570       LOG_name                   10024570     libucrt:log10.obj
 0002:00005580       _One                       10024580     libucrt:ceil_pentium4.obj
 0002:00005590       _Bns                       10024590     libucrt:ceil_pentium4.obj
 0002:000055a0       _Zero                      100245a0     libucrt:ceil_pentium4.obj
 0002:000055b0       _S                         100245b0     libucrt:ceil_pentium4.obj
 0002:000055c0       _NegZero                   100245c0     libucrt:ceil_pentium4.obj
 0002:000055d0       emask                      100245d0     libucrt:log10_pentium4.obj
 0002:000055e0       CC                         100245e0     libucrt:log10_pentium4.obj
 0002:000055f0       Magic                      100245f0     libucrt:log10_pentium4.obj
 0002:00005600       hi_mask                    10024600     libucrt:log10_pentium4.obj
 0002:00005610       LOG10_2                    10024610     libucrt:log10_pentium4.obj
 0002:00005620       place_L                    10024620     libucrt:log10_pentium4.obj
 0002:00005640       One                        10024640     libucrt:log10_pentium4.obj
 0002:00005650       Zero                       10024650     libucrt:log10_pentium4.obj
 0002:00005660       Two52                      10024660     libucrt:log10_pentium4.obj
 0002:00005670       Infs                       10024670     libucrt:log10_pentium4.obj
 0002:00005680       NaN                        10024680     libucrt:log10_pentium4.obj
 0002:00005690       coeff                      10024690     libucrt:log10_pentium4.obj
 0002:000056ee       _log2max                   100246ee     libucrt:87tran.obj
 0002:000056f8       _smallarg                  100246f8     libucrt:87tran.obj
 0002:00005702       _half                      10024702     libucrt:87tran.obj
 0002:0000574e       One                        1002474e     libucrt:87disp.obj
 0002:00005756       Three                      10024756     libucrt:87disp.obj
 0002:0000575e       XAMtoTagTab                1002475e     libucrt:87disp.obj
 0002:00005770       One                        10024770     libucrt:common.obj
 0002:00005784       DblMax                     10024784     libucrt:common.obj
 0002:0000578c       DblMin                     1002478c     libucrt:common.obj
 0002:00005794       IeeeAdjO                   10024794     libucrt:common.obj
 0002:0000579c       IeeeAdjU                   1002479c     libucrt:common.obj
 0002:000057a4       _infinity                  100247a4     libucrt:common.obj
 0002:000057ac       _zero                      100247ac     libucrt:common.obj
 0002:000057f8       _over                      100247f8     libucrt:fpctrl.obj
 0002:00005804       _under                     10024804     libucrt:fpctrl.obj
 0002:000060c8       ?_names@?1??_get_fname@@9@9 100250c8     libucrt:fpexcept.obj
 0002:00006840       __unwindtable$?LoadThSet@@YAHK@Z 10025840     ConEmuTh.obj
 0002:00006848       __ehfuncinfo$?LoadThSet@@YAHK@Z 10025848     ConEmuTh.obj
 0002:0000686c       __unwindtable$?StartPlugin@@YAXH@Z 1002586c     ConEmuTh.obj
 0002:00006874       __ehfuncinfo$?StartPlugin@@YAXH@Z 10025874     ConEmuTh.obj
 0002:00006898       __unwindtable$?CheckVarsInitialized@@YAXXZ 10025898     ConEmuTh.obj
 0002:000068b0       __ehfuncinfo$?CheckVarsInitialized@@YAXXZ 100258b0     ConEmuTh.obj
 0002:000068d4       __unwindtable$?ReallocItems@CeFullPanelInfo@@QAEHH@Z 100258d4     Display.obj
 0002:000068dc       __ehfuncinfo$?ReallocItems@CeFullPanelInfo@@QAEHH@Z 100258dc     Display.obj
 0002:00006900       __unwindtable$?Paint@CeFullPanelInfo@@QAEXPAUHWND__@@AAUtagPAINTSTRUCT@@AAUtagRECT@@@Z 10025900     Display.obj
 0002:00006908       __ehfuncinfo$?Paint@CeFullPanelInfo@@QAEXPAUHWND__@@AAUtagPAINTSTRUCT@@AAUtagRECT@@@Z 10025908     Display.obj
 0002:0000692c       __unwindtable$?RequestItem@CImgCache@@QAEHPAUCePluginPanelItem@@I@Z 1002592c     ImgCache.obj
 0002:00006934       __ehfuncinfo$?RequestItem@CImgCache@@QAEHPAUCePluginPanelItem@@I@Z 10025934     ImgCache.obj
 0002:00006958       __unwindtable$?FindOrCreate@?$CQueueProcessor@PAUIMAGE_CACHE_INFO@@@@AAEPAUProcessingItem@1@ABQAUIMAGE_CACHE_INFO@@J_NW4ProcessingPriority@@@Z 10025958     ImgCache.obj
 0002:00006960       __ehfuncinfo$?FindOrCreate@?$CQueueProcessor@PAUIMAGE_CACHE_INFO@@@@AAEPAUProcessingItem@1@ABQAUIMAGE_CACHE_INFO@@J_NW4ProcessingPriority@@@Z 10025960     ImgCache.obj
 0002:00006984       __unwindtable$??0?$CQueueProcessor@PAUIMAGE_CACHE_INFO@@@@QAE@XZ 10025984     ImgCache.obj
 0002:0000698c       __ehfuncinfo$??0?$CQueueProcessor@PAUIMAGE_CACHE_INFO@@@@QAE@XZ 1002598c     ImgCache.obj
 0002:000069b0       __ehfuncinfo$??1?$CQueueProcessor@PAUIMAGE_CACHE_INFO@@@@UAE@XZ 100259b0     ImgCache.obj
 0002:000069b0       __ehfuncinfo$??1CImgCache@@QAE@XZ 100259b0     ImgCache.obj
 0002:000069b0       __ehfuncinfo$??1CRgnDetect@@QAE@XZ 100259b0     common-user32:RgnDetect.obj
 0002:000069d8       __sehtable$?ProcessItem@?$CQueueProcessor@PAUIMAGE_CACHE_INFO@@@@IAEJPAUProcessingItem@1@@Z 100259d8     ImgCache.obj
 0002:000069f4       __unwindtable$?ProcessingStep@?$CQueueProcessor@PAUIMAGE_CACHE_INFO@@@@IAE_NXZ 100259f4     ImgCache.obj
 0002:000069fc       __ehfuncinfo$?ProcessingStep@?$CQueueProcessor@PAUIMAGE_CACHE_INFO@@@@IAE_NXZ 100259fc     ImgCache.obj
 0002:00006a20       __sehtable$?SetThreadName@@YAXKPAD@Z 10025a20     common-kernel32:WThreads.obj
 0002:00006a3c       __unwindtable$?SearchAppPaths@@YA_NPB_WAAUCEStr@@_NPAU1@@Z 10025a3c     common-user32:WFiles.obj
 0002:00006a44       __ehfuncinfo$?SearchAppPaths@@YA_NPB_WAAUCEStr@@_NPAU1@@Z 10025a44     common-user32:WFiles.obj
 0002:00006a68       __sehtable$?dllmain_crt_process_attach@@YAHQAUHINSTANCE__@@QAX@Z 10025a68     LIBCMT:dll_dllmain.obj
 0002:00006a88       __sehtable$?dllmain_crt_process_detach@@YAH_N@Z 10025a88     LIBCMT:dll_dllmain.obj
 0002:00006aa8       __sehtable$?dllmain_dispatch@@YAHQAUHINSTANCE__@@KQAX@Z 10025aa8     LIBCMT:dll_dllmain.obj
 0002:00006ac8       __sehtable$___scrt_is_nonwritable_in_current_image 10025ac8     LIBCMT:utility.obj
 0002:00006ae8       __sehtable$___BuildCatchObject 10025ae8     libvcruntime:frame.obj
 0002:00006b08       __sehtable$___FrameUnwindToState 10025b08     libvcruntime:frame.obj
 0002:00006b30       __sehtable$?CallCatchBlock@@YAPAXPAUEHExceptionRecord@@PAUEHRegistrationNode@@PAU_CONTEXT@@PBU_s_FuncInfo@@PAXHK@Z 10025b30     libvcruntime:frame.obj
 0002:00006b58       __catchsym$?CallUnexpected@@YAXPBU_s_ESTypeList@@@Z$2 10025b58     libvcruntime:frame.obj
 0002:00006b68       __unwindtable$?CallUnexpected@@YAXPBU_s_ESTypeList@@@Z 10025b68     libvcruntime:frame.obj
 0002:00006b78       __tryblocktable$?CallUnexpected@@YAXPBU_s_ESTypeList@@@Z 10025b78     libvcruntime:frame.obj
 0002:00006b8c       __ehfuncinfo$?CallUnexpected@@YAXPBU_s_ESTypeList@@@Z 10025b8c     libvcruntime:frame.obj
 0002:00006bb0       __sehtable$___BuildCatchObjectHelper 10025bb0     libvcruntime:frame.obj
 0002:00006c20       __sehtable$___DestructExceptionObject 10025c20     libvcruntime:ehhelpers.obj
 0002:00006c40       __sehtable$?common_exit@@YAXHW4_crt_exit_cleanup_mode@@W4_crt_exit_return_mode@@@Z 10025c40     libucrt:exit.obj
 0002:00006c68       __sehtable$??$?RV<lambda_995298e7d72eb4c2aab26c0585b3abe5>@@AAV<lambda_275893d493268fdec8709772e3fcec0e>@@V<lambda_293819299cbf9a7022e18b56a874bb5c>@@@?$__crt_seh_guarded_call@H@@QAEH$$QAV<lambda_995298e7d72eb4c2aab26c0585b3abe5>@@AAV<lambda_275893d493268fdec8709772e3fcec0e>@@$$QAV<lambda_293819299cbf9a7022e18b56a874bb5c>@@@Z 10025c68     libucrt:onexit.obj
 0002:00006c88       __sehtable$_terminate      10025c88     libucrt:terminate.obj
 0002:00006ca8       __sehtable$??$?RV<lambda_9df27f884b057bc3edfc946cb5b7cf47>@@AAV<lambda_e69574bed617af4e071282c136b37893>@@V<lambda_cc0d902bcbbeb830f749456577db4721>@@@?$__crt_seh_guarded_call@X@@QAEX$$QAV<lambda_9df27f884b057bc3edfc946cb5b7cf47>@@AAV<lambda_e69574bed617af4e071282c136b37893>@@$$QAV<lambda_cc0d902bcbbeb830f749456577db4721>@@@Z 10025ca8     libucrt:per_thread_data.obj
 0002:00006cc8       __sehtable$??$?RV<lambda_3518db117f0e7cdb002338c5d3c47b6c>@@AAV<lambda_b2ea41f6bbb362cd97d94c6828d90b61>@@V<lambda_abdedf541bb04549bc734292b4a045d4>@@@?$__crt_seh_guarded_call@X@@QAEX$$QAV<lambda_3518db117f0e7cdb002338c5d3c47b6c>@@AAV<lambda_b2ea41f6bbb362cd97d94c6828d90b61>@@$$QAV<lambda_abdedf541bb04549bc734292b4a045d4>@@@Z 10025cc8     libucrt:per_thread_data.obj
 0002:00006ce8       __sehtable$??$?RV<lambda_51b6e8b1eb166f2a3faf91f424b38130>@@AAV<lambda_6250bd4b2a391816dd638c3bf72b0bcb>@@V<lambda_0b5a4a3e68152e1d9b943535f5f47bed>@@@?$__crt_seh_guarded_call@X@@QAEX$$QAV<lambda_51b6e8b1eb166f2a3faf91f424b38130>@@AAV<lambda_6250bd4b2a391816dd638c3bf72b0bcb>@@$$QAV<lambda_0b5a4a3e68152e1d9b943535f5f47bed>@@@Z 10025ce8     libucrt:per_thread_data.obj
 0002:00006d08       __sehtable$??$?RV<lambda_5b71d36f03204c0beab531769a5b5694>@@AAV<lambda_be2b3da3f62db62e9dad5dc70221a656>@@V<lambda_8f9ce462984622f9bf76b59e2aaaf805>@@@?$__crt_seh_guarded_call@X@@QAEX$$QAV<lambda_5b71d36f03204c0beab531769a5b5694>@@AAV<lambda_be2b3da3f62db62e9dad5dc70221a656>@@$$QAV<lambda_8f9ce462984622f9bf76b59e2aaaf805>@@@Z 10025d08     libucrt:per_thread_data.obj
 0002:00006d28       __sehtable$___acrt_uninitialize_locale 10025d28     libucrt:wsetlocale.obj
 0002:00006d48       __sehtable$___acrt_update_thread_multibyte_data 10025d48     libucrt:mbctype.obj
 0002:00006d68       __sehtable$??$?RV<lambda_978dc153c237d78434369da87b74ff60>@@AAV<lambda_ad1ced32f4ac17aa236e5ef05d6b3b7c>@@V<lambda_4a8533e2866a575feecb8298ce776b0d>@@@?$__crt_seh_guarded_call@X@@QAEX$$QAV<lambda_978dc153c237d78434369da87b74ff60>@@AAV<lambda_ad1ced32f4ac17aa236e5ef05d6b3b7c>@@$$QAV<lambda_4a8533e2866a575feecb8298ce776b0d>@@@Z 10025d68     libucrt:mbctype.obj
 0002:00006d88       __sehtable$___acrt_initialize_lowio 10025d88     libucrt:ioinit.obj
 0002:00006da8       __sehtable$__query_new_handler 10025da8     libucrt:new_handler.obj
 0002:00006dc8       __sehtable$_raise          10025dc8     libucrt:signal.obj
 0002:00006de8       __sehtable$??$?RV<lambda_a048d3beccc847880fc8490e18b82769>@@AAV<lambda_ec61778202f4f5fc7e7711acc23c3bca>@@V<lambda_f7496a158712204296dd6628a163878e>@@@?$__crt_seh_guarded_call@P6AXH@Z@@QAEP6AXH@Z$$QAV<lambda_a048d3beccc847880fc8490e18b82769>@@AAV<lambda_ec61778202f4f5fc7e7711acc23c3bca>@@$$QAV<lambda_f7496a158712204296dd6628a163878e>@@@Z 10025de8     libucrt:signal.obj
 0002:00006e08       __sehtable$___acrt_update_thread_locale_data 10025e08     libucrt:locale_refcounting.obj
 0002:00006e28       __sehtable$___acrt_lowio_ensure_fh_exists 10025e28     libucrt:osfinfo.obj
 0002:00006e48       __sehtable$_common_flush_all 10025e48     libucrt:fflush.obj
 0002:00006e70       __sehtable$__fcloseall     10025e70     libucrt:closeall.obj
 0002:00006e90       __sehtable$??$?RV<lambda_61cee617f5178ae960314fd4d05640a0>@@AAV<lambda_6978c1fb23f02e42e1d9e99668cc68aa>@@V<lambda_9cd88cf8ad10232537feb2133f08c833>@@@?$__crt_seh_guarded_call@H@@QAEH$$QAV<lambda_61cee617f5178ae960314fd4d05640a0>@@AAV<lambda_6978c1fb23f02e42e1d9e99668cc68aa>@@$$QAV<lambda_9cd88cf8ad10232537feb2133f08c833>@@@Z 10025e90     libucrt:commit.obj
 0002:00006eb0       __sehtable$__write         10025eb0     libucrt:write.obj
 0002:00006ed0       __sehtable$_fclose         10025ed0     libucrt:fclose.obj
 0002:00006ef0       __sehtable$??$?RV<lambda_123407a5e2ac06da108355a851863b7a>@@AAV<lambda_2fe9b910cf3cbf4a0ab98a02ba45b3ec>@@V<lambda_ae55bdf541ad94d75914d381c370e64d>@@@?$__crt_seh_guarded_call@H@@QAEH$$QAV<lambda_123407a5e2ac06da108355a851863b7a>@@AAV<lambda_2fe9b910cf3cbf4a0ab98a02ba45b3ec>@@$$QAV<lambda_ae55bdf541ad94d75914d381c370e64d>@@@Z 10025ef0     libucrt:close.obj
 0002:00006f10       __sehtable$__IsNonwritableInCurrentImage 10025f10     LIBCMT:pesect.obj
 0002:00006f30       .edata                     10025f30     ConEmuTh.exp
 0002:00006f58       rgpv                       10025f58     ConEmuTh.exp
 0002:00006f8c       rgszName                   10025f8c     ConEmuTh.exp
 0002:00006fc0       rgwOrd                     10025fc0     ConEmuTh.exp
 0002:00006fda       szName                     10025fda     ConEmuTh.exp
 0002:00006fe7       $N00001                    10025fe7     ConEmuTh.exp
 0002:00006ff6       $N00002                    10025ff6     ConEmuTh.exp
 0002:00006ffc       $N00003                    10025ffc     ConEmuTh.exp
 0002:00007004       $N00004                    10026004     ConEmuTh.exp
 0002:0000700d       $N00005                    1002600d     ConEmuTh.exp
 0002:0000701c       $N00006                    1002601c     ConEmuTh.exp
 0002:0000702d       $N00007                    1002602d     ConEmuTh.exp
 0002:0000703f       $N00008                    1002603f     ConEmuTh.exp
 0002:0000704d       $N00009                    1002604d     ConEmuTh.exp
 0002:00007058       $N00010                    10026058     ConEmuTh.exp
 0002:00007064       $N00011                    10026064     ConEmuTh.exp
 0002:00007079       $N00012                    10026079     ConEmuTh.exp
 0002:00007088       $N00013                    10026088     ConEmuTh.exp
 0002:0000749e       .idata$6                   1002649e     version:VERSION.dll
 0002:000077dc       .idata$6                   100267dc     kernel32:KERNEL32.dll
 0002:00007a5a       .idata$6                   10026a5a     user32:USER32.dll
 0002:00007bac       .idata$6                   10026bac     gdi32:GDI32.dll
 0002:00007c0c       .idata$6                   10026c0c     advapi32:ADVAPI32.dll
 0002:00007c2c       .idata$6                   10026c2c     shell32:SHELL32.dll
 0002:00007c5a       .idata$6                   10026c5a     ole32:ole32.dll
 0003:000000b0       ?__vcrt_flsindex@@3KA      100280b0     libvcruntime:per_thread_data.obj
 0003:000000d4       _errno_no_memory           100280d4     libucrt:errno.obj
 0003:000000d8       _doserrno_no_memory        100280d8     libucrt:errno.obj
 0003:000000dc       ___acrt_flsindex           100280dc     libucrt:per_thread_data.obj
 0003:000001a4       ___rgctypeflag             100281a4     libucrt:mbctype.obj
 0003:000001a8       ___rgcode_page_info        100281a8     libucrt:mbctype.obj
 0003:0002173c       ?sbInClearing@?1??ProcessConsoleInput@@YAHHPAU_INPUT_RECORD@@KPAK@Z@4_NA 1004973c     ConEmuTh.obj
 0003:00021758       ?szMenu@?1??GetPluginInfoW1900@@YAXPAX@Z@4PAPA_WA 10049758     ConEmuTh1900.obj
 0003:00021760       ?szMenu1@?1??GetPluginInfoW1900@@YAXPAX@Z@4PA_WA 10049760     ConEmuTh1900.obj
 0003:00021968       ?szMenu@?1??GetPluginInfoW2800@@YAXPAX@Z@4PAPA_WA 10049968     ConEmuTh2800.obj
 0003:00021970       ?szMenu1@?1??GetPluginInfoW2800@@YAXPAX@Z@4PA_WA 10049970     ConEmuTh2800.obj
 0003:00021b78       ?gszRootKeyW995@@3PA_WA    10049b78     ConEmuTh995.obj
 0003:00021b7c       ?szMenu@?1??GetPluginInfoW995@@YAXPAX@Z@4PAPA_WA 10049b7c     ConEmuTh995.obj
 0003:00021b80       ?szMenu1@?1??GetPluginInfoW995@@YAXPAX@Z@4PA_WA 10049b80     ConEmuTh995.obj
 0003:00021d88       ?gszRootKeyA@@3PA_WA       10049d88     ConEmuThA.obj
 0003:00021d8c       ?szMenu@?1??GetPluginInfo@@9@4@4PAPADA 10049d8c     ConEmuThA.obj
 0003:00021d90       ?szMenu1@?1??GetPluginInfo@@9@4@4PADA 10049d90     ConEmuThA.obj
 0003:00021eac       ?hClass@@3GA               10049eac     Display.obj
 0003:00021ed8       ?szFile@?1??ModuleName@@YAPB_WPB_W@Z@4PA_WA 10049ed8     common-kernel32:ConEmuCheck.obj
 0003:00021f18       ?TerminalMode@?1??isTerminalMode@@YA_NXZ@4_NA 10049f18     common-kernel32:MProcess.obj
 0003:00021f19       ?TerminalChecked@?1??isTerminalMode@@YA_NXZ@4_NA 10049f19     common-kernel32:MProcess.obj
 0003:00021f24       ?gh_UnknownTerminatedThread@@3PAXA 10049f24     common-kernel32:WThreads.obj
 0003:00021f28       ?g_Threads@@3PAUConEmuThreadInfo@@A 10049f28     common-kernel32:WThreads.obj
 0003:0002972c       ?is64bitOs@?1??IsWindows64@@YA_NXZ@4_NA 1005172c     common-kernel32:WObjects.obj
 0003:0002972d       ?isOsChecked@?1??IsWindows64@@YA_NXZ@4_NA 1005172d     common-kernel32:WObjects.obj
 0003:0002972e       ?gbInTransparentAssert@@3_NA 1005172e     common-user32:RgnDetect.obj
 0003:00029730       ?__proc_attached@@3HA      10051730     LIBCMT:dll_dllmain.obj
 0003:00029738       _GS_ExceptionRecord        10051738     LIBCMT:gs_report.obj
 0003:00029788       _GS_ContextRecord          10051788     LIBCMT:gs_report.obj
 0003:00029a78       ?module_local_atexit_table@@3U_onexit_table_t@@A 10051a78     LIBCMT:utility.obj
 0003:00029a84       ?module_local_at_quick_exit_table@@3U_onexit_table_t@@A 10051a84     LIBCMT:utility.obj
 0003:00029a90       ?module_local_atexit_table_initialized@@3_NA 10051a90     LIBCMT:utility.obj
 0003:00029a91       ?is_initialized_as_dll@@3_NA 10051a91     LIBCMT:utility.obj
 0003:00029aa0       ?__vcrt_startup_thread_ptd@@3U__vcrt_ptd@@A 10051aa0     libvcruntime:per_thread_data.obj
 0003:00029af0       ?heap@@3V_HeapManager@@A   10051af0     libvcruntime:undname.obj
 0003:00029b04       ___vcrt_lock_table         10051b04     libvcruntime:locks.obj
 0003:00029b1c       ___vcrt_locks_initialized  10051b1c     libvcruntime:locks.obj
 0003:00029b20       ?module_handles@@3PAPAUHINSTANCE__@@A 10051b20     libvcruntime:winapi_downlevel.obj
 0003:00029b2c       ?encoded_function_pointers@@3PAPAXA 10051b2c     libvcruntime:winapi_downlevel.obj
 0003:00029b48       _c_termination_complete    10051b48     libucrt:exit.obj
 0003:00029b4c       _thread_local_exit_callback_func 10051b4c     libucrt:exit.obj
 0003:00029b50       ?c_exit_complete@?5??common_exit@@YAXHW4_crt_exit_cleanup_mode@@W4_crt_exit_return_mode@@@Z@4_NA 10051b50     libucrt:exit.obj
 0003:00029b58       ?program_name@?5???$common_configure_argv@D@@YAHW4_crt_argv_mode@@@Z@4PADA 10051b58     libucrt:argv_parsing.obj
 0003:00029c88       ___acrt_invalid_parameter_handler 10051c88     libucrt:invalid_parameter.obj
 0003:00029c98       ___acrt_lock_table         10051c98     libucrt:locks.obj
 0003:00029dd0       ___acrt_locks_initialized  10051dd0     libucrt:locks.obj
 0003:00029dd8       _module_handles            10051dd8     libucrt:winapi_thunks.obj
 0003:00029e28       _encoded_function_pointers 10051e28     libucrt:winapi_thunks.obj
 0003:00029ea8       ?state_cache@?1??__acrt_is_packaged_app@@9@4JA 10051ea8     libucrt:winapi_thunks.obj
 0003:00029ec4       _fSystemSet                10051ec4     libucrt:mbctype.obj
 0003:00029ec8       ?initialized@?1??__acrt_initialize_multibyte@@9@4_NA 10051ec8     libucrt:mbctype.obj
 0003:0002a0ec       ___acrt_new_handler        100520ec     libucrt:new_handler.obj
 0003:0002a0f0       _ctrlc_action              100520f0     libucrt:signal.obj
 0003:0002a0f4       _ctrlbreak_action          100520f4     libucrt:signal.obj
 0003:0002a0f8       _abort_action              100520f8     libucrt:signal.obj
 0003:0002a0fc       _term_action               100520fc     libucrt:signal.obj
 0003:0002a100       _user_matherr              10052100     libucrt:matherr.obj
 0003:0002a10c       ___acrt_global_new_mode    1005210c     libucrt:new_mode.obj
 0003:0002a120       ___acrt_app_type           10052120     libucrt:report_runtime_error.obj
 0003:0002a128       __pmatherr_set             10052128     libucrt:libm_error.obj
 0004:00000130       $R000000                   10053130     ConEmuTh.res
 0004:00000448       $R000318                   10053448     ConEmuTh.res
 0004:000014f0       $R0013C0                   100544f0     ConEmuTh.res
 0004:00001508       $R0013D8                   10054508     ConEmuTh.res
