 ConEmuTh.x64

 Timestamp is 5a27c1ea (Wed Dec  6 13:09:46 2017)

 Preferred load address is 0000000180000000

 Start         Length     Name                   Class
 0001:00000000 0001f300H .text$mn                CODE
 0001:0001f300 000000e0H .text$mn$00             CODE
 0001:0001f3e0 000004d0H .text$x                 CODE
 0002:00000000 00000660H .idata$5                DATA
 0002:00000660 00000020H .00cfg                  DATA
 0002:00000680 00000008H .CRT$XCA                DATA
 0002:00000688 00000008H .CRT$XCZ                DATA
 0002:00000690 00000008H .CRT$XIA                DATA
 0002:00000698 00000018H .CRT$XIC                DATA
 0002:000006b0 00000008H .CRT$XIZ                DATA
 0002:000006b8 00000008H .CRT$XPA                DATA
 0002:000006c0 00000010H .CRT$XPX                DATA
 0002:000006d0 00000008H .CRT$XPXA               DATA
 0002:000006d8 00000008H .CRT$XPZ                DATA
 0002:000006e0 00000008H .CRT$XTA                DATA
 0002:000006e8 00000008H .CRT$XTZ                DATA
 0002:000006f0 00000000H .gfids$x                DATA
 0002:000006f0 00000000H .gfids$y                DATA
 0002:000006f0 00008a98H .rdata                  DATA
 0002:00009188 0000035cH .rdata$r                DATA
 0002:000094e4 0000032cH .rdata$zzzdbg           DATA
 0002:00009810 00000008H .rtc$IAA                DATA
 0002:00009818 00000008H .rtc$IZZ                DATA
 0002:00009820 00000008H .rtc$TAA                DATA
 0002:00009828 00000008H .rtc$TZZ                DATA
 0002:00009830 00001850H .xdata                  DATA
 0002:0000b080 00000090H .xdata$x                DATA
 0002:0000b110 0000016cH .edata                  DATA
 0002:0000b27c 0000008cH .idata$2                DATA
 0002:0000b308 00000018H .idata$3                DATA
 0002:0000b320 00000660H .idata$4                DATA
 0002:0000b980 00000e06H .idata$6                DATA
 0003:00000000 000009b0H .data                   DATA
 0003:000009b0 00000180H .data$r                 DATA
 0003:00000b30 0002b0d0H .bss                    DATA
 0004:00000000 00001ba8H .pdata                  DATA
 0005:00000000 00000130H .rsrc$01                DATA
 0005:00000130 00001558H .rsrc$02                DATA

  Address         Publics by Value              Rva+Base               Lib:Object

 0000:00000000       __dynamic_value_reloc_table 0000000000000000     <absolute>
 0000:00000000       __guard_iat_count          0000000000000000     <absolute>
 0000:00000000       __hybrid_code_map          0000000000000000     <absolute>
 0000:00000000       __hybrid_code_map_count    0000000000000000     <absolute>
 0000:00000000       __guard_iat_table          0000000000000000     <absolute>
 0000:00000000       __hybrid_auxiliary_iat     0000000000000000     <absolute>
 0000:00000000       __guard_longjmp_table      0000000000000000     <absolute>
 0000:00000000       __guard_longjmp_count      0000000000000000     <absolute>
 0000:00000000       __guard_fids_count         0000000000000000     <absolute>
 0000:00000000       __enclave_config           0000000000000000     <absolute>
 0000:00000000       ___safe_se_handler_table   0000000000000000     <absolute>
 0000:00000000       ___safe_se_handler_count   0000000000000000     <absolute>
 0000:00000000       __guard_fids_table         0000000000000000     <absolute>
 0000:00000100       __guard_flags              0000000000000100     <absolute>
 0000:00000000       __ImageBase                0000000180000000     <linker-defined>
 0001:00000000       ExitFARW                   0000000180001000 f   ConEmuTh.obj
 0001:00000000       ?ExitFARW3@@YAXPEAX@Z      0000000180001000 f   ConEmuTh.obj
 0001:00000038       ProcessSynchroEventW       0000000180001038 f   ConEmuTh.obj
 0001:00000040       ??1?$MFileMapping@UPanelViewSetMapping@@@@QEAA@XZ 0000000180001040 f i ConEmuTh.obj
 0001:00000094       ??_G?$MFileMapping@Utag_DetectedDialog@@@@QEAAPEAXI@Z 0000000180001094 f i ConEmuTh.obj
 0001:0000026c       ?CheckConEmu@@YAHH@Z       000000018000126c f   ConEmuTh.obj
 0001:00000374       ?CheckPanelSettings@@YAHH@Z 0000000180001374 f   ConEmuTh.obj
 0001:000003ac       ?CheckVarsInitialized@@YAXXZ 00000001800013ac f   ConEmuTh.obj
 0001:000004fc       ?CheckWindows@@YA_NXZ      00000001800014fc f   ConEmuTh.obj
 0001:0000059c       ?EntryPoint@@YAXH_J_N@Z    000000018000159c f   ConEmuTh.obj
 0001:00000754       ?ExecuteInMainThread@@YAXPEAUConEmuThSynchroArg@@@Z 0000000180001754 f   ConEmuTh.obj
 0001:000007d8       ?ExitPlugin@@YAXXZ         00000001800017d8 f   ConEmuTh.obj
 0001:00000910       ?FreeItem@CePluginPanelItem@@QEAAXXZ 0000000180001910 f   ConEmuTh.obj
 0001:00000940       ?FreeUserData@CePluginPanelItem@@QEAAXXZ 0000000180001940 f   ConEmuTh.obj
 0001:00000994       ?GetActivePanel@@YAPEAUCeFullPanelInfo@@XZ 0000000180001994 f   ConEmuTh.obj
 0001:000009d8       ?GetFarRect@@YAHPEAU_SMALL_RECT@@@Z 00000001800019d8 f   ConEmuTh.obj
 0001:00000a48       ?GetFocusedThumbnails@@YAPEAUCeFullPanelInfo@@XZ 0000000180001a48 f   ConEmuTh.obj
 0001:00000aa4       ?GetMainThreadId@@YAKXZ    0000000180001aa4 f   ConEmuTh.obj
 0001:00000b58       ?GetMsgW@@YAPEB_WH@Z       0000000180001b58 f   ConEmuTh.obj
 0001:00000b94       ?GetPluginInfoWcmn@@YAXPEAX@Z 0000000180001b94 f   ConEmuTh.obj
 0001:00000bb8       ?InitName@?$MFileMapping@UPanelViewSetMapping@@@@QEAAPEB_WPEB_WKK@Z 0000000180001bb8 f i ConEmuTh.obj
 0001:00000bb8       ?InitName@?$MFileMapping@Utag_DetectedDialog@@@@QEAAPEB_WPEB_WKK@Z 0000000180001bb8 f i ConEmuTh.obj
 0001:00000c50       ?InternalOpenCreate@?$MFileMapping@UPanelViewSetMapping@@@@IEAAPEAUPanelViewSetMapping@@HHH@Z 0000000180001c50 f i ConEmuTh.obj
 0001:00000e00       ?InternalOpenCreate@?$MFileMapping@Utag_DetectedDialog@@@@IEAAPEAUtag_DetectedDialog@@HHH@Z 0000000180001e00 f i ConEmuTh.obj
 0001:00000fb0       ?IsThumbnailsActive@@YAPEAUCeFullPanelInfo@@H@Z 0000000180001fb0 f   ConEmuTh.obj
 0001:000011bc       ?LoadFarVersion@@YAHXZ     00000001800021bc f   ConEmuTh.obj
 0001:00001564       ?LoadPanelItemInfo@@YAXPEAUCeFullPanelInfo@@_J@Z 0000000180002564 f   ConEmuTh.obj
 0001:0000159c       ?LoadThSet@@YAHK@Z         000000018000259c f   ConEmuTh.obj
 0001:000017d8       ?OnPostPeekConsole@@YAHPEAXPEAU_INPUT_RECORD@@KPEAKPEAH@Z 00000001800027d8 f   ConEmuTh.obj
 0001:00001818       ?OnPostReadConsole@@YAHPEAXPEAU_INPUT_RECORD@@KPEAKPEAH@Z 0000000180002818 f   ConEmuTh.obj
 0001:0000185c       ?OnPrePeekConsole@@YAHPEAXPEAU_INPUT_RECORD@@KPEAKPEAH@Z 000000018000285c f   ConEmuTh.obj
 0001:00001920       ?OnPreReadConsole@@YAHPEAXPEAU_INPUT_RECORD@@KPEAKPEAH@Z 0000000180002920 f   ConEmuTh.obj
 0001:0000193c       ?OnPreWriteConsoleOutput@@YAHPEAXPEBU_CHAR_INFO@@U_COORD@@2PEAU_SMALL_RECT@@@Z 000000018000293c f   ConEmuTh.obj
 0001:00001abc       ?OnReadyForPanelsReload@@YAXXZ 0000000180002abc f   ConEmuTh.obj
 0001:00001c28       ?OpenPluginWcmn@@YAPEAXH_J_N@Z 0000000180002c28 f   ConEmuTh.obj
 0001:00001c94       ?OpenW@@YAPEAXPEBUOpenInfo@@@Z 0000000180002c94 f   ConEmuTh.obj
 0001:00001cc4       ?PostMacro@@YAXPEA_W@Z     0000000180002cc4 f   ConEmuTh.obj
 0001:00001e74       ?ProcessConsoleInput@@YAHHPEAU_INPUT_RECORD@@KPEAK@Z 0000000180002e74 f   ConEmuTh.obj
 0001:00002198       ?ProcessSynchroEventCommon@@YAHHPEAX@Z 0000000180003198 f   ConEmuTh.obj
 0001:00002304       ?ReloadPanelsInfo@@YAXXZ   0000000180003304 f   ConEmuTh.obj
 0001:000024b0       ?ReloadResourcesW@@YAXXZ   00000001800034b0 f   ConEmuTh.obj
 0001:0000254c       ?ResetUngetBuffer@@YAXXZ   000000018000354c f   ConEmuTh.obj
 0001:0000255c       ?SavePanelViewState@@YAXHK@Z 000000018000355c f   ConEmuTh.obj
 0001:000025a4       ?SettingsLoad@@YAHPEB_WPEAK@Z 00000001800035a4 f   ConEmuTh.obj
 0001:000025dc       ?SettingsLoadOther@@YAXPEB_W@Z 00000001800035dc f   ConEmuTh.obj
 0001:00002754       ?SettingsLoadReg@@YAHPEB_W0PEAK@Z 0000000180003754 f   ConEmuTh.obj
 0001:000027f4       ?SettingsSave@@YAXPEB_WPEAK@Z 00000001800037f4 f   ConEmuTh.obj
 0001:0000282c       ?SettingsSaveReg@@YAXPEB_W0PEAK@Z 000000018000382c f   ConEmuTh.obj
 0001:000028b4       ?ShowLastError@@YAHXZ      00000001800038b4 f   ConEmuTh.obj
 0001:0000294c       ?ShowMessage@@YAHHH@Z      000000018000394c f   ConEmuTh.obj
 0001:00002984       ?ShowPluginMenu@@YAHXZ     0000000180003984 f   ConEmuTh.obj
 0001:000029bc       ?StartPlugin@@YAXH@Z       00000001800039bc f   ConEmuTh.obj
 0001:00002b2c       ?StringCchCatW@@YAJPEA_W_KPEB_W@Z 0000000180003b2c f i ConEmuTh.obj
 0001:00002bfc       ?StringCchCopyW@@YAJPEA_W_KPEB_W@Z 0000000180003bfc f i ConEmuTh.obj
 0001:00002c74       ?UpdateEnvVar@@YAXH@Z      0000000180003c74 f   ConEmuTh.obj
 0001:00002ca4       ?isPreloadByDefault@@YA_NXZ 0000000180003ca4 f   ConEmuTh.obj
 0001:00002ccc       DllMain                    0000000180003ccc f   ConEmuTh.obj
 0001:00002d98       GetMinFarVersionW          0000000180003d98 f   ConEmuTh.obj
 0001:00002da0       SetStartupInfoW            0000000180003da0 f   ConEmuTh.obj
 0001:00002e00       ?CheckFarPanelsW1900@@YA_NXZ 0000000180003e00 f   ConEmuTh1900.obj
 0001:00002e78       ?CheckPanelSettingsW1900@@YAHH@Z 0000000180003e78 f   ConEmuTh1900.obj
 0001:00002f40       ?Color2BgIndex@Far3Color@@SAXKHAEAGPEBK@Z 0000000180003f40 f i ConEmuTh1900.obj
 0001:00003044       ?Color2FgIndex@Far3Color@@SAXKAEAGPEBK@Z 0000000180004044 f i ConEmuTh1900.obj
 0001:00003124       ?ExecuteInMainThreadW1900@@YAXPEAUConEmuThSynchroArg@@@Z 0000000180004124 f   ConEmuTh1900.obj
 0001:00003150       ?ExitFARW1900@@YAXXZ       0000000180004150 f   ConEmuTh1900.obj
 0001:000031a8       ?FarColor_3_2@@YAEAEBUFarColor@@@Z 00000001800041a8 f i ConEmuTh1900.obj
 0001:00003254       ?GetFarRectW1900@@YAXPEAU_SMALL_RECT@@@Z 0000000180004254 f   ConEmuTh1900.obj
 0001:000032e8       ?GetMsgW1900@@YAPEB_WH@Z   00000001800042e8 f   ConEmuTh1900.obj
 0001:00003314       ?GetPluginInfoW1900@@YAXPEAX@Z 0000000180004314 f   ConEmuTh1900.obj
 0001:000034d0       ?LoadPanelInfoW1900@@YAHH@Z 00000001800044d0 f   ConEmuTh1900.obj
 0001:00003998       ?LoadPanelItemInfoW1900@@YAXPEAUCeFullPanelInfo@@_J@Z 0000000180004998 f   ConEmuTh1900.obj
 0001:00003be0       ?OpenW1900@@YAPEAXPEBX@Z   0000000180004be0 f   ConEmuTh1900.obj
 0001:00003c40       ?PostMacroW1900@@YAXPEA_W@Z 0000000180004c40 f   ConEmuTh1900.obj
 0001:00003cdc       ?ReloadPanelsInfoW1900@@YAXXZ 0000000180004cdc f   ConEmuTh1900.obj
 0001:00003d00       ?SetCurrentPanelItemW1900@@YAXH_J0@Z 0000000180004d00 f   ConEmuTh1900.obj
 0001:00003e30       ?SetStartupInfoW1900@@YAXPEAX@Z 0000000180004e30 f   ConEmuTh1900.obj
 0001:00003f94       ?SettingsLoadW1900@@YAHPEB_WPEAK@Z 0000000180004f94 f   ConEmuTh1900.obj
 0001:00004078       ?SettingsSaveW1900@@YAXPEB_WPEAK@Z 0000000180005078 f   ConEmuTh1900.obj
 0001:00004164       ?ShowMessageW1900@@YAHHH@Z 0000000180005164 f   ConEmuTh1900.obj
 0001:000041ac       ?ShowMessageW1900@@YAHPEB_WH@Z 00000001800051ac f   ConEmuTh1900.obj
 0001:00004230       ?ShowPluginMenuW1900@@YAHXZ 0000000180005230 f   ConEmuTh1900.obj
 0001:00004444       ?CheckFarPanelsW2800@@YA_NXZ 0000000180005444 f   ConEmuTh2800.obj
 0001:000044d4       ?CheckPanelSettingsW2800@@YAHH@Z 00000001800054d4 f   ConEmuTh2800.obj
 0001:000045a0       ?ExecuteInMainThreadW2800@@YAXPEAUConEmuThSynchroArg@@@Z 00000001800055a0 f   ConEmuTh2800.obj
 0001:000045cc       ?ExitFARW2800@@YAXXZ       00000001800055cc f   ConEmuTh2800.obj
 0001:00004624       ?FreePanelItemUserData2800@@YAXPEAX_KP6A_JXZ@Z 0000000180005624 f   ConEmuTh2800.obj
 0001:00004658       ?GetFarRectW2800@@YAXPEAU_SMALL_RECT@@@Z 0000000180005658 f   ConEmuTh2800.obj
 0001:000046f4       ?GetMsgW2800@@YAPEB_WH@Z   00000001800056f4 f   ConEmuTh2800.obj
 0001:00004720       ?GetPluginInfoW2800@@YAXPEAX@Z 0000000180005720 f   ConEmuTh2800.obj
 0001:000048dc       ?LoadPanelInfoW2800@@YAHH@Z 00000001800058dc f   ConEmuTh2800.obj
 0001:00004da4       ?LoadPanelItemInfoW2800@@YAXPEAUCeFullPanelInfo@@_J@Z 0000000180005da4 f   ConEmuTh2800.obj
 0001:00005028       ?OpenW2800@@YAPEAXPEBX@Z   0000000180006028 f   ConEmuTh2800.obj
 0001:000050e8       ?PostMacroW2800@@YAXPEA_W@Z 00000001800060e8 f   ConEmuTh2800.obj
 0001:00005188       ?ProcessSynchroEventW3@@YA_JPEAX@Z 0000000180006188 f   ConEmuTh2800.obj
 0001:000051a0       ?ReloadPanelsInfoW2800@@YAXXZ 00000001800061a0 f   ConEmuTh2800.obj
 0001:000051c4       ?SetCurrentPanelItemW2800@@YAXH_J0@Z 00000001800061c4 f   ConEmuTh2800.obj
 0001:00005320       ?SetCurrentPanelItemW2800Int@@YAXH_J0@Z 0000000180006320 f   ConEmuTh2800.obj
 0001:00005454       ?SetStartupInfoW2800@@YAXPEAX@Z 0000000180006454 f   ConEmuTh2800.obj
 0001:000055b8       ?SettingsLoadW2800@@YAHPEB_WPEAK@Z 00000001800065b8 f   ConEmuTh2800.obj
 0001:000056ac       ?SettingsSaveW2800@@YAXPEB_WPEAK@Z 00000001800066ac f   ConEmuTh2800.obj
 0001:000057a0       ?ShowMessageW2800@@YAHHH@Z 00000001800067a0 f   ConEmuTh2800.obj
 0001:000057ec       ?ShowMessageW2800@@YAHPEB_WH@Z 00000001800067ec f   ConEmuTh2800.obj
 0001:00005874       ?ShowPluginMenuW2800@@YAHXZ 0000000180006874 f   ConEmuTh2800.obj
 0001:00005a98       GetGlobalInfoW             0000000180006a98 f   ConEmuTh2800.obj
 0001:00005b30       ?CheckFarPanelsW995@@YA_NXZ 0000000180006b30 f   ConEmuTh995.obj
 0001:00005ba8       ?CheckPanelSettingsW995@@YAHH@Z 0000000180006ba8 f   ConEmuTh995.obj
 0001:00005c40       ?ExecuteInMainThreadW995@@YAXPEAUConEmuThSynchroArg@@@Z 0000000180006c40 f   ConEmuTh995.obj
 0001:00005c68       ?ExitFARW995@@YAXXZ        0000000180006c68 f   ConEmuTh995.obj
 0001:00005ce4       ?GetFarRectW995@@YAXPEAU_SMALL_RECT@@@Z 0000000180006ce4 f   ConEmuTh995.obj
 0001:00005d24       ?GetMsgW995@@YAPEB_WH@Z    0000000180006d24 f   ConEmuTh995.obj
 0001:00005d4c       ?GetPluginInfoW995@@YAXPEAX@Z 0000000180006d4c f   ConEmuTh995.obj
 0001:00005e20       ?LoadPanelInfo995@@YAHH@Z  0000000180006e20 f   ConEmuTh995.obj
 0001:00006174       ?LoadPanelItemInfoW995@@YAXPEAUCeFullPanelInfo@@_J@Z 0000000180007174 f   ConEmuTh995.obj
 0001:00006314       ?PostMacroW995@@YAXPEA_W@Z 0000000180007314 f   ConEmuTh995.obj
 0001:00006394       ?ReloadPanelsInfoW995@@YAXXZ 0000000180007394 f   ConEmuTh995.obj
 0001:000063b8       ?SetCurrentPanelItemW995@@YAXH_J0@Z 00000001800073b8 f   ConEmuTh995.obj
 0001:000064e0       ?SetStartupInfoW995@@YAXPEAX@Z 00000001800074e0 f   ConEmuTh995.obj
 0001:000066b4       ?SettingsLoadOtherW995@@YAXXZ 00000001800076b4 f   ConEmuTh995.obj
 0001:000066c0       ?SettingsLoadW995@@YAHPEB_WPEAK@Z 00000001800076c0 f   ConEmuTh995.obj
 0001:000066d4       ?SettingsSaveW995@@YAXPEB_WPEAK@Z 00000001800076d4 f   ConEmuTh995.obj
 0001:000066e8       ?ShowMessageW995@@YAHHH@Z  00000001800076e8 f   ConEmuTh995.obj
 0001:0000672c       ?ShowMessageW995@@YAHPEB_WH@Z 000000018000772c f   ConEmuTh995.obj
 0001:0000676c       ?ShowPluginMenuW995@@YAHXZ 000000018000776c f   ConEmuTh995.obj
 0001:00006918       OpenPluginW                0000000180007918 f   ConEmuTh995.obj
 0001:00006938       ?CheckFarPanelsA@@YA_NXZ   0000000180007938 f   ConEmuThA.obj
 0001:000069c4       ?CheckPanelSettingsA@@YAHH@Z 00000001800079c4 f   ConEmuThA.obj
 0001:00006a74       ?GetMsgA@@YAPEB_WHPEA_W@Z  0000000180007a74 f   ConEmuThA.obj
 0001:00006b70       ?LoadPanelInfoA@@YAHH@Z    0000000180007b70 f   ConEmuThA.obj
 0001:00006f5c       ?PostMacroA@@YAXPEAD@Z     0000000180007f5c f   ConEmuThA.obj
 0001:00006fd8       ?ReloadPanelsInfoA@@YAXXZ  0000000180007fd8 f   ConEmuThA.obj
 0001:00006ffc       ?ReloadResourcesA@@YAXXZ   0000000180007ffc f   ConEmuThA.obj
 0001:000070d8       ?SetCurrentPanelItemA@@YAXH_J0@Z 00000001800080d8 f   ConEmuThA.obj
 0001:00007208       ?SettingsLoadA@@YAHPEB_WPEAK@Z 0000000180008208 f   ConEmuThA.obj
 0001:0000721c       ?SettingsLoadOtherA@@YAXXZ 000000018000821c f   ConEmuThA.obj
 0001:00007228       ?SettingsSaveA@@YAXPEB_WPEAK@Z 0000000180008228 f   ConEmuThA.obj
 0001:0000723c       ?ShowMessageA@@YAHHH@Z     000000018000823c f   ConEmuThA.obj
 0001:0000728c       ?ShowMessageA@@YAHPEBDH@Z  000000018000828c f   ConEmuThA.obj
 0001:000072d0       ?ShowPluginMenuA@@YAHXZ    00000001800082d0 f   ConEmuThA.obj
 0001:000074c8       ExitFAR                    00000001800084c8 f   ConEmuThA.obj
 0001:00007548       GetMinFarVersion           0000000180008548 f   ConEmuThA.obj
 0001:00007578       GetPluginInfo              0000000180008578 f   ConEmuThA.obj
 0001:000075f8       OpenPlugin                 00000001800085f8 f   ConEmuThA.obj
 0001:00007634       SetStartupInfo             0000000180008634 f   ConEmuThA.obj
 0001:0000782c       ?BisItem2CeItem@CeFullPanelInfo@@QEAAH_JH_KKKHH@Z 000000018000882c f   Display.obj
 0001:000078cc       ?CalcTopPanelItem@CeFullPanelInfo@@QEAA_J_J0@Z 00000001800088cc f   Display.obj
 0001:000079b4       ?Close@CeFullPanelInfo@@QEAAXXZ 00000001800089b4 f   Display.obj
 0001:000079f8       ?CreateView@CeFullPanelInfo@@QEAAPEAUHWND__@@XZ 00000001800089f8 f   Display.obj
 0001:00007da4       ?DisplayReloadPanel@CeFullPanelInfo@@QEAAXXZ 0000000180008da4 f   Display.obj
 0001:00007de0       ?DisplayThread@CeFullPanelInfo@@SAKPEAX@Z 0000000180008de0 f   Display.obj
 0001:00007f00       ?DisplayWndProc@CeFullPanelInfo@@SA_JPEAUHWND__@@I_K_J@Z 0000000180008f00 f   Display.obj
 0001:00008450       ?DrawItemText@CeFullPanelInfo@@QEAAHPEAUHDC__@@PEAUtagRECT@@1PEAUCePluginPanelItem@@PEB_WPEAUHBRUSH__@@H@Z 0000000180009450 f   Display.obj
 0001:00008a54       ?FarItem2CeItem@CeFullPanelInfo@@QEAAH_JPEB_W1KU_FILETIME@@_KHPEAX3P6A_JXZ3K@Z 0000000180009a54 f   Display.obj
 0001:00008dcc       ?FinalRelease@CeFullPanelInfo@@QEAAXXZ 0000000180009dcc f   Display.obj
 0001:00008f14       ?GetConCoordFromIndex@CeFullPanelInfo@@QEAAH_JAEAU_COORD@@@Z 0000000180009f14 f   Display.obj
 0001:00008fc8       ?GetIndexFromWndCoord@CeFullPanelInfo@@QEAAHHHAEA_J@Z 0000000180009fc8 f   Display.obj
 0001:00009060       ?GetItemColors@CeFullPanelInfo@@QEAAPEAUHBRUSH__@@_JPEAUCePluginPanelItem@@PEAUCePluginPanelItemColor@@HAEAK3@Z 000000018000a060 f   Display.obj
 0001:000090c8       ?Invalidate@CeFullPanelInfo@@QEAAXXZ 000000018000a0c8 f   Display.obj
 0001:0000911c       ?InvalidateAll@CeFullPanelInfo@@SAXXZ 000000018000a11c f   Display.obj
 0001:0000916c       ?LoadItemColors@CeFullPanelInfo@@QEAAX_JPEAUCePluginPanelItem@@PEAUCePluginPanelItemColor@@HH@Z 000000018000a16c f   Display.obj
 0001:000093dc       ?OnSettingsChanged@CeFullPanelInfo@@QEAAHH@Z 000000018000a3dc f   Display.obj
 0001:00009510       ?Paint@CeFullPanelInfo@@QEAAXPEAUHWND__@@AEAUtagPAINTSTRUCT@@AEAUtagRECT@@@Z 000000018000a510 f   Display.obj
 0001:00009e48       ?PaintItem@CeFullPanelInfo@@QEAAHPEAUHDC__@@_JHHPEAUCePluginPanelItem@@PEAUCePluginPanelItemColor@@HHPEAUHBRUSH__@@4K@Z 000000018000ae48 f   Display.obj
 0001:0000a36c       ?ReallocItems@CeFullPanelInfo@@QEAAH_J@Z 000000018000b36c f   Display.obj
 0001:0000a51c       ?RegisterPanelView@CeFullPanelInfo@@QEAAHXZ 000000018000b51c f   Display.obj
 0001:0000a7fc       ?RequestSetPos@CeFullPanelInfo@@QEAAX_J0H@Z 000000018000b7fc f   Display.obj
 0001:0000a8e0       ?UnregisterPanelView@CeFullPanelInfo@@QEAAH_N@Z 000000018000b8e0 f   Display.obj
 0001:0000aa1c       ??$SafeDelete@UMSectionSimple@@@@YAXAEAPEAUMSectionSimple@@@Z 000000018000ba1c f i ImgCache.obj
 0001:0000aa70       ??0?$CQueueProcessor@PEAUIMAGE_CACHE_INFO@@@@QEAA@XZ 000000018000ba70 f i ImgCache.obj
 0001:0000aaf4       ??0CImgCache@@QEAA@PEAUHINSTANCE__@@@Z 000000018000baf4 f   ImgCache.obj
 0001:0000ac30       ??1?$CQueueProcessor@PEAUIMAGE_CACHE_INFO@@@@UEAA@XZ 000000018000bc30 f i ImgCache.obj
 0001:0000acf8       ??1CImgCache@@QEAA@XZ      000000018000bcf8 f   ImgCache.obj
 0001:0000adc0       ??_ECImgLoader@@UEAAPEAXI@Z 000000018000bdc0 f i ImgCache.obj
 0001:0000adc0       ??_E?$CQueueProcessor@PEAUIMAGE_CACHE_INFO@@@@UEAAPEAXI@Z 000000018000bdc0 f i ImgCache.obj
 0001:0000adc0       ??_GCImgLoader@@UEAAPEAXI@Z 000000018000bdc0 f i ImgCache.obj
 0001:0000adc0       ??_G?$CQueueProcessor@PEAUIMAGE_CACHE_INFO@@@@UEAAPEAXI@Z 000000018000bdc0 f i ImgCache.obj
 0001:0000adf4       ?CheckDrawDibCreated@CImgCache@@IEAAHXZ 000000018000bdf4 f   ImgCache.obj
 0001:0000af64       __acrt_uninitialize_command_line 000000018000bf64 f i libucrt:argv_data.obj
 0001:0000af64       ?Filter@?$MToolHelp@UtagPROCESSENTRY32W@@$1?Process32FirstW@@YAHPEAXPEAU1@@Z$1?Process32NextW@@YAH01@Z@@MEAA_NPEAUtagPROCESSENTRY32W@@@Z 000000018000bf64 f i common-kernel64:MProcess.obj
 0001:0000af64       ?CheckHighPriority@?$CQueueProcessor@PEAUIMAGE_CACHE_INFO@@@@MEAA_NAEBQEAUIMAGE_CACHE_INFO@@@Z 000000018000bf64 f i ImgCache.obj
 0001:0000af64       ?CheckHighPriority@CImgLoader@@UEAA_NAEAPEBUIMAGE_CACHE_INFO@@@Z 000000018000bf64 f i ImgCache.obj
 0001:0000af68       ?CheckLoadDibCreated@CImgCache@@IEAAHXZ 000000018000bf68 f   ImgCache.obj
 0001:0000b0d8       ?CheckThread@?$CQueueProcessor@PEAUIMAGE_CACHE_INFO@@@@IEAAJXZ 000000018000c0d8 f i ImgCache.obj
 0001:0000b198       ?ClearQueue@?$CQueueProcessor@PEAUIMAGE_CACHE_INFO@@@@AEAAXXZ 000000018000c198 f i ImgCache.obj
 0001:0000b234       ?CopyBits@CImgCache@@IEAAXU_COORD@@PEAEK01@Z 000000018000c234 f   ImgCache.obj
 0001:0000b2c0       ?CopyItem@?$CQueueProcessor@PEAUIMAGE_CACHE_INFO@@@@MEAAXPEBQEAUIMAGE_CACHE_INFO@@PEAPEAU2@@Z 000000018000c2c0 f i ImgCache.obj
 0001:0000b2e0       ?FindInCache@CImgCache@@IEAAHPEAUCePluginPanelItem@@PEAHI@Z 000000018000c2e0 f   ImgCache.obj
 0001:0000b500       ?FindOrCreate@?$CQueueProcessor@PEAUIMAGE_CACHE_INFO@@@@AEAAPEAUProcessingItem@1@AEBQEAUIMAGE_CACHE_INFO@@_J_NW4ProcessingPriority@@@Z 000000018000c500 f i ImgCache.obj
 0001:0000b754       ?FreeModules@CImgCache@@IEAAXXZ 000000018000c754 f   ImgCache.obj
 0001:0000b7c0       ?Init@CImgCache@@QEAAXK@Z  000000018000c7c0 f   ImgCache.obj
 0001:0000b820       ?InitializeQueue@?$CQueueProcessor@PEAUIMAGE_CACHE_INFO@@@@AEAAXH@Z 000000018000c820 f i ImgCache.obj
 0001:0000b8ec       ?IsEqual@?$CQueueProcessor@PEAUIMAGE_CACHE_INFO@@@@MEAA_NAEBQEAUIMAGE_CACHE_INFO@@_J01@Z 000000018000c8ec f i ImgCache.obj
 0001:0000b908       ?IsEqual@CImgLoader@@UEAA_NAEAPEBUIMAGE_CACHE_INFO@@_JAEAPEAU2@1@Z 000000018000c908 f i ImgCache.obj
 0001:0000b920       ?IsStopRequested@?$CQueueProcessor@PEAUIMAGE_CACHE_INFO@@@@UEAA_NAEBQEAUIMAGE_CACHE_INFO@@@Z 000000018000c920 f i ImgCache.obj
 0001:0000b930       ?IsTerminationRequested@CImgLoader@@UEAA_NXZ 000000018000c930 f i ImgCache.obj
 0001:0000b930       ?IsTerminationRequested@?$CQueueProcessor@PEAUIMAGE_CACHE_INFO@@@@MEAA_NXZ 000000018000c930 f i ImgCache.obj
 0001:0000b934       ?LoadModules@CImgCache@@IEAAXXZ 000000018000c934 f   ImgCache.obj
 0001:0000bb9c       ?LoadShellIcon@CImgCache@@QEAAHPEAUIMAGE_CACHE_INFO@@H@Z 000000018000cb9c f   ImgCache.obj
 0001:0000bee0       ?LoadThumbnail@CImgCache@@QEAAHPEAUIMAGE_CACHE_INFO@@@Z 000000018000cee0 f   ImgCache.obj
 0001:0000c45c       ?OnThreadStarted@?$CQueueProcessor@PEAUIMAGE_CACHE_INFO@@@@MEAAJXZ 000000018000d45c f i ImgCache.obj
 0001:0000c460       ?OnThreadStarted@CImgLoader@@UEAAJXZ 000000018000d460 f i ImgCache.obj
 0001:0000c474       ?OnThreadStopped@CImgLoader@@UEAAXXZ 000000018000d474 f i ImgCache.obj
 0001:0000c47c       ?PaintItem@CImgCache@@QEAAHPEAUHDC__@@HHHPEAUCePluginPanelItem@@PEAPEB_WPEAH@Z 000000018000d47c f   ImgCache.obj
 0001:0000c9a4       ?ProcessItem@?$CQueueProcessor@PEAUIMAGE_CACHE_INFO@@@@IEAAJPEAUProcessingItem@1@@Z 000000018000d9a4 f i ImgCache.obj
 0001:0000c9d0       ?ProcessItem@?$CQueueProcessor@PEAUIMAGE_CACHE_INFO@@@@MEAAJAEAPEAUIMAGE_CACHE_INFO@@_J@Z 000000018000d9d0 f i ImgCache.obj
 0001:0000c9d8       ?ProcessItem@CImgLoader@@UEAAJAEAPEAUIMAGE_CACHE_INFO@@_J@Z 000000018000d9d8 f i ImgCache.obj
 0001:0000ca30       ?ProcessingStep@?$CQueueProcessor@PEAUIMAGE_CACHE_INFO@@@@IEAA_NXZ 000000018000da30 f i ImgCache.obj
 0001:0000cc48       ?ProcessingThread@?$CQueueProcessor@PEAUIMAGE_CACHE_INFO@@@@KAKPEAX@Z 000000018000dc48 f i ImgCache.obj
 0001:0000cc78       ?RequestItem@CImgCache@@QEAAHPEAUCePluginPanelItem@@I@Z 000000018000dc78 f   ImgCache.obj
 0001:0000cd78       ?Reset@CImgCache@@QEAAXXZ  000000018000dd78 f   ImgCache.obj
 0001:0000cf80       ?SetCacheLocation@CImgCache@@QEAAXPEB_W@Z 000000018000df80 f   ImgCache.obj
 0001:0000cfff       GetFileVersionInfoSizeW    000000018000dfff f   version:VERSION.dll
 0001:0000d005       GetFileVersionInfoW        000000018000e005 f   version:VERSION.dll
 0001:0000d00b       VerQueryValueW             000000018000e00b f   version:VERSION.dll
 0001:0000d011       CreateToolhelp32Snapshot   000000018000e011 f   kernel32:KERNEL32.dll
 0001:0000d017       Thread32First              000000018000e017 f   kernel32:KERNEL32.dll
 0001:0000d01d       Thread32Next               000000018000e01d f   kernel32:KERNEL32.dll
 0001:0000d024       ??2@YAPEAX_K@Z             000000018000e024 f   common-kernel64:Memory.obj
 0001:0000d058       ??3@YAXPEAX@Z              000000018000e058 f   common-kernel64:Memory.obj
 0001:0000d06c       ??_U@YAPEAX_K@Z            000000018000e06c f   common-kernel64:Memory.obj
 0001:0000d080       ??_V@YAXPEAX@Z             000000018000e080 f   common-kernel64:Memory.obj
 0001:0000d094       ?HeapDeinitialize@@YAXXZ   000000018000e094 f   common-kernel64:Memory.obj
 0001:0000d0b8       ?HeapInitialize@@YA_NXZ    000000018000e0b8 f   common-kernel64:Memory.obj
 0001:0000d0ec       ?xf_calloc@@YAPEAX_K0PEBDH@Z 000000018000e0ec f   common-kernel64:Memory.obj
 0001:0000d17c       ?xf_free@@YAXPEAXPEBDH@Z   000000018000e17c f   common-kernel64:Memory.obj
 0001:0000d1b8       ?xf_malloc@@YAPEAX_KPEBDH@Z 000000018000e1b8 f   common-kernel64:Memory.obj
 0001:0000d240       ?xf_realloc@@YAPEAXPEAX_KPEBDH@Z 000000018000e240 f   common-kernel64:Memory.obj
 0001:0000d2f4       ?xf_set_tag@@YAXPEAXPEBDH_N@Z 000000018000e2f4 f   common-kernel64:Memory.obj
 0001:0000d39c       ?xf_validate@@YA_NPEAX@Z   000000018000e39c f   common-kernel64:Memory.obj
 0001:0000d3c4       ?msprintf@@YAPEB_WPEA_W_KPEB_WZZ 000000018000e3c4 f   common-kernel64:MStrSafe.obj
 0001:0000d810       ?CommonShutdown@@YAXXZ     000000018000e810 f   common-kernel64:Common.obj
 0001:0000d820       ??_GMNullDesc@@QEAAPEAXI@Z 000000018000e820 f i common-kernel64:MSecurity.obj
 0001:0000d898       ?LoadAdvApi@MNullDesc@@IEAAHXZ 000000018000e898 f i common-kernel64:MSecurity.obj
 0001:0000da50       ?LocalSecurity@@YAPEAU_SECURITY_ATTRIBUTES@@XZ 000000018000ea50 f   common-kernel64:MSecurity.obj
 0001:0000daac       ?LocalSecurity@MNullDesc@@QEAAPEAU_SECURITY_ATTRIBUTES@@XZ 000000018000eaac f i common-kernel64:MSecurity.obj
 0001:0000dc28       ?ShutdownSecurity@@YAXXZ   000000018000ec28 f   common-kernel64:MSecurity.obj
 0001:0000dc50       ?ExecuteCmd@@YAPEAUCESERVER_REQ@@PEB_WPEAU1@KPEAUHWND__@@HKH@Z 000000018000ec50 f   common-kernel64:ConEmuCheck.obj
 0001:0000de50       ?ExecuteFreeResult@@YAXAEAPEAUCESERVER_REQ@@@Z 000000018000ee50 f   common-kernel64:ConEmuCheck.obj
 0001:0000de7c       ?ExecuteGuiCmd@@YAPEAUCESERVER_REQ@@PEAUHWND__@@PEAU1@0H@Z 000000018000ee7c f   common-kernel64:ConEmuCheck.obj
 0001:0000df3c       ?ExecuteNewCmd@@YAPEAUCESERVER_REQ@@K_K@Z 000000018000ef3c f   common-kernel64:ConEmuCheck.obj
 0001:0000dfac       ?ExecuteOpenPipe@@YAPEAXPEB_WAEAY0CAI@_W0KKHPEAXH@Z 000000018000efac f   common-kernel64:ConEmuCheck.obj
 0001:0000e15c       ?ExecutePrepareCmd@@YAXPEAUCESERVER_REQ@@K_K@Z 000000018000f15c f   common-kernel64:ConEmuCheck.obj
 0001:0000e198       ?ExecutePrepareCmd@@YAXPEAUCESERVER_REQ_HDR@@K_K@Z 000000018000f198 f   common-kernel64:ConEmuCheck.obj
 0001:0000e208       ?ModuleName@@YAPEB_WPEB_W@Z 000000018000f208 f   common-kernel64:ConEmuCheck.obj
 0001:0000e2cc       ??1?$MToolHelp@UtagPROCESSENTRY32W@@$1?Process32FirstW@@YAHPEAXPEAU1@@Z$1?Process32NextW@@YAH01@Z@@UEAA@XZ 000000018000f2cc f i common-kernel64:MProcess.obj
 0001:0000e370       ??_E?$MToolHelp@UtagPROCESSENTRY32W@@$1?Process32FirstW@@YAHPEAXPEAU1@@Z$1?Process32NextW@@YAH01@Z@@UEAAPEAXI@Z 000000018000f370 f i common-kernel64:MProcess.obj
 0001:0000e370       ??_EMToolHelpProcess@@UEAAPEAXI@Z 000000018000f370 f i common-kernel64:MProcess.obj
 0001:0000e370       ??_GMToolHelpProcess@@UEAAPEAXI@Z 000000018000f370 f i common-kernel64:MProcess.obj
 0001:0000e370       ??_G?$MToolHelp@UtagPROCESSENTRY32W@@$1?Process32FirstW@@YAHPEAXPEAU1@@Z$1?Process32NextW@@YAH01@Z@@UEAAPEAXI@Z 000000018000f370 f i common-kernel64:MProcess.obj
 0001:0000e3a4       ?Find@?$MToolHelp@UtagPROCESSENTRY32W@@$1?Process32FirstW@@YAHPEAXPEAU1@@Z$1?Process32NextW@@YAH01@Z@@QEAA_NP6A_NPEAUtagPROCESSENTRY32W@@_J@Z10@Z 000000018000f3a4 f i common-kernel64:MProcess.obj
 0001:0000e478       ?Open@?$MToolHelp@UtagPROCESSENTRY32W@@$1?Process32FirstW@@YAHPEAXPEAU1@@Z$1?Process32NextW@@YAH01@Z@@QEAA_NXZ 000000018000f478 f i common-kernel64:MProcess.obj
 0001:0000e4fc       ?addsize@?$MArray@UtagPROCESSENTRY32W@@@@QEAAX_J@Z 000000018000f4fc f i common-kernel64:MProcess.obj
 0001:0000e5bc       ?getNext@?$MToolHelp@UtagPROCESSENTRY32W@@$1?Process32FirstW@@YAHPEAXPEAU1@@Z$1?Process32NextW@@YAH01@Z@@IEAA_NXZ 000000018000f5bc f i common-kernel64:MProcess.obj
 0001:0000e65c       ?isTerminalMode@@YA_NXZ    000000018000f65c f   common-kernel64:MProcess.obj
 0001:0000e7e0       ?push_back@?$MArray@UtagPROCESSENTRY32W@@@@QEAA_JAEBUtagPROCESSENTRY32W@@@Z 000000018000f7e0 f i common-kernel64:MProcess.obj
 0001:0000e854       ?Init@HkFunc@@QEAA_NPEB_WPEAUHINSTANCE__@@@Z 000000018000f854 f   common-kernel64:HkFunc.obj
 0001:0000e8f4       ??0MSection@@QEAA@XZ       000000018000f8f4 f   common-kernel64:MSection.obj
 0001:0000e97c       ??0MSectionLock@@QEAA@XZ   000000018000f97c f   common-kernel64:MSection.obj
 0001:0000e98c       ??1MSection@@QEAA@XZ       000000018000f98c f   common-kernel64:MSection.obj
 0001:0000ea00       ??1MSectionLock@@QEAA@XZ   000000018000fa00 f   common-kernel64:MSection.obj
 0001:0000ea24       ?AddRef@MSection@@IEAAXK@Z 000000018000fa24 f   common-kernel64:MSection.obj
 0001:0000eab8       ?Lock@MSection@@IEAAHHK@Z  000000018000fab8 f   common-kernel64:MSection.obj
 0001:0000ebb8       ?Lock@MSectionLock@@QEAAHPEAVMSection@@HK@Z 000000018000fbb8 f   common-kernel64:MSection.obj
 0001:0000ec0c       ?MyEnterCriticalSection@MSection@@IEAA_NK@Z 000000018000fc0c f   common-kernel64:MSection.obj
 0001:0000ed3c       ?ReleaseRef@MSection@@IEAAHK@Z 000000018000fd3c f   common-kernel64:MSection.obj
 0001:0000ede0       ?Unlock@MSection@@IEAAXH@Z 000000018000fde0 f   common-kernel64:MSection.obj
 0001:0000ee38       ?Unlock@MSectionLock@@QEAAXXZ 000000018000fe38 f   common-kernel64:MSection.obj
 0001:0000ee64       ?WaitUnlocked@MSection@@IEAAXKK@Z 000000018000fe64 f   common-kernel64:MSection.obj
 0001:0000eef8       ?SetThreadName@@YAXKPEAD@Z 000000018000fef8 f   common-kernel64:WThreads.obj
 0001:0000ef30       ?apiCreateThread@@YAPEAXP6AKPEAX@Z0PEAKPEBDH@Z 000000018000ff30 f   common-kernel64:WThreads.obj
 0001:0000f080       ?apiTerminateThreadEx@@YAHPEAXKPEBDH@Z 0000000180010080 f   common-kernel64:WThreads.obj
 0001:0000f188       ?apiThreadHelper@@YAKPEAX@Z 0000000180010188 f   common-kernel64:WThreads.obj
 0001:0000f394       ?ExpandEnvStr@@YAPEA_WPEB_W@Z 0000000180010394 f   common-kernel64:WObjects.obj
 0001:0000f45c       ?FileExists@@YA_NPEB_WPEAK@Z 000000018001045c f   common-kernel64:WObjects.obj
 0001:0000f5e8       ?GetEnvVar@@YAPEA_WPEB_W@Z 00000001800105e8 f   common-kernel64:WObjects.obj
 0001:0000f6b8       ?IsWindows64@@YA_NXZ       00000001800106b8 f   common-kernel64:WObjects.obj
 0001:0000f6dc       ?StringCchCopyNW@@YAJPEA_W_KPEB_W1@Z 00000001800106dc f i common-kernel64:WObjects.obj
 0001:0000f764       ?PointToExt@@YAPEB_WPEB_W@Z 0000000180010764 f   common-kernel64:CmdLine.obj
 0001:0000f788       ?PointToName@@YAPEB_WPEB_W@Z 0000000180010788 f   common-kernel64:CmdLine.obj
 0001:0000f7e4       ?Unquote@@YAPEB_WPEA_W_N@Z 00000001800107e4 f   common-kernel64:CmdLine.obj
 0001:0000f84c       ?lstrdup@@YAPEA_WPEB_W_K@Z 000000018001084c f   common-kernel64:MStrDup.obj
 0001:0000f8cc       ?lstrmerge@@YAPEA_WPEB_W00000000@Z 00000001800108cc f   common-kernel64:MStrDup.obj
 0001:0000fa18       ??0MSectionLockSimple@@QEAA@XZ 0000000180010a18 f   common-kernel64:MSectionSimple.obj
 0001:0000fa24       ??0MSectionSimple@@QEAA@_N@Z 0000000180010a24 f   common-kernel64:MSectionSimple.obj
 0001:0000fa5c       ??1MSectionLockSimple@@QEAA@XZ 0000000180010a5c f   common-kernel64:MSectionSimple.obj
 0001:0000fa70       ?Close@MSectionSimple@@QEAAXXZ 0000000180010a70 f   common-kernel64:MSectionSimple.obj
 0001:0000fa70       ??1MSectionSimple@@QEAA@XZ 0000000180010a70 f   common-kernel64:MSectionSimple.obj
 0001:0000fa90       ?Enter@MSectionSimple@@QEAAXXZ 0000000180010a90 f   common-kernel64:MSectionSimple.obj
 0001:0000fa98       ?Init@MSectionSimple@@QEAAXXZ 0000000180010a98 f   common-kernel64:MSectionSimple.obj
 0001:0000fab8       ?Leave@MSectionSimple@@QEAAXXZ 0000000180010ab8 f   common-kernel64:MSectionSimple.obj
 0001:0000fac0       ?Lock@MSectionLockSimple@@QEAAHPEAUMSectionSimple@@K@Z 0000000180010ac0 f   common-kernel64:MSectionSimple.obj
 0001:0000fb58       ?RecreateAndLock@MSectionSimple@@QEAA_NXZ 0000000180010b58 f   common-kernel64:MSectionSimple.obj
 0001:0000fbc8       ?TryEnter@MSectionSimple@@QEAA_NXZ 0000000180010bc8 f   common-kernel64:MSectionSimple.obj
 0001:0000fbf0       ?Unlock@MSectionLockSimple@@QEAAXXZ 0000000180010bf0 f   common-kernel64:MSectionSimple.obj
 0001:0000fc18       ??0CEStr@@QEAA@PEB_W00000000@Z 0000000180010c18 f   common-kernel64:CEStr.obj
 0001:0000fcc0       ??1CEStr@@QEAA@XZ          0000000180010cc0 f   common-kernel64:CEStr.obj
 0001:0000fd1c       ??BCEStr@@QEBAPEB_WXZ      0000000180010d1c f   common-kernel64:CEStr.obj
 0001:0000fd20       ?AttachInt@CEStr@@AEAAPEB_WAEAPEA_W@Z 0000000180010d20 f   common-kernel64:CEStr.obj
 0001:0000fdb4       ?Empty@CEStr@@QEAAXXZ      0000000180010db4 f   common-kernel64:CEStr.obj
 0001:0000fdd4       ?GetBuffer@CEStr@@QEAAPEA_W_J@Z 0000000180010dd4 f   common-kernel64:CEStr.obj
 0001:0000fea4       ?GetLen@CEStr@@QEBA_JXZ    0000000180010ea4 f   common-kernel64:CEStr.obj
 0001:0000fecc       ?GetMaxCount@CEStr@@QEAA_JXZ 0000000180010ecc f   common-kernel64:CEStr.obj
 0001:0000fef8       ?SavePathVar@CEStr@@QEAAXPEB_W@Z 0000000180010ef8 f   common-kernel64:CEStr.obj
 0001:0000ff30       ?Set@CEStr@@QEAAPEB_WPEB_W_J@Z 0000000180010f30 f   common-kernel64:CEStr.obj
 0001:00010024       ??0CRgnDetect@@QEAA@XZ     0000000180011024 f   common-user64:RgnDetect.obj
 0001:000100e4       ??1CRgnDetect@@QEAA@XZ     00000001800110e4 f   common-user64:RgnDetect.obj
 0001:00010174       ?DetectDialog@CRgnDetect@@IEAA_NPEA_WPEAUtag_CharAttr@@HHHHPEAH2@Z 0000000180011174 f   common-user64:RgnDetect.obj
 0001:0001051c       ?ExpandDialogFrame@CRgnDetect@@IEAA_NPEA_WPEAUtag_CharAttr@@HHAEAH2HH22@Z 000000018001151c f   common-user64:RgnDetect.obj
 0001:000107dc       ?FindByBackground@CRgnDetect@@IEAA_NPEA_WPEAUtag_CharAttr@@HHAEAH222AEA_N@Z 00000001800117dc f   common-user64:RgnDetect.obj
 0001:000108dc       ?FindDialog_Any@CRgnDetect@@IEAA_NPEA_WPEAUtag_CharAttr@@HHAEAH222AEA_N@Z 00000001800118dc f   common-user64:RgnDetect.obj
 0001:00010b8c       ?FindDialog_Inner@CRgnDetect@@IEAA_NPEA_WPEAUtag_CharAttr@@HHAEAH2@Z 0000000180011b8c f   common-user64:RgnDetect.obj
 0001:00010cd8       ?FindDialog_Left@CRgnDetect@@IEAA_NPEA_WPEAUtag_CharAttr@@HHAEAH222AEA_N@Z 0000000180011cd8 f   common-user64:RgnDetect.obj
 0001:00010ec8       ?FindDialog_Right@CRgnDetect@@IEAA_NPEA_WPEAUtag_CharAttr@@HHAEAH222AEA_N@Z 0000000180011ec8 f   common-user64:RgnDetect.obj
 0001:00011030       ?FindDialog_TopLeft@CRgnDetect@@IEAA_NPEA_WPEAUtag_CharAttr@@HHAEAH222AEA_N@Z 0000000180012030 f   common-user64:RgnDetect.obj
 0001:0001113c       ?FindDialog_TopRight@CRgnDetect@@IEAA_NPEA_WPEAUtag_CharAttr@@HHAEAH222AEA_N@Z 000000018001213c f   common-user64:RgnDetect.obj
 0001:00011254       ?FindFrameBottom_ByLeft@CRgnDetect@@IEAA_NPEA_WPEAUtag_CharAttr@@HHAEAH22@Z 0000000180012254 f   common-user64:RgnDetect.obj
 0001:000112e8       ?FindFrameBottom_ByRight@CRgnDetect@@IEAA_NPEA_WPEAUtag_CharAttr@@HHAEAH22@Z 00000001800122e8 f   common-user64:RgnDetect.obj
 0001:0001139c       ?FindFrameLeft_ByBottom@CRgnDetect@@IEAA_NPEA_WPEAUtag_CharAttr@@HHAEAH22@Z 000000018001239c f   common-user64:RgnDetect.obj
 0001:0001146c       ?FindFrameLeft_ByTop@CRgnDetect@@IEAA_NPEA_WPEAUtag_CharAttr@@HHAEAH22@Z 000000018001246c f   common-user64:RgnDetect.obj
 0001:000115e0       ?FindFrameRight_ByBottom@CRgnDetect@@IEAA_NPEA_WPEAUtag_CharAttr@@HHAEAH22@Z 00000001800125e0 f   common-user64:RgnDetect.obj
 0001:000116c0       ?FindFrameRight_ByTop@CRgnDetect@@IEAA_NPEA_WPEAUtag_CharAttr@@HHAEAH22@Z 00000001800126c0 f   common-user64:RgnDetect.obj
 0001:000117ec       ?FindFrameTop_ByLeft@CRgnDetect@@IEAA_NPEA_WPEAUtag_CharAttr@@HHAEAH22@Z 00000001800127ec f   common-user64:RgnDetect.obj
 0001:00011870       ?FindFrameTop_ByRight@CRgnDetect@@IEAA_NPEA_WPEAUtag_CharAttr@@HHAEAH22@Z 0000000180012870 f   common-user64:RgnDetect.obj
 0001:00011918       ?FindFrame_TopLeft@CRgnDetect@@IEAA_NPEA_WPEAUtag_CharAttr@@HHAEAH222@Z 0000000180012918 f   common-user64:RgnDetect.obj
 0001:00011a1c       ?GetCharAttr@CRgnDetect@@QEAAHHHAEA_WAEAUtag_CharAttr@@@Z 0000000180012a1c f   common-user64:RgnDetect.obj
 0001:00011a9c       ?GetDetectedDialogsPtr@CRgnDetect@@QEBAPEBUtag_DetectedDialog@@XZ 0000000180012a9c f   common-user64:RgnDetect.obj
 0001:00011aa4       ?GetFlags@CRgnDetect@@QEBAKXZ 0000000180012aa4 f   common-user64:RgnDetect.obj
 0001:00011aac       ?InitializeSBI@CRgnDetect@@QEAAHPEBK@Z 0000000180012aac f   common-user64:RgnDetect.obj
 0001:00011ed8       ?MarkDialog@CRgnDetect@@IEAAHPEA_WPEAUtag_CharAttr@@HHHHHHI_NK@Z 0000000180012ed8 f   common-user64:RgnDetect.obj
 0001:000127f8       ?OnWindowSizeChanged@CRgnDetect@@QEAAXXZ 00000001800137f8 f   common-user64:RgnDetect.obj
 0001:00012800       ?OnWriteConsoleOutput@CRgnDetect@@QEAAXPEBU_CHAR_INFO@@U_COORD@@1PEAU_SMALL_RECT@@PEBK@Z 0000000180013800 f   common-user64:RgnDetect.obj
 0001:00012a6c       ?PrepareTransparent@CRgnDetect@@QEAAXPEBUCEFAR_INFO_MAPPING@@PEBK@Z 0000000180013a6c f   common-user64:RgnDetect.obj
 0001:00012b40       ?PrepareTransparent@CRgnDetect@@QEAAXPEBUCEFAR_INFO_MAPPING@@PEBKPEBU_CONSOLE_SCREEN_BUFFER_INFO@@PEA_WPEAUtag_CharAttr@@HH@Z 0000000180013b40 f   common-user64:RgnDetect.obj
 0001:00013384       ?SetFarRect@CRgnDetect@@QEAAXPEAU_SMALL_RECT@@@Z 0000000180014384 f   common-user64:RgnDetect.obj
 0001:00013404       ?TextHeight@CRgnDetect@@QEAAHXZ 0000000180014404 f   common-user64:RgnDetect.obj
 0001:00013430       ?TextWidth@CRgnDetect@@QEAAHXZ 0000000180014430 f   common-user64:RgnDetect.obj
 0001:0001345c       ?SearchAppPaths@@YA_NPEB_WAEAUCEStr@@_NPEAU1@@Z 000000018001445c f   common-user64:WFiles.obj
 0001:0001389c       ?apiShowWindow@@YA_NPEAUHWND__@@H@Z 000000018001489c f   common-user64:WUser.obj
 0001:000138b0       ??3@YAXPEAX_K@Z            00000001800148b0 f   LIBCMT:delete_scalar_size.obj
 0001:000138b8       __GSHandlerCheck           00000001800148b8 f   LIBCMT:_gshandler_.obj
 0001:000138d8       __GSHandlerCheckCommon     00000001800148d8 f   LIBCMT:_gshandler_.obj
 0001:00013934       __GSHandlerCheck_EH        0000000180014934 f   LIBCMT:gshandlereh.obj
 0001:000139d0       __security_check_cookie    00000001800149d0 f   LIBCMT:_amdsecgs_.obj
 0001:000139f4       ??_Gtype_info@@UEAAPEAXI@Z 00000001800149f4 f i LIBCMT:std_type_info_static.obj
 0001:000139f4       ??_Etype_info@@UEAAPEAXI@Z 00000001800149f4 f i LIBCMT:std_type_info_static.obj
 0001:00013d5c       _DllMainCRTStartup         0000000180014d5c f   LIBCMT:dll_dllmain.obj
 0001:00013d9c       __raise_securityfailure    0000000180014d9c f   LIBCMT:gs_report.obj
 0001:00013dd0       __report_gsfailure         0000000180014dd0 f   LIBCMT:gs_report.obj
 0001:00013ea4       __report_rangecheckfailure 0000000180014ea4 f   LIBCMT:gs_report.obj
 0001:00013eb8       __report_securityfailure   0000000180014eb8 f   LIBCMT:gs_report.obj
 0001:00014038       __security_init_cookie     0000000180015038 f   LIBCMT:gs_support.obj
 0001:000140e4       ?__scrt_initialize_type_info@@YAXXZ 00000001800150e4 f   LIBCMT:tncleanup.obj
 0001:000140f4       ?__scrt_uninitialize_type_info@@YAXXZ 00000001800150f4 f   LIBCMT:tncleanup.obj
 0001:00014100       __local_stdio_printf_options 0000000180015100 f i LIBCMT:default_local_stdio_options.obj
 0001:00014108       __local_stdio_scanf_options 0000000180015108 f i LIBCMT:default_local_stdio_options.obj
 0001:00014110       __scrt_initialize_default_local_stdio_options 0000000180015110 f   LIBCMT:default_local_stdio_options.obj
 0001:0001412c       __scrt_acquire_startup_lock 000000018001512c f   LIBCMT:utility.obj
 0001:00014168       __scrt_dllmain_after_initialize_c 0000000180015168 f   LIBCMT:utility.obj
 0001:0001419c       __scrt_dllmain_before_initialize_c 000000018001519c f   LIBCMT:utility.obj
 0001:000141b4       __scrt_dllmain_crt_thread_attach 00000001800151b4 f   LIBCMT:utility.obj
 0001:000141dc       __scrt_dllmain_crt_thread_detach 00000001800151dc f   LIBCMT:utility.obj
 0001:000141f4       __scrt_dllmain_exception_filter 00000001800151f4 f   LIBCMT:utility.obj
 0001:00014258       __scrt_dllmain_uninitialize_c 0000000180015258 f   LIBCMT:utility.obj
 0001:00014288       __scrt_dllmain_uninitialize_critical 0000000180015288 f   LIBCMT:utility.obj
 0001:0001429c       __scrt_initialize_crt      000000018001529c f   LIBCMT:utility.obj
 0001:000142e8       __scrt_initialize_onexit_tables 00000001800152e8 f   LIBCMT:utility.obj
 0001:000143c8       __scrt_is_nonwritable_in_current_image 00000001800153c8 f   LIBCMT:utility.obj
 0001:00014464       __scrt_release_startup_lock 0000000180015464 f   LIBCMT:utility.obj
 0001:00014488       __scrt_uninitialize_crt    0000000180015488 f   LIBCMT:utility.obj
 0001:000144b4       __scrt_get_dyn_tls_init_callback 00000001800154b4 f   LIBCMT:dyn_tls_init.obj
 0001:000144bc       __crt_debugger_hook        00000001800154bc f   LIBCMT:utility_desktop.obj
 0001:000144c4       __scrt_fastfail            00000001800154c4 f   LIBCMT:utility_desktop.obj
 0001:00014610       _RTC_Initialize            0000000180015610 f   LIBCMT:_initsect_.obj
 0001:0001465c       _RTC_Terminate             000000018001565c f   LIBCMT:_initsect_.obj
 0001:000146a8       _guard_check_icall         00000001800156a8 f i LIBCMT:checkcfg.obj
 0001:000146b0       __isa_available_init       00000001800156b0 f   LIBCMT:_cpu_disp_.obj
 0001:0001486c       _get_startup_argv_mode     000000018001586c f   LIBCMT:argv_mode.obj
 0001:00014874       __scrt_is_ucrt_dll_in_use  0000000180015874 f   LIBCMT:ucrt_detection.obj
 0001:00014880       ?FreeItem@?$CQueueProcessor@PEAUIMAGE_CACHE_INFO@@@@MEAAXAEBQEAUIMAGE_CACHE_INFO@@@Z 0000000180015880 f i ImgCache.obj
 0001:00014880       ?ApplyChanges@?$CQueueProcessor@PEAUIMAGE_CACHE_INFO@@@@MEAAXAEAPEAUIMAGE_CACHE_INFO@@AEBQEAU2@@Z 0000000180015880 f i ImgCache.obj
 0001:00014880       ?OnItemReady@?$CQueueProcessor@PEAUIMAGE_CACHE_INFO@@@@MEAAXAEAPEAUIMAGE_CACHE_INFO@@_J@Z 0000000180015880 f i ImgCache.obj
 0001:00014880       ?OnItemFailed@?$CQueueProcessor@PEAUIMAGE_CACHE_INFO@@@@MEAAXAEAPEAUIMAGE_CACHE_INFO@@_J@Z 0000000180015880 f i ImgCache.obj
 0001:00014880       ?OnThreadStopped@?$CQueueProcessor@PEAUIMAGE_CACHE_INFO@@@@MEAAXXZ 0000000180015880 f i ImgCache.obj
 0001:00014880       ?SettingsLoadOtherW2800@@YAXXZ 0000000180015880 f i ConEmuTh2800.obj
 0001:00014880       ?LoadPanelItemInfoA@@YAXPEAUCeFullPanelInfo@@_J@Z 0000000180015880 f i ConEmuThA.obj
 0001:00014880       ?SettingsLoadOtherW1900@@YAXXZ 0000000180015880 f i ConEmuTh1900.obj
 0001:00014880       _guard_check_icall_nop     0000000180015880 f i LIBCMT:guard_support.obj
 0001:000148a0       memmove                    00000001800158a0 f   libvcruntime:memcpy.obj
 0001:000148a0       memcpy                     00000001800158a0 f   libvcruntime:memcpy.obj
 0001:00014ce8       wcsrchr                    0000000180015ce8 f   libvcruntime:wcsrchr.obj
 0001:00014d98       ?_ExecutionInCatch@@YAHPEAU_xDISPATCHER_CONTEXT@@PEBU_s_FuncInfo@@@Z 0000000180015d98 f   libvcruntime:risctrnsctrl.obj
 0001:00014e0c       ?_GetEstablisherFrame@@YAPEA_KPEA_KPEAU_xDISPATCHER_CONTEXT@@PEBU_s_FuncInfo@@0@Z 0000000180015e0c f   libvcruntime:risctrnsctrl.obj
 0001:00014ed8       ?_GetRangeOfTrysToCheck@@YAPEBU_s_TryBlockMapEntry@@PEA_KPEBU_s_FuncInfo@@HHPEAI2PEAU_xDISPATCHER_CONTEXT@@@Z 0000000180015ed8 f   libvcruntime:risctrnsctrl.obj
 0001:00015004       ?__FrameUnwindToEmptyState@@YAXPEA_KPEAU_xDISPATCHER_CONTEXT@@PEBU_s_FuncInfo@@@Z 0000000180016004 f   libvcruntime:risctrnsctrl.obj
 0001:00015098       _CallSETranslator          0000000180016098 f   libvcruntime:risctrnsctrl.obj
 0001:000150f0       _CreateFrameInfo           00000001800160f0 f   libvcruntime:risctrnsctrl.obj
 0001:0001512c       _FindAndUnlinkFrame        000000018001612c f   libvcruntime:risctrnsctrl.obj
 0001:00015184       _GetImageBase              0000000180016184 f   libvcruntime:risctrnsctrl.obj
 0001:00015198       _GetThrowImageBase         0000000180016198 f   libvcruntime:risctrnsctrl.obj
 0001:000151ac       _SetImageBase              00000001800161ac f   libvcruntime:risctrnsctrl.obj
 0001:000151c4       _SetThrowImageBase         00000001800161c4 f   libvcruntime:risctrnsctrl.obj
 0001:000151dc       _UnwindNestedFrames        00000001800161dc f   libvcruntime:risctrnsctrl.obj
 0001:00015300       __CxxFrameHandler3         0000000180016300 f   libvcruntime:risctrnsctrl.obj
 0001:00015390       memcmp                     0000000180016390 f   libvcruntime:memcmp.obj
 0001:00015470       memset                     0000000180016470 f   libvcruntime:memset.obj
 0001:00015620       wcschr                     0000000180016620 f   libvcruntime:wcschr.obj
 0001:000156b4       __C_specific_handler       00000001800166b4 f   libvcruntime:_riscchandler_.obj
 0001:000158b0       strrchr                    00000001800168b0 f   libvcruntime:strrchr.obj
 0001:000159f0       strchr                     00000001800169f0 f   libvcruntime:strchr.obj
 0001:00015a90       memchr                     0000000180016a90 f   libvcruntime:memchr.obj
 0001:00015b00       __std_type_info_compare    0000000180016b00 f   libvcruntime:std_type_info.obj
 0001:00015b28       __std_type_info_destroy_list 0000000180016b28 f   libvcruntime:std_type_info.obj
 0001:00015b54       __vcrt_initialize          0000000180016b54 f   libvcruntime:initialization.obj
 0001:00015b88       __vcrt_thread_attach       0000000180016b88 f   libvcruntime:initialization.obj
 0001:00015b9c       __vcrt_thread_detach       0000000180016b9c f   libvcruntime:initialization.obj
 0001:00015bb0       __vcrt_uninitialize        0000000180016bb0 f   libvcruntime:initialization.obj
 0001:00015bd0       __vcrt_uninitialize_critical 0000000180016bd0 f   libvcruntime:initialization.obj
 0001:00015be0       __vcrt_freefls             0000000180016be0 f   libvcruntime:per_thread_data.obj
 0001:00015c00       __vcrt_freeptd             0000000180016c00 f   libvcruntime:per_thread_data.obj
 0001:00015c50       __vcrt_getptd              0000000180016c50 f   libvcruntime:per_thread_data.obj
 0001:00015c6c       __vcrt_getptd_noexit       0000000180016c6c f   libvcruntime:per_thread_data.obj
 0001:00015d24       __vcrt_initialize_ptd      0000000180016d24 f   libvcruntime:per_thread_data.obj
 0001:00015d64       __vcrt_uninitialize_ptd    0000000180016d64 f   libvcruntime:per_thread_data.obj
 0001:00015d88       ?__GetCurrentState@@YAHPEA_KPEAU_xDISPATCHER_CONTEXT@@PEBU_s_FuncInfo@@@Z 0000000180016d88 f   libvcruntime:riscehstate.obj
 0001:00015db0       ?__GetUnwindTryBlock@@YAHPEA_KPEAU_xDISPATCHER_CONTEXT@@PEBU_s_FuncInfo@@@Z 0000000180016db0 f   libvcruntime:riscehstate.obj
 0001:00015ddc       ?__SetState@@YAXPEA_KPEAU_xDISPATCHER_CONTEXT@@PEBU_s_FuncInfo@@H@Z 0000000180016ddc f   libvcruntime:riscehstate.obj
 0001:00015de8       ?__SetUnwindTryBlock@@YAXPEA_KPEAU_xDISPATCHER_CONTEXT@@PEBU_s_FuncInfo@@H@Z 0000000180016de8 f   libvcruntime:riscehstate.obj
 0001:00015e24       ?__StateFromControlPc@@YAHPEBU_s_FuncInfo@@PEAU_xDISPATCHER_CONTEXT@@@Z 0000000180016e24 f   libvcruntime:riscehstate.obj
 0001:00015e2c       ?__StateFromIp@@YAHPEBU_s_FuncInfo@@PEAU_xDISPATCHER_CONTEXT@@_K@Z 0000000180016e2c f   libvcruntime:riscehstate.obj
 0001:00015e98       ??0bad_exception@std@@QEAA@AEBV01@@Z 0000000180016e98 f i libvcruntime:frame.obj
 0001:00015ed8       ??0bad_exception@std@@QEAA@XZ 0000000180016ed8 f i libvcruntime:frame.obj
 0001:00015ef8       ??0exception@std@@QEAA@AEBV01@@Z 0000000180016ef8 f i libvcruntime:frame.obj
 0001:00015f30       ??1bad_exception@std@@UEAA@XZ 0000000180016f30 f i libvcruntime:frame.obj
 0001:00015f44       ??_Gbad_exception@std@@UEAAPEAXI@Z 0000000180016f44 f i libvcruntime:frame.obj
 0001:00015f44       ??_Gexception@std@@UEAAPEAXI@Z 0000000180016f44 f i libvcruntime:frame.obj
 0001:00015f44       ??_Eexception@std@@UEAAPEAXI@Z 0000000180016f44 f i libvcruntime:frame.obj
 0001:00015f44       ??_Ebad_exception@std@@UEAAPEAXI@Z 0000000180016f44 f i libvcruntime:frame.obj
 0001:000168e4       ?_CallMemberFunction1@@YAXQEAX00@Z 00000001800178e4 f i libvcruntime:frame.obj
 0001:000168f0       ?_CallMemberFunction2@@YAXQEAX00H@Z 00000001800178f0 f i libvcruntime:frame.obj
 0001:00016900       ?what@exception@std@@UEBAPEBDXZ 0000000180017900 f i libvcruntime:frame.obj
 0001:00016914       __BuildCatchObject         0000000180017914 f   libvcruntime:frame.obj
 0001:000169d8       __BuildCatchObjectHelper   00000001800179d8 f   libvcruntime:frame.obj
 0001:00016bb8       __CxxCallCatchBlock        0000000180017bb8 f   libvcruntime:frame.obj
 0001:00016da4       __FrameUnwindToState       0000000180017da4 f   libvcruntime:frame.obj
 0001:00016f38       __InternalCxxFrameHandler  0000000180017f38 f   libvcruntime:frame.obj
 0001:0001718c       __TypeMatch                000000018001818c f   libvcruntime:frame.obj
 0001:000172e0       _local_unwind              00000001800182e0 f   libvcruntime:_jmpuwind_.obj
 0001:00017310       _NLG_Notify                0000000180018310 f   libvcruntime:_jmpuwind_.obj
 0001:00017330       __NLG_Dispatch2            0000000180018330 f   libvcruntime:_jmpuwind_.obj
 0001:00017340       __NLG_Return2              0000000180018340 f   libvcruntime:_jmpuwind_.obj
 0001:00017344       __except_validate_context_record 0000000180018344 f   libvcruntime:jbcxrval.obj
 0001:0001737c       __vcrt_initialize_locks    000000018001837c f   libvcruntime:locks.obj
 0001:000173c4       __vcrt_uninitialize_locks  00000001800183c4 f   libvcruntime:locks.obj
 0001:000175d4       __vcrt_FlsAlloc            00000001800185d4 f   libvcruntime:winapi_downlevel.obj
 0001:00017628       __vcrt_FlsFree             0000000180018628 f   libvcruntime:winapi_downlevel.obj
 0001:0001767c       __vcrt_FlsGetValue         000000018001867c f   libvcruntime:winapi_downlevel.obj
 0001:000176d0       __vcrt_FlsSetValue         00000001800186d0 f   libvcruntime:winapi_downlevel.obj
 0001:00017738       __vcrt_InitializeCriticalSectionEx 0000000180018738 f   libvcruntime:winapi_downlevel.obj
 0001:000177b0       __vcrt_initialize_winapi_thunks 00000001800187b0 f   libvcruntime:winapi_downlevel.obj
 0001:000177f4       __vcrt_uninitialize_winapi_thunks 00000001800187f4 f   libvcruntime:winapi_downlevel.obj
 0001:00017834       __vcrt_initialize_pure_virtual_call_handler 0000000180018834 f   libvcruntime:purevirt_data.obj
 0001:00017870       _CallSettingFrame          0000000180018870 f   libvcruntime:handlers.obj
 0001:000178b0       __DestructExceptionObject  00000001800188b0 f   libvcruntime:ehhelpers.obj
 0001:00017938       ?_CallMemberFunction0@@YAXQEAX0@Z 0000000180018938 f i libvcruntime:ehhelpers.obj
 0001:0001793c       _IsExceptionObjectToBeDestroyed 000000018001893c f   libvcruntime:ehhelpers.obj
 0001:0001796c       __AdjustPointer            000000018001896c f   libvcruntime:ehhelpers.obj
 0001:00017990       __FrameUnwindFilter        0000000180018990 f   libvcruntime:ehhelpers.obj
 0001:000179dc       __std_exception_copy       00000001800189dc f   libvcruntime:std_exception.obj
 0001:00017a6c       __std_exception_destroy    0000000180018a6c f   libvcruntime:std_exception.obj
 0001:00017a94       _CxxThrowException         0000000180018a94 f   libvcruntime:throw.obj
 0001:00017b6c       wcsncmp                    0000000180018b6c f   libucrt:wcsncmp.obj
 0001:00017b98       ??0_LocaleUpdate@@QEAA@QEAU__crt_locale_pointers@@@Z 0000000180018b98 f i libucrt:strtox.obj
 0001:00017c28       wcspbrk                    0000000180018c28 f   libucrt:wcspbrk.obj
 0001:00017c60       _initterm                  0000000180018c60 f   libucrt:initterm.obj
 0001:00017cd8       _initterm_e                0000000180018cd8 f   libucrt:initterm.obj
 0001:00017d24       _seh_filter_dll            0000000180018d24 f   libucrt:exception_filter.obj
 0001:00017d38       _seh_filter_exe            0000000180018d38 f   libucrt:exception_filter.obj
 0001:000180f8       __acrt_initialize_thread_local_exit_callback 00000001800190f8 f   libucrt:exit.obj
 0001:00018100       _cexit                     0000000180019100 f   libucrt:exit.obj
 0001:00018110       _exit                      0000000180019110 f   libucrt:exit.obj
 0001:0001811c       _is_c_termination_complete 000000018001911c f   libucrt:exit.obj
 0001:000182e0       __acrt_allocate_buffer_for_argv 00000001800192e0 f   libucrt:argv_parsing.obj
 0001:00018344       _configure_narrow_argv     0000000180019344 f   libucrt:argv_parsing.obj
 0001:000186a0       __dcrt_uninitialize_environments_nolock 00000001800196a0 f   libucrt:environment_initialization.obj
 0001:000186d8       _initialize_narrow_environment 00000001800196d8 f   libucrt:environment_initialization.obj
 0001:000186e0       ??$?RV<lambda_e24bbb7b643b32fcea6fa61b31d4c984>@@AEAV<lambda_275893d493268fdec8709772e3fcec0e>@@V<lambda_9d71df4d7cf3f480f8d633942495c3b0>@@@?$__crt_seh_guarded_call@H@@QEAAH$$QEAV<lambda_e24bbb7b643b32fcea6fa61b31d4c984>@@AEAV<lambda_275893d493268fdec8709772e3fcec0e>@@$$QEAV<lambda_9d71df4d7cf3f480f8d633942495c3b0>@@@Z 00000001800196e0 f i libucrt:onexit.obj
 0001:00018880       _execute_onexit_table      0000000180019880 f   libucrt:onexit.obj
 0001:000188bc       _initialize_onexit_table   00000001800198bc f   libucrt:onexit.obj
 0001:00018a30       __acrt_initialize          0000000180019a30 f   libucrt:initialization.obj
 0001:00018a44       __acrt_thread_attach       0000000180019a44 f   libucrt:initialization.obj
 0001:00018a58       __acrt_thread_detach       0000000180019a58 f   libucrt:initialization.obj
 0001:00018a68       __acrt_uninitialize        0000000180019a68 f   libucrt:initialization.obj
 0001:00018a7c       __acrt_uninitialize_critical 0000000180019a7c f   libucrt:initialization.obj
 0001:00018a8c       terminate                  0000000180019a8c f   libucrt:terminate.obj
 0001:00018ab4       _free_base                 0000000180019ab4 f   libucrt:free_base.obj
 0001:00018af4       _malloc_base               0000000180019af4 f   libucrt:malloc_base.obj
 0001:00018b54       strcpy_s                   0000000180019b54 f   libucrt:strcpy_s.obj
 0001:00018bb4       abort                      0000000180019bb4 f   libucrt:abort.obj
 0001:00018c0c       _calloc_base               0000000180019c0c f   libucrt:calloc_base.obj
 0001:00018c84       free                       0000000180019c84 f   libucrt:free.obj
 0001:00018c8c       malloc                     0000000180019c8c f   libucrt:malloc.obj
 0001:00018c94       __acrt_call_reportfault    0000000180019c94 f   libucrt:invalid_parameter.obj
 0001:00018df0       __acrt_initialize_invalid_parameter_handler 0000000180019df0 f   libucrt:invalid_parameter.obj
 0001:00018df8       _invalid_parameter         0000000180019df8 f   libucrt:invalid_parameter.obj
 0001:00018ea0       _invalid_parameter_noinfo  0000000180019ea0 f   libucrt:invalid_parameter.obj
 0001:00018ec0       _invoke_watson             0000000180019ec0 f   libucrt:invalid_parameter.obj
 0001:00018f08       __acrt_errno_from_os_error 0000000180019f08 f   libucrt:errno.obj
 0001:00018f50       __acrt_errno_map_os_error  0000000180019f50 f   libucrt:errno.obj
 0001:00018fa0       __doserrno                 0000000180019fa0 f   libucrt:errno.obj
 0001:00018fc0       _errno                     0000000180019fc0 f   libucrt:errno.obj
 0001:00018fe0       __pctype_func              0000000180019fe0 f   libucrt:ctype.obj
 0001:00019010       ??$?RV<lambda_46352004c1216016012b18bd6f87e700>@@AEAV<lambda_3bd07e1a1191394380780325891bf33f>@@V<lambda_334532d3f185bcaa59b5be82d7d22bff>@@@?$__crt_seh_guarded_call@X@@QEAAX$$QEAV<lambda_46352004c1216016012b18bd6f87e700>@@AEAV<lambda_3bd07e1a1191394380780325891bf33f>@@$$QEAV<lambda_334532d3f185bcaa59b5be82d7d22bff>@@@Z 000000018001a010 f i libucrt:per_thread_data.obj
 0001:00019070       ??$?RV<lambda_5e887d1dcbef67a5eb4283622ba103bf>@@AEAV<lambda_4466841279450cc726390878d4a41900>@@V<lambda_341c25c0346d94847f1f3c463c57e077>@@@?$__crt_seh_guarded_call@X@@QEAAX$$QEAV<lambda_5e887d1dcbef67a5eb4283622ba103bf>@@AEAV<lambda_4466841279450cc726390878d4a41900>@@$$QEAV<lambda_341c25c0346d94847f1f3c463c57e077>@@@Z 000000018001a070 f i libucrt:per_thread_data.obj
 0001:000190b8       ??$?RV<lambda_72d1df2b273a38828b1ce30cbf4cdab5>@@AEAV<lambda_876a65b173b8412d3a47c70a915b0cf4>@@V<lambda_41932305e351933ebe8f8be3ed8bb5dc>@@@?$__crt_seh_guarded_call@X@@QEAAX$$QEAV<lambda_72d1df2b273a38828b1ce30cbf4cdab5>@@AEAV<lambda_876a65b173b8412d3a47c70a915b0cf4>@@$$QEAV<lambda_41932305e351933ebe8f8be3ed8bb5dc>@@@Z 000000018001a0b8 f i libucrt:per_thread_data.obj
 0001:000190f8       ??$?RV<lambda_fb3a7dec4e47f37f22dae91bb15c9095>@@AEAV<lambda_698284760c8add0bfb0756c19673e34b>@@V<lambda_dfb8eca1e75fef3034a8fb18dd509707>@@@?$__crt_seh_guarded_call@X@@QEAAX$$QEAV<lambda_fb3a7dec4e47f37f22dae91bb15c9095>@@AEAV<lambda_698284760c8add0bfb0756c19673e34b>@@$$QEAV<lambda_dfb8eca1e75fef3034a8fb18dd509707>@@@Z 000000018001a0f8 f i libucrt:per_thread_data.obj
 0001:00019388       __acrt_freeptd             000000018001a388 f   libucrt:per_thread_data.obj
 0001:000193cc       __acrt_getptd              000000018001a3cc f   libucrt:per_thread_data.obj
 0001:00019460       __acrt_getptd_noexit       000000018001a460 f   libucrt:per_thread_data.obj
 0001:00019500       __acrt_initialize_ptd      000000018001a500 f   libucrt:per_thread_data.obj
 0001:0001953c       __acrt_uninitialize_ptd    000000018001a53c f   libucrt:per_thread_data.obj
 0001:00019560       __acrt_update_locale_info  000000018001a560 f   libucrt:locale_update.obj
 0001:00019594       __acrt_update_multibyte_info 000000018001a594 f   libucrt:locale_update.obj
 0001:000195c8       __acrt_set_locale_changed  000000018001a5c8 f   libucrt:wsetlocale.obj
 0001:000195d4       __acrt_uninitialize_locale 000000018001a5d4 f   libucrt:wsetlocale.obj
 0001:0001961c       __acrt_initialize_locks    000000018001a61c f   libucrt:locks.obj
 0001:00019664       __acrt_lock                000000018001a664 f   libucrt:locks.obj
 0001:00019680       __acrt_uninitialize_locks  000000018001a680 f   libucrt:locks.obj
 0001:000196b8       __acrt_unlock              000000018001a6b8 f   libucrt:locks.obj
 0001:00019874       __acrt_FlsAlloc            000000018001a874 f   libucrt:winapi_thunks.obj
 0001:000198cc       __acrt_FlsFree             000000018001a8cc f   libucrt:winapi_thunks.obj
 0001:00019924       __acrt_FlsGetValue         000000018001a924 f   libucrt:winapi_thunks.obj
 0001:0001997c       __acrt_FlsSetValue         000000018001a97c f   libucrt:winapi_thunks.obj
 0001:000199e4       __acrt_InitializeCriticalSectionEx 000000018001a9e4 f   libucrt:winapi_thunks.obj
 0001:00019a5c       __acrt_LCMapStringEx       000000018001aa5c f   libucrt:winapi_thunks.obj
 0001:00019b4c       __acrt_LocaleNameToLCID    000000018001ab4c f   libucrt:winapi_thunks.obj
 0001:00019bb4       __acrt_initialize_winapi_thunks 000000018001abb4 f   libucrt:winapi_thunks.obj
 0001:00019bec       __acrt_is_packaged_app     000000018001abec f   libucrt:winapi_thunks.obj
 0001:00019c74       __acrt_uninitialize_winapi_thunks 000000018001ac74 f   libucrt:winapi_thunks.obj
 0001:0001a194       ?expand_if_necessary@?$argument_list@D@?A0xca0879c4@@AEAAHXZ 000000018001b194 f i libucrt:argv_wildcards.obj
 0001:0001a25c       __acrt_expand_narrow_argv_wildcards 000000018001b25c f   libucrt:argv_wildcards.obj
 0001:0001a264       ??$?RV<lambda_99476a1ad63dd22509b5d3e65b0ffc95>@@AEAV<lambda_ad1ced32f4ac17aa236e5ef05d6b3b7c>@@V<lambda_f7424dd8d45958661754dc4f2697e9c3>@@@?$__crt_seh_guarded_call@X@@QEAAX$$QEAV<lambda_99476a1ad63dd22509b5d3e65b0ffc95>@@AEAV<lambda_ad1ced32f4ac17aa236e5ef05d6b3b7c>@@$$QEAV<lambda_f7424dd8d45958661754dc4f2697e9c3>@@@Z 000000018001b264 f i libucrt:mbctype.obj
 0001:0001a960       __acrt_initialize_multibyte 000000018001b960 f   libucrt:mbctype.obj
 0001:0001a988       __acrt_update_thread_multibyte_data 000000018001b988 f   libucrt:mbctype.obj
 0001:0001aa48       _setmbcp_nolock            000000018001ba48 f   libucrt:mbctype.obj
 0001:0001ad68       _ismbblead                 000000018001bd68 f   libucrt:ismbbyte.obj
 0001:0001ad7c       __acrt_initialize_command_line 000000018001bd7c f   libucrt:argv_data.obj
 0001:0001ada4       __dcrt_get_narrow_environment_from_os 000000018001bda4 f   libucrt:get_environment_from_os.obj
 0001:0001aea8       _recalloc                  000000018001bea8 f   libucrt:recalloc.obj
 0001:0001aeb0       _recalloc_base             000000018001beb0 f   libucrt:recalloc.obj
 0001:0001af48       __acrt_initialize_heap     000000018001bf48 f   libucrt:heap_handle.obj
 0001:0001af64       __acrt_uninitialize_heap   000000018001bf64 f   libucrt:heap_handle.obj
 0001:0001b158       __acrt_initialize_lowio    000000018001c158 f   libucrt:ioinit.obj
 0001:0001b194       __acrt_uninitialize_lowio  000000018001c194 f   libucrt:ioinit.obj
 0001:0001b1d4       __acrt_execute_initializers 000000018001c1d4 f   libucrt:shared_initialization.obj
 0001:0001b268       __acrt_execute_uninitializers 000000018001c268 f   libucrt:shared_initialization.obj
 0001:0001b2b8       __acrt_initialize_new_handler 000000018001c2b8 f   libucrt:new_handler.obj
 0001:0001b2c0       _callnewh                  000000018001c2c0 f   libucrt:new_handler.obj
 0001:0001b300       _query_new_handler         000000018001c300 f   libucrt:new_handler.obj
 0001:0001b334       ??$?RV<lambda_c36588078e9f5dfd39652860aa6b3aaf>@@AEAV<lambda_ec61778202f4f5fc7e7711acc23c3bca>@@V<lambda_dc9d2797ccde5d239b4a0efae8ebd7db>@@@?$__crt_seh_guarded_call@P6AXH@Z@@QEAAP6AXH@Z$$QEAV<lambda_c36588078e9f5dfd39652860aa6b3aaf>@@AEAV<lambda_ec61778202f4f5fc7e7711acc23c3bca>@@$$QEAV<lambda_dc9d2797ccde5d239b4a0efae8ebd7db>@@@Z 000000018001c334 f i libucrt:signal.obj
 0001:0001b37c       __acrt_get_sigabrt_handler 000000018001c37c f   libucrt:signal.obj
 0001:0001b3ac       __acrt_initialize_signal_handlers 000000018001c3ac f   libucrt:signal.obj
 0001:0001b3cc       raise                      000000018001c3cc f   libucrt:signal.obj
 0001:0001b668       __acrt_has_user_matherr    000000018001c668 f   libucrt:matherr.obj
 0001:0001b688       __acrt_initialize_user_matherr 000000018001c688 f   libucrt:matherr.obj
 0001:0001b690       __acrt_invoke_user_matherr 000000018001c690 f   libucrt:matherr.obj
 0001:0001b6d8       _query_new_mode            000000018001c6d8 f   libucrt:new_mode.obj
 0001:0001b6e0       _mbtowc_l                  000000018001c6e0 f   libucrt:mbtowc.obj
 0001:0001b828       mbtowc                     000000018001c828 f   libucrt:mbtowc.obj
 0001:0001b830       _fileno                    000000018001c830 f   libucrt:fileno.obj
 0001:0001b858       __acrt_initialize_stdio    000000018001c858 f   libucrt:_file.obj
 0001:0001b978       __acrt_uninitialize_stdio  000000018001c978 f   libucrt:_file.obj
 0001:0001b9d4       _lock_file                 000000018001c9d4 f   libucrt:_file.obj
 0001:0001b9e0       _unlock_file               000000018001c9e0 f   libucrt:_file.obj
 0001:0001b9ec       _isleadbyte_l              000000018001c9ec f i libucrt:_wctype.obj
 0001:0001ba2c       __acrt_GetStringTypeA      000000018001ca2c f   libucrt:getstringtypea.obj
 0001:0001bbe0       __acrt_add_locale_ref      000000018001cbe0 f   libucrt:locale_refcounting.obj
 0001:0001bc6c       __acrt_free_locale         000000018001cc6c f   libucrt:locale_refcounting.obj
 0001:0001bde4       __acrt_locale_add_lc_time_reference 000000018001cde4 f   libucrt:locale_refcounting.obj
 0001:0001be0c       __acrt_locale_free_lc_time_if_unreferenced 000000018001ce0c f   libucrt:locale_refcounting.obj
 0001:0001be44       __acrt_locale_release_lc_time_reference 000000018001ce44 f   libucrt:locale_refcounting.obj
 0001:0001be6c       __acrt_release_locale_ref  000000018001ce6c f   libucrt:locale_refcounting.obj
 0001:0001bf14       __acrt_update_thread_locale_data 000000018001cf14 f   libucrt:locale_refcounting.obj
 0001:0001bf84       _updatetlocinfoEx_nolock   000000018001cf84 f   libucrt:locale_refcounting.obj
 0001:0001bfec       __acrt_locale_free_monetary 000000018001cfec f   libucrt:initmon.obj
 0001:0001c0f8       __acrt_locale_free_numeric 000000018001d0f8 f   libucrt:initnum.obj
 0001:0001c1bc       __acrt_locale_free_time    000000018001d1bc f   libucrt:inittime.obj
 0001:0001c38c       __acrt_DownlevelLocaleNameToLCID 000000018001d38c f   libucrt:lcidtoname_downlevel.obj
 0001:0001c490       qsort                      000000018001d490 f   libucrt:qsort.obj
 0001:0001c7c4       strncpy_s                  000000018001d7c4 f   libucrt:strncpy_s.obj
 0001:0001c898       strpbrk                    000000018001d898 f   libucrt:strpbrk.obj
 0001:0001c938       _mbsdec                    000000018001d938 f   libucrt:mbsdec.obj
 0001:0001c940       _mbsdec_l                  000000018001d940 f   libucrt:mbsdec.obj
 0001:0001cd4c       __acrt_LCMapStringA        000000018001dd4c f   libucrt:lcmapstringa.obj
 0001:0001cde4       _msize                     000000018001dde4 f   libucrt:msize.obj
 0001:0001ce20       _realloc_base              000000018001de20 f   libucrt:realloc_base.obj
 0001:0001cea4       __acrt_lowio_create_handle_array 000000018001dea4 f   libucrt:osfinfo.obj
 0001:0001cf3c       __acrt_lowio_destroy_handle_array 000000018001df3c f   libucrt:osfinfo.obj
 0001:0001cf8c       __acrt_lowio_ensure_fh_exists 000000018001df8c f   libucrt:osfinfo.obj
 0001:0001d044       __acrt_lowio_lock_fh       000000018001e044 f   libucrt:osfinfo.obj
 0001:0001d068       __acrt_lowio_unlock_fh     000000018001e068 f   libucrt:osfinfo.obj
 0001:0001d08c       _free_osfhnd               000000018001e08c f   libucrt:osfinfo.obj
 0001:0001d148       _get_osfhandle             000000018001e148 f   libucrt:osfinfo.obj
 0001:0001d1c0       _isatty                    000000018001e1c0 f   libucrt:isatty.obj
 0001:0001d220       __acrt_stdio_flush_nolock  000000018001e220 f   libucrt:fflush.obj
 0001:0001d298       _fflush_nolock             000000018001e298 f   libucrt:fflush.obj
 0001:0001d2e4       _flushall                  000000018001e2e4 f   libucrt:fflush.obj
 0001:0001d3d4       _fcloseall                 000000018001e3d4 f   libucrt:closeall.obj
 0001:0001d488       __acrt_stdio_free_buffer_nolock 000000018001e488 f   libucrt:_freebuf.obj
 0001:0001d4c8       __strncnt                  000000018001e4c8 f   libucrt:strncnt.obj
 0001:0001d4e0       _query_app_type            000000018001e4e0 f   libucrt:report_runtime_error.obj
 0001:0001d4e8       ??$?RV<lambda_b521505b218e5242e90febf6bfebc422>@@AEAV<lambda_6978c1fb23f02e42e1d9e99668cc68aa>@@V<lambda_314360699dd331753a4119843814e9a7>@@@?$__crt_seh_guarded_call@H@@QEAAH$$QEAV<lambda_b521505b218e5242e90febf6bfebc422>@@AEAV<lambda_6978c1fb23f02e42e1d9e99668cc68aa>@@$$QEAV<lambda_314360699dd331753a4119843814e9a7>@@@Z 000000018001e4e8 f i libucrt:commit.obj
 0001:0001d574       _commit                    000000018001e574 f   libucrt:commit.obj
 0001:0001dba8       _write                     000000018001eba8 f   libucrt:write.obj
 0001:0001dc94       _write_nolock              000000018001ec94 f   libucrt:write.obj
 0001:0001df80       log10                      000000018001ef80 f   libucrt:log10.obj
 0001:0001e5c8       _lseeki64_nolock           000000018001f5c8 f   libucrt:lseek.obj
 0001:0001e5d0       _fclose_nolock             000000018001f5d0 f   libucrt:fclose.obj
 0001:0001e654       fclose                     000000018001f654 f   libucrt:fclose.obj
 0001:0001e6c0       _putwch_nolock             000000018001f6c0 f   libucrt:putwch.obj
 0001:0001e840       _handle_error              000000018001f840 f   libucrt:libm_error.obj
 0001:0001e970       __acrt_initialize_fma3     000000018001f970 f   libucrt:fma3_available.obj
 0001:0001e9e0       _log10_special             000000018001f9e0 f   libucrt:log_special.obj
 0001:0001ea98       ??$?RV<lambda_bfedae4ebbf01fab1bb6dcc6a9e276e0>@@AEAV<lambda_2fe9b910cf3cbf4a0ab98a02ba45b3ec>@@V<lambda_237c231691f317818eb88cc1d5d642d6>@@@?$__crt_seh_guarded_call@H@@QEAAH$$QEAV<lambda_bfedae4ebbf01fab1bb6dcc6a9e276e0>@@AEAV<lambda_2fe9b910cf3cbf4a0ab98a02ba45b3ec>@@$$QEAV<lambda_237c231691f317818eb88cc1d5d642d6>@@@Z 000000018001fa98 f i libucrt:close.obj
 0001:0001eb0c       _close                     000000018001fb0c f   libucrt:close.obj
 0001:0001ebb0       _close_nolock              000000018001fbb0 f   libucrt:close.obj
 0001:0001ec6c       ?__acrt_stdio_free_stream@@YAXV__crt_stdio_stream@@@Z 000000018001fc6c f   libucrt:stream.obj
 0001:0001ecb0       __dcrt_lowio_initialize_console_output 000000018001fcb0 f   libucrt:initcon.obj
 0001:0001ecec       __dcrt_terminate_console_output 000000018001fcec f   libucrt:initcon.obj
 0001:0001ed20       _get_fpsr                  000000018001fd20 f   libucrt:fpsr.obj
 0001:0001ed30       _set_fpsr                  000000018001fd30 f   libucrt:fpsr.obj
 0001:0001ed3a       _fclrf                     000000018001fd3a f   libucrt:fpsr.obj
 0001:0001ed4e       _frnd                      000000018001fd4e f   libucrt:fpsr.obj
 0001:0001ed70       _raise_exc                 000000018001fd70 f   libucrt:fpexcept.obj
 0001:0001ed98       _raise_exc_ex              000000018001fd98 f   libucrt:fpexcept.obj
 0001:0001f0a0       _set_errno_from_matherr    00000001800200a0 f   libucrt:fpexcept.obj
 0001:0001f0d0       _clrfp                     00000001800200d0 f   libucrt:fpctrl.obj
 0001:0001f0f0       _ctrlfp                    00000001800200f0 f   libucrt:fpctrl.obj
 0001:0001f16c       _set_statfp                000000018002016c f   libucrt:fpctrl.obj
 0001:0001f18c       _statfp                    000000018002018c f   libucrt:fpctrl.obj
 0001:0001f19d       Process32FirstW            000000018002019d f   kernel32:KERNEL32.dll
 0001:0001f1a3       Process32NextW             00000001800201a3 f   kernel32:KERNEL32.dll
 0001:0001f1a9       IsProcessorFeaturePresent  00000001800201a9 f   kernel32:KERNEL32.dll
 0001:0001f1af       RtlUnwindEx                00000001800201af f   kernel32:KERNEL32.dll
 0001:0001f1c0       _FindPESection             00000001800201c0 f   LIBCMT:pesect.obj
 0001:0001f210       _IsNonwritableInCurrentImage 0000000180020210 f   LIBCMT:pesect.obj
 0001:0001f260       _ValidateImageBase         0000000180020260 f   LIBCMT:pesect.obj
 0001:0001f2a0       __chkstk                   00000001800202a0 f   LIBCMT:_chkstk_.obj
 0001:0001f2a0       _alloca_probe              00000001800202a0 f   LIBCMT:_chkstk_.obj
 0001:0001f310       _guard_dispatch_icall_nop  0000000180020310 f   LIBCMT:_guard_dispatch_.obj
 0001:0001f330       __guard_ss_verify_failure  0000000180020330 f   LIBCMT:_rfgfailure_.obj
 0001:0001f33b       __guard_ss_verify_failure_rcx 000000018002033b     LIBCMT:_rfgfailure_.obj
 0001:0001f341       __guard_ss_verify_failure_rdx 0000000180020341     LIBCMT:_rfgfailure_.obj
 0001:0001f347       __guard_ss_verify_failure_r8 0000000180020347     LIBCMT:_rfgfailure_.obj
 0001:0001f34d       __guard_ss_verify_failure_r9 000000018002034d     LIBCMT:_rfgfailure_.obj
 0001:0001f353       __guard_ss_verify_failure_r10 0000000180020353     LIBCMT:_rfgfailure_.obj
 0001:0001f360       __guard_ss_verify_failure_default 0000000180020360 f   LIBCMT:_rfgfailure_.obj
 0001:0001f3c0       __guard_ss_verify_sp       00000001800203c0 f   LIBCMT:_rfgfailure_.obj
 0001:0001f3d0       __guard_ss_verify_sp_default 00000001800203d0 f   LIBCMT:_rfgfailure_.obj
 0002:00000000       __imp_RegSetValueExW       0000000180021000     advapi32:ADVAPI32.dll
 0002:00000008       __imp_RegQueryValueExW     0000000180021008     advapi32:ADVAPI32.dll
 0002:00000010       __imp_RegOpenKeyExW        0000000180021010     advapi32:ADVAPI32.dll
 0002:00000018       __imp_RegCreateKeyExW      0000000180021018     advapi32:ADVAPI32.dll
 0002:00000020       __imp_RegCloseKey          0000000180021020     advapi32:ADVAPI32.dll
 0002:00000028       \177ADVAPI32_NULL_THUNK_DATA 0000000180021028     advapi32:ADVAPI32.dll
 0002:00000030       __imp_GdiFlush             0000000180021030     gdi32:GDI32.dll
 0002:00000038       __imp_GetObjectW           0000000180021038     gdi32:GDI32.dll
 0002:00000040       __imp_CreateDIBSection     0000000180021040     gdi32:GDI32.dll
 0002:00000048       __imp_GdiAlphaBlend        0000000180021048     gdi32:GDI32.dll
 0002:00000050       __imp_SetStretchBltMode    0000000180021050     gdi32:GDI32.dll
 0002:00000058       __imp_StretchBlt           0000000180021058     gdi32:GDI32.dll
 0002:00000060       __imp_MoveToEx             0000000180021060     gdi32:GDI32.dll
 0002:00000068       __imp_SetTextColor         0000000180021068     gdi32:GDI32.dll
 0002:00000070       __imp_SetBkColor           0000000180021070     gdi32:GDI32.dll
 0002:00000078       __imp_SelectObject         0000000180021078     gdi32:GDI32.dll
 0002:00000080       __imp_Rectangle            0000000180021080     gdi32:GDI32.dll
 0002:00000088       __imp_LineTo               0000000180021088     gdi32:GDI32.dll
 0002:00000090       __imp_GetStockObject       0000000180021090     gdi32:GDI32.dll
 0002:00000098       __imp_DeleteObject         0000000180021098     gdi32:GDI32.dll
 0002:000000a0       __imp_DeleteDC             00000001800210a0     gdi32:GDI32.dll
 0002:000000a8       __imp_CreateSolidBrush     00000001800210a8     gdi32:GDI32.dll
 0002:000000b0       __imp_CreatePen            00000001800210b0     gdi32:GDI32.dll
 0002:000000b8       __imp_CreateFontW          00000001800210b8     gdi32:GDI32.dll
 0002:000000c0       __imp_CreateCompatibleDC   00000001800210c0     gdi32:GDI32.dll
 0002:000000c8       __imp_CreateCompatibleBitmap 00000001800210c8     gdi32:GDI32.dll
 0002:000000d0       __imp_BitBlt               00000001800210d0     gdi32:GDI32.dll
 0002:000000d8       \177GDI32_NULL_THUNK_DATA  00000001800210d8     gdi32:GDI32.dll
 0002:000000e0       __imp_GetExitCodeThread    00000001800210e0     kernel32:KERNEL32.dll
 0002:000000e8       __imp_SetEvent             00000001800210e8     kernel32:KERNEL32.dll
 0002:000000f0       __imp_WaitForMultipleObjects 00000001800210f0     kernel32:KERNEL32.dll
 0002:000000f8       __imp_Sleep                00000001800210f8     kernel32:KERNEL32.dll
 0002:00000100       __imp_FileTimeToSystemTime 0000000180021100     kernel32:KERNEL32.dll
 0002:00000108       __imp_CreateEventW         0000000180021108     kernel32:KERNEL32.dll
 0002:00000110       __imp_FreeLibrary          0000000180021110     kernel32:KERNEL32.dll
 0002:00000118       __imp_ResetEvent           0000000180021118     kernel32:KERNEL32.dll
 0002:00000120       __imp_FindClose            0000000180021120     kernel32:KERNEL32.dll
 0002:00000128       __imp_GetTickCount         0000000180021128     kernel32:KERNEL32.dll
 0002:00000130       __imp_LoadLibraryW         0000000180021130     kernel32:KERNEL32.dll
 0002:00000138       __imp_GetTempPathW         0000000180021138     kernel32:KERNEL32.dll
 0002:00000140       __imp_CreateFileW          0000000180021140     kernel32:KERNEL32.dll
 0002:00000148       __imp_FindFirstFileW       0000000180021148     kernel32:KERNEL32.dll
 0002:00000150       __imp_FindNextFileW        0000000180021150     kernel32:KERNEL32.dll
 0002:00000158       __imp_IsBadReadPtr         0000000180021158     kernel32:KERNEL32.dll
 0002:00000160       __imp_WriteConsoleW        0000000180021160     kernel32:KERNEL32.dll
 0002:00000168       __imp_SetFilePointerEx     0000000180021168     kernel32:KERNEL32.dll
 0002:00000170       __imp_GetConsoleMode       0000000180021170     kernel32:KERNEL32.dll
 0002:00000178       __imp_GetConsoleCP         0000000180021178     kernel32:KERNEL32.dll
 0002:00000180       __imp_FlushFileBuffers     0000000180021180     kernel32:KERNEL32.dll
 0002:00000188       __imp_SetStdHandle         0000000180021188     kernel32:KERNEL32.dll
 0002:00000190       __imp_GetFileType          0000000180021190     kernel32:KERNEL32.dll
 0002:00000198       __imp_GetProcessHeap       0000000180021198     kernel32:KERNEL32.dll
 0002:000001a0       __imp_LocalAlloc           00000001800211a0     kernel32:KERNEL32.dll
 0002:000001a8       __imp_FreeEnvironmentStringsW 00000001800211a8     kernel32:KERNEL32.dll
 0002:000001b0       __imp_GetEnvironmentStringsW 00000001800211b0     kernel32:KERNEL32.dll
 0002:000001b8       __imp_GetCommandLineW      00000001800211b8     kernel32:KERNEL32.dll
 0002:000001c0       __imp_GetCommandLineA      00000001800211c0     kernel32:KERNEL32.dll
 0002:000001c8       __imp_GetCPInfo            00000001800211c8     kernel32:KERNEL32.dll
 0002:000001d0       __imp_GetOEMCP             00000001800211d0     kernel32:KERNEL32.dll
 0002:000001d8       __imp_IsValidCodePage      00000001800211d8     kernel32:KERNEL32.dll
 0002:000001e0       __imp_FindNextFileA        00000001800211e0     kernel32:KERNEL32.dll
 0002:000001e8       __imp_FindFirstFileExA     00000001800211e8     kernel32:KERNEL32.dll
 0002:000001f0       __imp_LCMapStringW         00000001800211f0     kernel32:KERNEL32.dll
 0002:000001f8       __imp_GetACP               00000001800211f8     kernel32:KERNEL32.dll
 0002:00000200       __imp_GetStringTypeW       0000000180021200     kernel32:KERNEL32.dll
 0002:00000208       __imp_GetModuleFileNameA   0000000180021208     kernel32:KERNEL32.dll
 0002:00000210       __imp_GetModuleHandleExW   0000000180021210     kernel32:KERNEL32.dll
 0002:00000218       __imp_ExitProcess          0000000180021218     kernel32:KERNEL32.dll
 0002:00000220       __imp_RtlPcToFileHeader    0000000180021220     kernel32:KERNEL32.dll
 0002:00000228       __imp_LoadLibraryExW       0000000180021228     kernel32:KERNEL32.dll
 0002:00000230       __imp_TlsFree              0000000180021230     kernel32:KERNEL32.dll
 0002:00000238       __imp_TlsSetValue          0000000180021238     kernel32:KERNEL32.dll
 0002:00000240       __imp_MultiByteToWideChar  0000000180021240     kernel32:KERNEL32.dll
 0002:00000248       __imp_lstrlenA             0000000180021248     kernel32:KERNEL32.dll
 0002:00000250       __imp_lstrcpynA            0000000180021250     kernel32:KERNEL32.dll
 0002:00000258       __imp_lstrcmpW             0000000180021258     kernel32:KERNEL32.dll
 0002:00000260       __imp_Thread32Next         0000000180021260     kernel32:KERNEL32.dll
 0002:00000268       __imp_Thread32First        0000000180021268     kernel32:KERNEL32.dll
 0002:00000270       __imp_CreateToolhelp32Snapshot 0000000180021270     kernel32:KERNEL32.dll
[...]
 0004:0000147c       $pdata$__acrt_FlsFree      000000018005b47c     libucrt:winapi_thunks.obj
 0004:00001488       $pdata$__acrt_FlsGetValue  000000018005b488     libucrt:winapi_thunks.obj
 0004:00001494       $pdata$__acrt_FlsSetValue  000000018005b494     libucrt:winapi_thunks.obj
 0004:000014a0       $pdata$__acrt_InitializeCriticalSectionEx 000000018005b4a0     libucrt:winapi_thunks.obj
 0004:000014ac       $pdata$__acrt_LCMapStringEx 000000018005b4ac     libucrt:winapi_thunks.obj
 0004:000014b8       $pdata$__acrt_LocaleNameToLCID 000000018005b4b8     libucrt:winapi_thunks.obj
 0004:000014c4       $pdata$__acrt_initialize_winapi_thunks 000000018005b4c4     libucrt:winapi_thunks.obj
 0004:000014d0       $pdata$__acrt_is_packaged_app 000000018005b4d0     libucrt:winapi_thunks.obj
 0004:000014dc       $pdata$__acrt_uninitialize_winapi_thunks 000000018005b4dc     libucrt:winapi_thunks.obj
 0004:000014e8       $pdata$??$common_expand_argv_wildcards@D@@YAHQEAPEADQEAPEAPEAD@Z 000000018005b4e8     libucrt:argv_wildcards.obj
 0004:000014f4       $pdata$??$copy_and_add_argument_to_buffer@D@@YAHQEBD0_KAEAV?$argument_list@D@?A0xca0879c4@@@Z 000000018005b4f4     libucrt:argv_wildcards.obj
 0004:00001500       $pdata$??$expand_argument_wildcards@D@@YAHQEAD0AEAV?$argument_list@D@?A0xca0879c4@@@Z 000000018005b500     libucrt:argv_wildcards.obj
 0004:0000150c       $pdata$?expand_if_necessary@?$argument_list@D@?A0xca0879c4@@AEAAHXZ 000000018005b50c     libucrt:argv_wildcards.obj
 0004:00001518       $pdata$??$?RV<lambda_99476a1ad63dd22509b5d3e65b0ffc95>@@AEAV<lambda_ad1ced32f4ac17aa236e5ef05d6b3b7c>@@V<lambda_f7424dd8d45958661754dc4f2697e9c3>@@@?$__crt_seh_guarded_call@X@@QEAAX$$QEAV<lambda_99476a1ad63dd22509b5d3e65b0ffc95>@@AEAV<lambda_ad1ced32f4ac17aa236e5ef05d6b3b7c>@@$$QEAV<lambda_f7424dd8d45958661754dc4f2697e9c3>@@@Z 000000018005b518     libucrt:mbctype.obj
 0004:00001524       $pdata$??R<lambda_ad1ced32f4ac17aa236e5ef05d6b3b7c>@@QEBAXXZ 000000018005b524     libucrt:mbctype.obj
 0004:00001530       $pdata$?getSystemCP@@YAHH@Z 000000018005b530     libucrt:mbctype.obj
 0004:0000153c       $pdata$?setSBCS@@YAXPEAU__crt_multibyte_data@@@Z 000000018005b53c     libucrt:mbctype.obj
 0004:00001548       $pdata$?setSBUpLow@@YAXPEAU__crt_multibyte_data@@@Z 000000018005b548     libucrt:mbctype.obj
 0004:00001554       $pdata$?setmbcp_internal@@YAHH_N@Z 000000018005b554     libucrt:mbctype.obj
 0004:00001560       $pdata$__acrt_initialize_multibyte 000000018005b560     libucrt:mbctype.obj
 0004:0000156c       $pdata$__acrt_update_thread_multibyte_data 000000018005b56c     libucrt:mbctype.obj
 0004:00001578       $pdata$_setmbcp_nolock     000000018005b578     libucrt:mbctype.obj
 0004:00001584       $pdata$?x_ismbbtype_l@@YAHPEAU__crt_locale_pointers@@IHH@Z 000000018005b584     libucrt:ismbbyte.obj
 0004:00001590       $pdata$__acrt_initialize_command_line 000000018005b590     libucrt:argv_data.obj
 0004:0000159c       $pdata$__dcrt_get_narrow_environment_from_os 000000018005b59c     libucrt:get_environment_from_os.obj
 0004:000015a8       $pdata$_recalloc_base      000000018005b5a8     libucrt:recalloc.obj
 0004:000015b4       $pdata$__acrt_initialize_heap 000000018005b5b4     libucrt:heap_handle.obj
 0004:000015c0       $pdata$?initialize_inherited_file_handles_nolock@@YAXXZ 000000018005b5c0     libucrt:ioinit.obj
 0004:000015cc       $pdata$?initialize_stdio_handles_nolock@@YAXXZ 000000018005b5cc     libucrt:ioinit.obj
 0004:000015d8       $pdata$__acrt_initialize_lowio 000000018005b5d8     libucrt:ioinit.obj
 0004:000015e4       $pdata$__acrt_uninitialize_lowio 000000018005b5e4     libucrt:ioinit.obj
 0004:000015f0       $pdata$__acrt_execute_initializers 000000018005b5f0     libucrt:shared_initialization.obj
 0004:000015fc       $pdata$__acrt_execute_uninitializers 000000018005b5fc     libucrt:shared_initialization.obj
 0004:00001608       $pdata$_callnewh           000000018005b608     libucrt:new_handler.obj
 0004:00001614       $pdata$_query_new_handler  000000018005b614     libucrt:new_handler.obj
 0004:00001620       $pdata$??$?RV<lambda_c36588078e9f5dfd39652860aa6b3aaf>@@AEAV<lambda_ec61778202f4f5fc7e7711acc23c3bca>@@V<lambda_dc9d2797ccde5d239b4a0efae8ebd7db>@@@?$__crt_seh_guarded_call@P6AXH@Z@@QEAAP6AXH@Z$$QEAV<lambda_c36588078e9f5dfd39652860aa6b3aaf>@@AEAV<lambda_ec61778202f4f5fc7e7711acc23c3bca>@@$$QEAV<lambda_dc9d2797ccde5d239b4a0efae8ebd7db>@@@Z 000000018005b620     libucrt:signal.obj
 0004:0000162c       $pdata$__acrt_get_sigabrt_handler 000000018005b62c     libucrt:signal.obj
 0004:00001638       $pdata$raise               000000018005b638     libucrt:signal.obj
 0004:00001644       $pdata$__acrt_invoke_user_matherr 000000018005b644     libucrt:matherr.obj
 0004:00001650       $pdata$_mbtowc_l           000000018005b650     libucrt:mbtowc.obj
 0004:0000165c       $pdata$_fileno             000000018005b65c     libucrt:fileno.obj
 0004:00001668       $pdata$__acrt_initialize_stdio 000000018005b668     libucrt:_file.obj
 0004:00001674       $pdata$__acrt_uninitialize_stdio 000000018005b674     libucrt:_file.obj
 0004:00001680       $pdata$_isleadbyte_l       000000018005b680     libucrt:_wctype.obj
 0004:0000168c       $pdata$__acrt_GetStringTypeA 000000018005b68c     libucrt:getstringtypea.obj
 0004:00001698       $pdata$__acrt_free_locale  000000018005b698     libucrt:locale_refcounting.obj
 0004:000016a4       $pdata$__acrt_locale_free_lc_time_if_unreferenced 000000018005b6a4     libucrt:locale_refcounting.obj
 0004:000016b0       $pdata$__acrt_release_locale_ref 000000018005b6b0     libucrt:locale_refcounting.obj
 0004:000016bc       $pdata$__acrt_update_thread_locale_data 000000018005b6bc     libucrt:locale_refcounting.obj
 0004:000016c8       $pdata$_updatetlocinfoEx_nolock 000000018005b6c8     libucrt:locale_refcounting.obj
 0004:000016d4       $pdata$__acrt_locale_free_monetary 000000018005b6d4     libucrt:initmon.obj
 0004:000016e0       $pdata$__acrt_locale_free_numeric 000000018005b6e0     libucrt:initnum.obj
 0004:000016ec       $pdata$?free_crt_array_internal@@YAXQEAPEBX_K@Z 000000018005b6ec     libucrt:inittime.obj
 0004:000016f8       $pdata$__acrt_locale_free_time 000000018005b6f8     libucrt:inittime.obj
 0004:00001704       $pdata$?GetTableIndexFromLocaleName@@YAHPEB_W@Z 000000018005b704     libucrt:lcidtoname_downlevel.obj
 0004:00001710       $pdata$__acrt_DownlevelLocaleNameToLCID 000000018005b710     libucrt:lcidtoname_downlevel.obj
 0004:0000171c       $pdata$?shortsort@@YAXPEAD0_KP6AHPEBX2@Z@Z 000000018005b71c     libucrt:qsort.obj
 0004:00001728       $pdata$2$?shortsort@@YAXPEAD0_KP6AHPEBX2@Z@Z 000000018005b728     libucrt:qsort.obj
 0004:00001734       $pdata$3$?shortsort@@YAXPEAD0_KP6AHPEBX2@Z@Z 000000018005b734     libucrt:qsort.obj
 0004:00001740       $pdata$qsort               000000018005b740     libucrt:qsort.obj
 0004:0000174c       $pdata$4$qsort             000000018005b74c     libucrt:qsort.obj
 0004:00001758       $pdata$5$qsort             000000018005b758     libucrt:qsort.obj
 0004:00001764       $pdata$strncpy_s           000000018005b764     libucrt:strncpy_s.obj
 0004:00001770       $pdata$strpbrk             000000018005b770     libucrt:strpbrk.obj
 0004:0000177c       $pdata$_mbsdec_l           000000018005b77c     libucrt:mbsdec.obj
 0004:00001788       $pdata$?initialize_multibyte@@YAHXZ 000000018005b788     libucrt:multibyte_initializer.obj
 0004:00001794       $pdata$?__acrt_LCMapStringA_stat@@YAHPEAU__crt_locale_pointers@@PEB_WKPEBDHPEADHHH@Z 000000018005b794     libucrt:lcmapstringa.obj
 0004:000017a0       $pdata$__acrt_LCMapStringA 000000018005b7a0     libucrt:lcmapstringa.obj
 0004:000017ac       $pdata$_msize              000000018005b7ac     libucrt:msize.obj
 0004:000017b8       $pdata$_realloc_base       000000018005b7b8     libucrt:realloc_base.obj
 0004:000017c4       $pdata$__acrt_lowio_create_handle_array 000000018005b7c4     libucrt:osfinfo.obj
 0004:000017d0       $pdata$__acrt_lowio_destroy_handle_array 000000018005b7d0     libucrt:osfinfo.obj
 0004:000017dc       $pdata$__acrt_lowio_ensure_fh_exists 000000018005b7dc     libucrt:osfinfo.obj
 0004:000017e8       $pdata$_free_osfhnd        000000018005b7e8     libucrt:osfinfo.obj
 0004:000017f4       $pdata$_get_osfhandle      000000018005b7f4     libucrt:osfinfo.obj
 0004:00001800       $pdata$_isatty             000000018005b800     libucrt:isatty.obj
 0004:0000180c       $pdata$__acrt_stdio_flush_nolock 000000018005b80c     libucrt:fflush.obj
 0004:00001818       $pdata$_fflush_nolock      000000018005b818     libucrt:fflush.obj
 0004:00001824       $pdata$common_flush_all    000000018005b824     libucrt:fflush.obj
 0004:00001830       $pdata$_fcloseall          000000018005b830     libucrt:closeall.obj
 0004:0000183c       $pdata$__acrt_stdio_free_buffer_nolock 000000018005b83c     libucrt:_freebuf.obj
 0004:00001848       $pdata$??$?RV<lambda_b521505b218e5242e90febf6bfebc422>@@AEAV<lambda_6978c1fb23f02e42e1d9e99668cc68aa>@@V<lambda_314360699dd331753a4119843814e9a7>@@@?$__crt_seh_guarded_call@H@@QEAAH$$QEAV<lambda_b521505b218e5242e90febf6bfebc422>@@AEAV<lambda_6978c1fb23f02e42e1d9e99668cc68aa>@@$$QEAV<lambda_314360699dd331753a4119843814e9a7>@@@Z 000000018005b848     libucrt:commit.obj
 0004:00001854       $pdata$_commit             000000018005b854     libucrt:commit.obj
 0004:00001860       $pdata$?write_double_translated_ansi_nolock@@YA?AUwrite_result@?A0x9c548279@@HQEBDI@Z 000000018005b860     libucrt:write.obj
 0004:0000186c       $pdata$?write_text_ansi_nolock@@YA?AUwrite_result@?A0x9c548279@@HQEBDI@Z 000000018005b86c     libucrt:write.obj
 0004:00001878       $pdata$?write_text_utf16le_nolock@@YA?AUwrite_result@?A0x9c548279@@HQEBDI@Z 000000018005b878     libucrt:write.obj
 0004:00001884       $pdata$?write_text_utf8_nolock@@YA?AUwrite_result@?A0x9c548279@@HQEBDI@Z 000000018005b884     libucrt:write.obj
 0004:00001890       $pdata$_write              000000018005b890     libucrt:write.obj
 0004:0000189c       $pdata$_write_nolock       000000018005b89c     libucrt:write.obj
 0004:000018b4       $pdata$??$common_lseek_nolock@_J@@YA_JH_JH@Z 000000018005b8b4     libucrt:lseek.obj
 0004:000018c0       $pdata$_fclose_nolock      000000018005b8c0     libucrt:fclose.obj
 0004:000018cc       $pdata$fclose              000000018005b8cc     libucrt:fclose.obj
 0004:000018d8       $pdata$_putwch_nolock      000000018005b8d8     libucrt:putwch.obj
 0004:000018e4       $pdata$_call_matherr       000000018005b8e4     libucrt:libm_error.obj
 0004:000018f0       $pdata$_exception_enabled  000000018005b8f0     libucrt:libm_error.obj
 0004:000018fc       $pdata$_handle_error       000000018005b8fc     libucrt:libm_error.obj
 0004:00001908       $pdata$__acrt_initialize_fma3 000000018005b908     libucrt:fma3_available.obj
 0004:00001914       $pdata$_log10_special      000000018005b914     libucrt:log_special.obj
 0004:00001920       $pdata$_log_special_common 000000018005b920     libucrt:log_special.obj
 0004:0000192c       $pdata$??$?RV<lambda_bfedae4ebbf01fab1bb6dcc6a9e276e0>@@AEAV<lambda_2fe9b910cf3cbf4a0ab98a02ba45b3ec>@@V<lambda_237c231691f317818eb88cc1d5d642d6>@@@?$__crt_seh_guarded_call@H@@QEAAH$$QEAV<lambda_bfedae4ebbf01fab1bb6dcc6a9e276e0>@@AEAV<lambda_2fe9b910cf3cbf4a0ab98a02ba45b3ec>@@$$QEAV<lambda_237c231691f317818eb88cc1d5d642d6>@@@Z 000000018005b92c     libucrt:close.obj
 0004:00001938       $pdata$_close              000000018005b938     libucrt:close.obj
 0004:00001944       $pdata$_close_nolock       000000018005b944     libucrt:close.obj
 0004:00001950       $pdata$__dcrt_lowio_initialize_console_output 000000018005b950     libucrt:initcon.obj
 0004:0000195c       $pdata$__dcrt_terminate_console_output 000000018005b95c     libucrt:initcon.obj
 0004:00001974       $pdata$_raise_exc          000000018005b974     libucrt:fpexcept.obj
 0004:00001980       $pdata$_raise_exc_ex       000000018005b980     libucrt:fpexcept.obj
 0004:0000198c       $pdata$_set_errno_from_matherr 000000018005b98c     libucrt:fpexcept.obj
 0004:00001998       $pdata$_clrfp              000000018005b998     libucrt:fpctrl.obj
 0004:000019a4       $pdata$_ctrlfp             000000018005b9a4     libucrt:fpctrl.obj
 0004:000019b0       $pdata$_set_statfp         000000018005b9b0     libucrt:fpctrl.obj
 0004:000019bc       $pdata$_statfp             000000018005b9bc     libucrt:fpctrl.obj
 0004:000019c8       $pdata$_IsNonwritableInCurrentImage 000000018005b9c8     LIBCMT:pesect.obj
 0004:00001a1c       $pdata$?dtor$0@?0??CheckVarsInitialized@@YAXXZ@4HA 000000018005ba1c     ConEmuTh.obj
 0004:00001a28       $pdata$?dtor$1@?0??CheckVarsInitialized@@YAXXZ@4HA 000000018005ba28     ConEmuTh.obj
 0004:00001a34       $pdata$?dtor$2@?0??CheckVarsInitialized@@YAXXZ@4HA 000000018005ba34     ConEmuTh.obj
 0004:00001a40       $pdata$?dtor$0@?0??StartPlugin@@YAXH@Z@4HA 000000018005ba40     ConEmuTh.obj
 0004:00001a4c       $pdata$?dtor$0@?0???0?$CQueueProcessor@PEAUIMAGE_CACHE_INFO@@@@QEAA@XZ@4HA 000000018005ba4c     ImgCache.obj
 0004:00001a58       $pdata$?dtor$0@?0??RequestItem@CImgCache@@QEAAHPEAUCePluginPanelItem@@I@Z@4HA 000000018005ba58     ImgCache.obj
 0004:00001a64       $pdata$?fin$0@?0??dllmain_crt_process_attach@@YAHQEAUHINSTANCE__@@QEAX@Z@4HA 000000018005ba64     LIBCMT:dll_dllmain.obj
 0004:00001a70       $pdata$?fin$0@?0??dllmain_crt_process_detach@@YAH_N@Z@4HA 000000018005ba70     LIBCMT:dll_dllmain.obj
 0004:00001a7c       $pdata$?filt$0@?0??dllmain_dispatch@@YAHQEAUHINSTANCE__@@KQEAX@Z@4HA 000000018005ba7c     LIBCMT:dll_dllmain.obj
 0004:00001a88       $pdata$__scrt_is_nonwritable_in_current_image$filt$0 000000018005ba88     LIBCMT:utility.obj
 0004:00001a94       $pdata$_CallSETranslator$filt$0 000000018005ba94     libvcruntime:risctrnsctrl.obj
 0004:00001aa0       $pdata$__CxxCallCatchBlock$filt$0 000000018005baa0     libvcruntime:frame.obj
 0004:00001aac       $pdata$__CxxCallCatchBlock$fin$1 000000018005baac     libvcruntime:frame.obj
 0004:00001ab8       $pdata$__FrameUnwindToState$filt$0 000000018005bab8     libvcruntime:frame.obj
 0004:00001ac4       $pdata$__FrameUnwindToState$fin$1 000000018005bac4     libvcruntime:frame.obj
 0004:00001ad0       $pdata$__DestructExceptionObject$filt$0 000000018005bad0     libvcruntime:ehhelpers.obj
 0004:00001adc       $pdata$?filt$0@?0??common_exit@@YAXHW4_crt_exit_cleanup_mode@@W4_crt_exit_return_mode@@@Z@4HA 000000018005badc     libucrt:exit.obj
 0004:00001ae8       $pdata$?fin$1@?0??common_exit@@YAXHW4_crt_exit_cleanup_mode@@W4_crt_exit_return_mode@@@Z@4HA 000000018005bae8     libucrt:exit.obj
 0004:00001af4       $pdata$?fin$0@?0???$?RV<lambda_e24bbb7b643b32fcea6fa61b31d4c984>@@AEAV<lambda_275893d493268fdec8709772e3fcec0e>@@V<lambda_9d71df4d7cf3f480f8d633942495c3b0>@@@?$__crt_seh_guarded_call@H@@QEAAH$$QEAV<lambda_e24bbb7b643b32fcea6fa61b31d4c984>@@AEAV<lambda_275893d493268fdec8709772e3fcec0e>@@$$QEAV<lambda_9d71df4d7cf3f480f8d633942495c3b0>@@@Z@4HA 000000018005baf4     libucrt:onexit.obj
 0004:00001b00       $pdata$__acrt_update_thread_locale_data$fin$0 000000018005bb00     libucrt:locale_refcounting.obj
 0004:00001b00       $pdata$__acrt_uninitialize_locale$fin$0 000000018005bb00     libucrt:wsetlocale.obj
 0004:00001b0c       $pdata$?fin$0@?0???$?RV<lambda_72d1df2b273a38828b1ce30cbf4cdab5>@@AEAV<lambda_876a65b173b8412d3a47c70a915b0cf4>@@V<lambda_41932305e351933ebe8f8be3ed8bb5dc>@@@?$__crt_seh_guarded_call@X@@QEAAX$$QEAV<lambda_72d1df2b273a38828b1ce30cbf4cdab5>@@AEAV<lambda_876a65b173b8412d3a47c70a915b0cf4>@@$$QEAV<lambda_41932305e351933ebe8f8be3ed8bb5dc>@@@Z@4HA 000000018005bb0c     libucrt:per_thread_data.obj
 0004:00001b0c       $pdata$?fin$0@?0???$?RV<lambda_99476a1ad63dd22509b5d3e65b0ffc95>@@AEAV<lambda_ad1ced32f4ac17aa236e5ef05d6b3b7c>@@V<lambda_f7424dd8d45958661754dc4f2697e9c3>@@@?$__crt_seh_guarded_call@X@@QEAAX$$QEAV<lambda_99476a1ad63dd22509b5d3e65b0ffc95>@@AEAV<lambda_ad1ced32f4ac17aa236e5ef05d6b3b7c>@@$$QEAV<lambda_f7424dd8d45958661754dc4f2697e9c3>@@@Z@4HA 000000018005bb0c     libucrt:mbctype.obj
 0004:00001b0c       $pdata$?fin$0@?0???$?RV<lambda_5e887d1dcbef67a5eb4283622ba103bf>@@AEAV<lambda_4466841279450cc726390878d4a41900>@@V<lambda_341c25c0346d94847f1f3c463c57e077>@@@?$__crt_seh_guarded_call@X@@QEAAX$$QEAV<lambda_5e887d1dcbef67a5eb4283622ba103bf>@@AEAV<lambda_4466841279450cc726390878d4a41900>@@$$QEAV<lambda_341c25c0346d94847f1f3c463c57e077>@@@Z@4HA 000000018005bb0c     libucrt:per_thread_data.obj
 0004:00001b0c       $pdata$?fin$0@?0???$?RV<lambda_fb3a7dec4e47f37f22dae91bb15c9095>@@AEAV<lambda_698284760c8add0bfb0756c19673e34b>@@V<lambda_dfb8eca1e75fef3034a8fb18dd509707>@@@?$__crt_seh_guarded_call@X@@QEAAX$$QEAV<lambda_fb3a7dec4e47f37f22dae91bb15c9095>@@AEAV<lambda_698284760c8add0bfb0756c19673e34b>@@$$QEAV<lambda_dfb8eca1e75fef3034a8fb18dd509707>@@@Z@4HA 000000018005bb0c     libucrt:per_thread_data.obj
 0004:00001b0c       $pdata$?fin$0@?0???$?RV<lambda_46352004c1216016012b18bd6f87e700>@@AEAV<lambda_3bd07e1a1191394380780325891bf33f>@@V<lambda_334532d3f185bcaa59b5be82d7d22bff>@@@?$__crt_seh_guarded_call@X@@QEAAX$$QEAV<lambda_46352004c1216016012b18bd6f87e700>@@AEAV<lambda_3bd07e1a1191394380780325891bf33f>@@$$QEAV<lambda_334532d3f185bcaa59b5be82d7d22bff>@@@Z@4HA 000000018005bb0c     libucrt:per_thread_data.obj
 0004:00001b0c       $pdata$?fin$0@?0???$?RV<lambda_c36588078e9f5dfd39652860aa6b3aaf>@@AEAV<lambda_ec61778202f4f5fc7e7711acc23c3bca>@@V<lambda_dc9d2797ccde5d239b4a0efae8ebd7db>@@@?$__crt_seh_guarded_call@P6AXH@Z@@QEAAP6AXH@Z$$QEAV<lambda_c36588078e9f5dfd39652860aa6b3aaf>@@AEAV<lambda_ec61778202f4f5fc7e7711acc23c3bca>@@$$QEAV<lambda_dc9d2797ccde5d239b4a0efae8ebd7db>@@@Z@4HA 000000018005bb0c     libucrt:signal.obj
 0004:00001b18       $pdata$__acrt_update_thread_multibyte_data$fin$0 000000018005bb18     libucrt:mbctype.obj
 0004:00001b24       $pdata$__acrt_initialize_lowio$fin$0 000000018005bb24     libucrt:ioinit.obj
 0004:00001b24       $pdata$__acrt_lowio_ensure_fh_exists$fin$0 000000018005bb24     libucrt:osfinfo.obj
 0004:00001b30       $pdata$_query_new_handler$fin$0 000000018005bb30     libucrt:new_handler.obj
 0004:00001b3c       $pdata$raise$fin$0         000000018005bb3c     libucrt:signal.obj
 0004:00001b48       $pdata$common_flush_all$fin$0 000000018005bb48     libucrt:fflush.obj
 0004:00001b54       $pdata$common_flush_all$fin$1 000000018005bb54     libucrt:fflush.obj
 0004:00001b60       $pdata$_fcloseall$fin$0    000000018005bb60     libucrt:closeall.obj
 0004:00001b6c       $pdata$?fin$0@?0???$?RV<lambda_b521505b218e5242e90febf6bfebc422>@@AEAV<lambda_6978c1fb23f02e42e1d9e99668cc68aa>@@V<lambda_314360699dd331753a4119843814e9a7>@@@?$__crt_seh_guarded_call@H@@QEAAH$$QEAV<lambda_b521505b218e5242e90febf6bfebc422>@@AEAV<lambda_6978c1fb23f02e42e1d9e99668cc68aa>@@$$QEAV<lambda_314360699dd331753a4119843814e9a7>@@@Z@4HA 000000018005bb6c     libucrt:commit.obj
 0004:00001b6c       $pdata$?fin$0@?0???$?RV<lambda_bfedae4ebbf01fab1bb6dcc6a9e276e0>@@AEAV<lambda_2fe9b910cf3cbf4a0ab98a02ba45b3ec>@@V<lambda_237c231691f317818eb88cc1d5d642d6>@@@?$__crt_seh_guarded_call@H@@QEAAH$$QEAV<lambda_bfedae4ebbf01fab1bb6dcc6a9e276e0>@@AEAV<lambda_2fe9b910cf3cbf4a0ab98a02ba45b3ec>@@$$QEAV<lambda_237c231691f317818eb88cc1d5d642d6>@@@Z@4HA 000000018005bb6c     libucrt:close.obj
 0004:00001b78       $pdata$_write$fin$0        000000018005bb78     libucrt:write.obj
 0004:00001b84       $pdata$fclose$fin$0        000000018005bb84     libucrt:fclose.obj
 0004:00001b90       $pdata$_ctrlfp$filt$0      000000018005bb90     libucrt:fpctrl.obj
 0004:00001b9c       $pdata$_IsNonwritableInCurrentImage$filt$0 000000018005bb9c     LIBCMT:pesect.obj
 0005:00000130       $R000000                   000000018005c130     ConEmuTh.res
 0005:00000448       $R000318                   000000018005c448     ConEmuTh.res
 0005:000014f0       $R0013C0                   000000018005d4f0     ConEmuTh.res
 0005:00001508       $R0013D8                   000000018005d508     ConEmuTh.res
